###############################################################################
#
# IAR ELF Linker V7.30.1.7746/W32 for ARM                 05/Nov/2014  13:05:36
# Copyright 2007-2014 IAR Systems AB.
#
#    Output file  =  
#        D:\github\MICO\Build\COM.MXCHIP.HA\Output\EMW3162\COM.MXCHIP.HA.out
#    Map file     =  
#        D:\github\MICO\Build\COM.MXCHIP.HA\EMW3162\list\COM.MXCHIP.HA.map
#    Command line =  
#        D:\github\MICO\Build\COM.MXCHIP.HA\EMW3162\obj\AESUtils.o
#        D:\github\MICO\Build\COM.MXCHIP.HA\EMW3162\obj\arraylist.o
#        D:\github\MICO\Build\COM.MXCHIP.HA\EMW3162\obj\crt0_IAR.o
#        D:\github\MICO\Build\COM.MXCHIP.HA\EMW3162\obj\curve25519-donna.o
#        D:\github\MICO\Build\COM.MXCHIP.HA\EMW3162\obj\EasyLink.o
#        D:\github\MICO\Build\COM.MXCHIP.HA\EMW3162\obj\gpio_irq.o
#        D:\github\MICO\Build\COM.MXCHIP.HA\EMW3162\obj\HaProtocol.o
#        D:\github\MICO\Build\COM.MXCHIP.HA\EMW3162\obj\hardfault.o
#        D:\github\MICO\Build\COM.MXCHIP.HA\EMW3162\obj\HTTPUtils.o
#        D:\github\MICO\Build\COM.MXCHIP.HA\EMW3162\obj\json_object.o
#        D:\github\MICO\Build\COM.MXCHIP.HA\EMW3162\obj\json_tokener.o
#        D:\github\MICO\Build\COM.MXCHIP.HA\EMW3162\obj\json_util.o
#        D:\github\MICO\Build\COM.MXCHIP.HA\EMW3162\obj\linkhash.o
#        D:\github\MICO\Build\COM.MXCHIP.HA\EMW3162\obj\LocalTcpServer.o
#        D:\github\MICO\Build\COM.MXCHIP.HA\EMW3162\obj\MDNSUtils.o
#        D:\github\MICO\MICO\WAC\MFi_WAC_CM3_Debug.a
#        D:\github\MICO\Build\COM.MXCHIP.HA\EMW3162\obj\MICO_EVB_1.o
#        D:\github\MICO\Build\COM.MXCHIP.HA\EMW3162\obj\MICOAppEntrance.o
#        D:\github\MICO\Build\COM.MXCHIP.HA\EMW3162\obj\MICOBonjour.o
#        D:\github\MICO\Build\COM.MXCHIP.HA\EMW3162\obj\MICOConfig.o
#        D:\github\MICO\Build\COM.MXCHIP.HA\EMW3162\obj\MICOConfigDelegate.o
#        D:\github\MICO\Build\COM.MXCHIP.HA\EMW3162\obj\MICOConfigMenu.o
#        D:\github\MICO\Build\COM.MXCHIP.HA\EMW3162\obj\MICOConfigServer.o
#        D:\github\MICO\Build\COM.MXCHIP.HA\EMW3162\obj\MicoDriverAdc.o
#        D:\github\MICO\Build\COM.MXCHIP.HA\EMW3162\obj\MicoDriverFlash.o
#        D:\github\MICO\Build\COM.MXCHIP.HA\EMW3162\obj\MicoDriverGpio.o
#        D:\github\MICO\Build\COM.MXCHIP.HA\EMW3162\obj\MicoDriverI2c.o
#        D:\github\MICO\Build\COM.MXCHIP.HA\EMW3162\obj\MicoDriverPwm.o
#        D:\github\MICO\Build\COM.MXCHIP.HA\EMW3162\obj\MicoDriverRng.o
#        D:\github\MICO\Build\COM.MXCHIP.HA\EMW3162\obj\MicoDriverRtc.o
#        D:\github\MICO\Build\COM.MXCHIP.HA\EMW3162\obj\MicoDriverSpi.o
#        D:\github\MICO\Build\COM.MXCHIP.HA\EMW3162\obj\MicoDriverUart.o
#        D:\github\MICO\Build\COM.MXCHIP.HA\EMW3162\obj\MicoDriverWdg.o
#        D:\github\MICO\Build\COM.MXCHIP.HA\EMW3162\obj\MICOEntrance.o
#        D:\github\MICO\Build\COM.MXCHIP.HA\EMW3162\obj\MICONotificationCenter.o
#        D:\github\MICO\Build\COM.MXCHIP.HA\EMW3162\obj\MICONTPClient.o
#        D:\github\MICO\Build\COM.MXCHIP.HA\EMW3162\obj\MICOParaStorage.o
#        D:\github\MICO\Build\COM.MXCHIP.HA\EMW3162\obj\MICOSystemMonitor.o
#        D:\github\MICO\Build\COM.MXCHIP.HA\EMW3162\obj\misc.o
#        D:\github\MICO\Library\mxchipWNet_cm3_sdio.a
#        D:\github\MICO\Build\COM.MXCHIP.HA\EMW3162\obj\platform.o
#        D:\github\MICO\Build\COM.MXCHIP.HA\EMW3162\obj\printbuf.o
#        D:\github\MICO\Build\COM.MXCHIP.HA\EMW3162\obj\read_wifi_firmware.o
#        D:\github\MICO\Build\COM.MXCHIP.HA\EMW3162\obj\RemoteTcpClient.o
#        D:\github\MICO\Build\COM.MXCHIP.HA\EMW3162\obj\RingBufferUtils.o
#        D:\github\MICO\Build\COM.MXCHIP.HA\EMW3162\obj\rtc.o
#        D:\github\MICO\Build\COM.MXCHIP.HA\EMW3162\obj\SecurityUtils.o
#        D:\github\MICO\Build\COM.MXCHIP.HA\EMW3162\obj\SHAUtils.o
#        D:\github\MICO\Build\COM.MXCHIP.HA\EMW3162\obj\SocketUtils.o
#        D:\github\MICO\Build\COM.MXCHIP.HA\EMW3162\obj\spi_flash.o
#        D:\github\MICO\Build\COM.MXCHIP.HA\EMW3162\obj\startup_stm32f2xx_IAR.o
#        D:\github\MICO\Build\COM.MXCHIP.HA\EMW3162\obj\stdio_IAR.o
#        D:\github\MICO\Build\COM.MXCHIP.HA\EMW3162\obj\stm32f2xx_adc.o
#        D:\github\MICO\Build\COM.MXCHIP.HA\EMW3162\obj\stm32f2xx_can.o
#        D:\github\MICO\Build\COM.MXCHIP.HA\EMW3162\obj\stm32f2xx_crc.o
#        D:\github\MICO\Build\COM.MXCHIP.HA\EMW3162\obj\stm32f2xx_cryp.o
#        D:\github\MICO\Build\COM.MXCHIP.HA\EMW3162\obj\stm32f2xx_cryp_aes.o
#        D:\github\MICO\Build\COM.MXCHIP.HA\EMW3162\obj\stm32f2xx_cryp_des.o
#        D:\github\MICO\Build\COM.MXCHIP.HA\EMW3162\obj\stm32f2xx_cryp_tdes.o
#        D:\github\MICO\Build\COM.MXCHIP.HA\EMW3162\obj\stm32f2xx_dac.o
#        D:\github\MICO\Build\COM.MXCHIP.HA\EMW3162\obj\stm32f2xx_dbgmcu.o
#        D:\github\MICO\Build\COM.MXCHIP.HA\EMW3162\obj\stm32f2xx_dcmi.o
#        D:\github\MICO\Build\COM.MXCHIP.HA\EMW3162\obj\stm32f2xx_dma.o
#        D:\github\MICO\Build\COM.MXCHIP.HA\EMW3162\obj\stm32f2xx_exti.o
#        D:\github\MICO\Build\COM.MXCHIP.HA\EMW3162\obj\stm32f2xx_flash.o
#        D:\github\MICO\Build\COM.MXCHIP.HA\EMW3162\obj\stm32f2xx_fsmc.o
#        D:\github\MICO\Build\COM.MXCHIP.HA\EMW3162\obj\stm32f2xx_gpio.o
#        D:\github\MICO\Build\COM.MXCHIP.HA\EMW3162\obj\stm32f2xx_hash.o
#        D:\github\MICO\Build\COM.MXCHIP.HA\EMW3162\obj\stm32f2xx_hash_md5.o
#        D:\github\MICO\Build\COM.MXCHIP.HA\EMW3162\obj\stm32f2xx_hash_sha1.o
#        D:\github\MICO\Build\COM.MXCHIP.HA\EMW3162\obj\stm32f2xx_i2c.o
#        D:\github\MICO\Build\COM.MXCHIP.HA\EMW3162\obj\stm32f2xx_iwdg.o
#        D:\github\MICO\Build\COM.MXCHIP.HA\EMW3162\obj\stm32f2xx_platform.o
#        D:\github\MICO\Build\COM.MXCHIP.HA\EMW3162\obj\stm32f2xx_pwr.o
#        D:\github\MICO\Build\COM.MXCHIP.HA\EMW3162\obj\stm32f2xx_rcc.o
#        D:\github\MICO\Build\COM.MXCHIP.HA\EMW3162\obj\stm32f2xx_rng.o
#        D:\github\MICO\Build\COM.MXCHIP.HA\EMW3162\obj\stm32f2xx_rtc.o
#        D:\github\MICO\Build\COM.MXCHIP.HA\EMW3162\obj\stm32f2xx_sdio.o
#        D:\github\MICO\Build\COM.MXCHIP.HA\EMW3162\obj\stm32f2xx_spi.o
#        D:\github\MICO\Build\COM.MXCHIP.HA\EMW3162\obj\stm32f2xx_syscfg.o
#        D:\github\MICO\Build\COM.MXCHIP.HA\EMW3162\obj\stm32f2xx_tim.o
#        D:\github\MICO\Build\COM.MXCHIP.HA\EMW3162\obj\stm32f2xx_usart.o
#        D:\github\MICO\Build\COM.MXCHIP.HA\EMW3162\obj\stm32f2xx_wwdg.o
#        D:\github\MICO\Build\COM.MXCHIP.HA\EMW3162\obj\StringUtils.o
#        D:\github\MICO\Build\COM.MXCHIP.HA\EMW3162\obj\system_stm32f2xx.o
#        D:\github\MICO\Build\COM.MXCHIP.HA\EMW3162\obj\TimeUtils.o
#        D:\github\MICO\Build\COM.MXCHIP.HA\EMW3162\obj\TLVUtils.o
#        D:\github\MICO\Build\COM.MXCHIP.HA\EMW3162\obj\UartRecv.o
#        D:\github\MICO\Build\COM.MXCHIP.HA\EMW3162\obj\URLUtils.o
#        D:\github\MICO\Build\COM.MXCHIP.HA\EMW3162\obj\wlan_bus.o
#        D:\github\MICO\Build\COM.MXCHIP.HA\EMW3162\obj\wlan_platform.o
#        D:\github\MICO\Build\COM.MXCHIP.HA\EMW3162\obj\WPS.o --redirect
#        _Printf=_PrintfFull --redirect _Scanf=_ScanfFull -o
#        D:\github\MICO\Build\COM.MXCHIP.HA\Output\EMW3162\COM.MXCHIP.HA.out
#        --map
#        D:\github\MICO\Build\COM.MXCHIP.HA\EMW3162\list\COM.MXCHIP.HA.map
#        --config
#        D:\github\MICO\Projects\COM.MXCHIP.HA\EWARM\..\..\..\Platform\EMW3162\micoLinkerForIAR.icf
#        --semihosting --entry __iar_program_start --vfe --threaded_lib
#
###############################################################################

*******************************************************************************
*** RUNTIME MODEL ATTRIBUTES
***

CppFlavor                     = *
__Heap_Handler                = DLMalloc
__SystemLibrary               = DLib
__dlib_dynamic_initialization = normal


*******************************************************************************
*** PLACEMENT SUMMARY
***

"A1":  place at 0x0800c000 { ro section .intvec };
"P1":  place in [from 0x0800c000 to 0x080fffff] { ro };
"P2":  place in [from 0x20000000 to 0x2001ffff] { rw, block CSTACK, block HEAP };

  Section              Kind        Address     Size  Object
  -------              ----        -------     ----  ------
"A1":                                         0x184
  .intvec                       0x0800c000    0x184  <Block>
    .intvec            ro code  0x0800c000    0x184  startup_stm32f2xx_IAR.o [1]
                              - 0x0800c184    0x184

"P1":                                       0x2e4bb
  .text                ro code  0x0800c184   0x2534  dlmalloc.o [5]
  .text                ro code  0x0800e6b8      0x6  abort.o [3]
  .text                ro code  0x0800e6be     0x22  zero_init3.o [6]
  .text                ro code  0x0800e6e0      0x6  ABImemclr4.o [6]
  .text                ro code  0x0800e6e6     0x20  xsyslock.o [3]
  .text                ro code  0x0800e706     0x1e  xsscin.o [3]
  .text                ro code  0x0800e724     0x76  ABImemcpy_unaligned.o [6]
  .text                ro code  0x0800e79a     0x1a  xsnprout.o [3]
  .text                ro code  0x0800e7b4     0x2c  xgetmemchunk.o [3]
  .text                ro code  0x0800e7e0     0x14  memset.o [3]
  .text                ro code  0x0800e7f4      0xc  memcpy.o [3]
  .text                ro code  0x0800e800     0x14  exit.o [7]
  .text                ro code  0x0800e814     0x3a  ABImemset48.o [6]
  .text                ro code  0x0800e84e      0xa  xsprout.o [3]
  .text                ro code  0x0800e858    0x15c  xsyslock_mtx.o [3]
  .text                ro code  0x0800e9b4     0x66  ABImemset.o [6]
  .text                ro code  0x0800ea1c     0x30  iarttio.o [7]
  .text                ro code  0x0800ea4c     0x28  iar_mutex.o [5]
  .text                ro code  0x0800ea74      0x8  XShttio.o [3]
  .text                ro code  0x0800ea7c    0xa30  tasks.o [5]
  .text                ro code  0x0800f4ac     0xd0  port.o [5]
  .text                ro code  0x0800f57c     0x9a  list.o [5]
  .text                ro code  0x0800f618    0x370  ostimers.o [5]
  .text                ro code  0x0800f988    0x130  wwd_rtos.o [5]
  .text                ro code  0x0800fab8     0x62  memcmp_unaligned.o [6]
  .text                ro code  0x0800fb1c    0x45c  stm32f2xx_platform.o [1]
  .text                ro code  0x0800ff78     0x6c  strncpy_unaligned.o [6]
  .text                ro code  0x0800ffe4     0x38  heap_3.o [5]
  CODE                 ro code  0x0801001c     0x8c  portasm.o [5]
  .text                ro code  0x080100a8    0x4ee  queue.o [5]
  .text                ro code  0x08010598    0x3e0  MICONotificationCenter.o [1]
  .text                ro code  0x08010978    0x240  stm32f2xx_rcc.o [1]
  .text                ro code  0x08010bb8    0x282  stm32f2xx_flash.o [1]
  .text                ro code  0x08010e3c     0x94  misc.o [1]
  .text                ro code  0x08010ed0     0x68  stm32f2xx_pwr.o [1]
  .text                ro code  0x08010f38    0x6a2  wiced_rtos.o [5]
  .text                ro code  0x080115da     0x5e  RingBufferUtils.o [1]
  .text                ro code  0x08011638    0x754  MicoDriverUart.o [1]
  .text                ro code  0x08011d8c     0xc4  wlan_platform.o [1]
  .text                ro code  0x08011e50    0x1cc  MicoDriverRtc.o [1]
  .text                ro code  0x0801201c    0x5c2  stm32f2xx_rtc.o [1]
  .text                ro code  0x080125e0     0x78  stm32f2xx_exti.o [1]
  .text                ro code  0x08012658    0x560  rtc.o [1]
  .text                ro code  0x08012bb8     0x18  strrchr.o [3]
  .text                ro code  0x08012bd0    0x790  mxchipWNET.o [5]
  .text                ro code  0x08013360     0x24  printf.o [3]
  .text                ro code  0x08013384    0x294  platform.o [1]
  .text                ro code  0x08013618   0x1114  MICOEntrance.o [1]
  .text                ro code  0x0801472c     0xb8  stm32f2xx_gpio.o [1]
  .text                ro code  0x080147e4    0x100  stm32f2xx_usart.o [1]
  .text                ro code  0x080148e4    0x1c8  stm32f2xx_dma.o [1]
  .text                ro code  0x08014aac    0x30a  gpio_irq.o [1]
  .text                ro code  0x08014db8    0x1e4  MicoDriverGpio.o [1]
  .text                ro code  0x08014f9c     0x1e  I32ToFlt.o [4]
  .text                ro code  0x08014fbc     0xd8  FltMul.o [4]
  .text                ro code  0x08015094     0x24  FltToU32.o [4]
  .text                ro code  0x080150b8    0x46c  wifi.o [5]
  .text                ro code  0x08015524   0x1308  wifimgr.o [5]
  .text                ro code  0x0801682c     0x34  sprintf.o [3]
  .text                ro code  0x08016860    0x624  tcpip.o [5]
  .text                ro code  0x08016e84     0x68  dnsclient.o [5]
  .text                ro code  0x08016eec     0x20  srand.o [3]
  .text                ro code  0x08016f0c    0xdfc  tcp.o [5]
  .text                ro code  0x08017d08   0x13e0  wwd_wifi.o [5]
  .text                ro code  0x080190e8    0x7dc  easylink.o [5]
  .text                ro code  0x080198c4    0x728  easylink2.o [5]
  .text                ro code  0x08019fec    0x25a  ip_addr.o [5]
  .text                ro code  0x0801a246     0x36  def.o [5]
  .text                ro code  0x0801a27c   0x1388  sockets.o [5]
  .text                ro code  0x0801b604     0x42  strcmp_unaligned.o [6]
  .text                ro code  0x0801b648    0x618  dns.o [5]
  .text                ro code  0x0801bc60     0x44  strcpy_unaligned.o [6]
  .text                ro code  0x0801bca4    0x23c  wwd_management.o [5]
  .text                ro code  0x0801bee0     0x36  strlen.o [6]
  .text                ro code  0x0801bf18   0x1150  xprintffull.o [3]
  .text                ro code  0x0801d068     0x44  snprintf.o [3]
  .text                ro code  0x0801d0ac    0x398  MICOParaStorage.o [1]
  .text                ro code  0x0801d444     0x2a  strncmp.o [3]
  .text                ro code  0x0801d470    0x198  MICOSystemMonitor.o [1]
  .text                ro code  0x0801d608    0x3a8  mftest.o [5]
  .text                ro code  0x0801d9b0     0x2c  asctime.o [3]
  .text                ro code  0x0801d9dc    0x9c8  StringUtils.o [1]
  .text                ro code  0x0801e3a4   0x1be8  EasyLink.o [1]
  .text                ro code  0x0801ff8c    0xcc8  MICOConfigServer.o [1]
  .text                ro code  0x08020c54    0x4e8  MICONTPClient.o [1]
  .text                ro code  0x0802113c    0x3fc  MICOAppEntrance.o [1]
  .text                ro code  0x08021538     0x28  stm32f2xx_syscfg.o [1]
  .text                ro code  0x08021560    0x3f8  wiced_network.o [5]
  .text                ro code  0x08021958    0xad0  SDPCM.o [5]
  .text                ro code  0x08022428    0x1f0  dns_redirect.o [5]
  .text                ro code  0x08022618    0x43a  wwd_ap.o [5]
  .text                ro code  0x08022a54    0x4d8  ip.o [5]
  .text                ro code  0x08022f2c    0x8b0  etharp.o [5]
  .text                ro code  0x080237dc    0x18c  wiced_ping.o [5]
  .text                ro code  0x08023968    0x5e4  api_lib.o [5]
  .text                ro code  0x08023f4c      0xc  mxchipbesl.o [5]
  .text                ro code  0x08023f58     0xd6  netbuf.o [5]
  .text                ro code  0x0802402e    0x4d8  pbuf.o [5]
  .text                ro code  0x08024506      0x2  xtls.o [3]
  .text                ro code  0x08024508    0xcbc  tcp_out.o [5]
  .text                ro code  0x080251c4    0x338  lwiptimers.o [5]
  .text                ro code  0x080254fc     0xc0  memp.o [5]
  .text                ro code  0x080255bc     0xe0  rand.o [3]
  .text                ro code  0x0802569c     0x98  wwd_buffer.o [5]
  .text                ro code  0x08025734    0x2a0  sys_arch.o [5]
  .text                ro code  0x080259d4    0x27c  lwiptcpip.o [5]
  .text                ro code  0x08025c50    0x574  igmp.o [5]
  .text                ro code  0x080261c4    0x624  udp.o [5]
  .text                ro code  0x080267e8    0x8d4  wlan_bus.o [1]
  .text                ro code  0x080270bc    0x9bc  wwd_bus_protocol.o [5]
  .text                ro code  0x08027a78    0x1b0  wwd_thread.o [5]
  .text                ro code  0x08027c28     0x20  xmbtowc.o [3]
  .text                ro code  0x08027c48     0x16  strchr.o [6]
  .text                ro code  0x08027c60     0x58  memchr.o [6]
  .text                ro code  0x08027cb8      0xa  xmbcurmax.o [3]
  .text                ro code  0x08027cc2     0x1a  xwctomb.o [3]
  .text                ro code  0x08027cdc     0xee  I64DivMod.o [6]
  .text                ro code  0x08027dca     0x42  xdnorm.o [4]
  .text                ro code  0x08027e0c     0x2e  DblCmpLe.o [4]
  .text                ro code  0x08027e3c     0x2e  DblCmpGe.o [4]
  .text                ro code  0x08027e6c    0x10c  xdscale.o [4]
  .text                ro code  0x08027f78     0x58  DblToI32.o [4]
  .text                ro code  0x08027fd0     0x30  I32ToDbl.o [4]
  .text                ro code  0x08028000    0x180  DblSub.o [4]
  .text                ro code  0x08028180    0x1a2  DblMul.o [4]
  .text                ro code  0x08028324    0x246  DblDiv.o [4]
  .text                ro code  0x0802856c     0x6c  localeconv.o [3]
  .text                ro code  0x080285d8      0xe  div.o [3]
  .text                ro code  0x080285e8    0x520  MicoDriverFlash.o [1]
  .text                ro code  0x08028b08    0x26c  MicoDriverWdg.o [1]
  .text                ro code  0x08028d74    0x180  xlocale_c.o [3]
  .text                ro code  0x08028ef4    0x10c  xstrftim.o [3]
  .text                ro code  0x08029000     0x18  toupper.o [3]
  .text                ro code  0x08029018     0x14  tolower.o [3]
  .text                ro code  0x0802902c     0x28  isxxx.o [3]
  .text                ro code  0x08029054     0x16  strnlen.o [3]
  .text                ro code  0x0802906c    0xf98  MICOConfigDelegate.o [1]
  .text                ro code  0x0802a004    0x308  SocketUtils.o [1]
  .text                ro code  0x0802a30c    0x3f0  MICOBonjour.o [1]
  .text                ro code  0x0802a6fc    0x5e8  json_object.o [1]
  .text                ro code  0x0802ace4   0x1408  HTTPUtils.o [1]
  .text                ro code  0x0802c0ec     0xb6  localtim.o [3]
  .text                ro code  0x0802c1a4    0x970  HaProtocol.o [1]
  .text                ro code  0x0802cb14    0x356  netif.o [5]
  .text                ro code  0x0802ce6c    0xee0  dhcp.o [5]
  .text                ro code  0x0802dd4c     0x28  sys.o [5]
  .text                ro code  0x0802dd74    0x61c  dhcp_server.o [5]
  .text                ro code  0x0802e390     0x48  netifapi.o [5]
  .text                ro code  0x0802e3d8    0x17c  wwd_network.o [5]
  .text                ro code  0x0802e554      0xc  memmove.o [6]
  .text                ro code  0x0802e560    0x164  inet_chksum.o [5]
  .text                ro code  0x0802e6c4    0x582  ip_frag.o [5]
  .text                ro code  0x0802ec48    0x1cc  raw.o [5]
  .text                ro code  0x0802ee14   0x1358  tcp_in.o [5]
  .text                ro code  0x0803016c    0x1fa  icmp.o [5]
  .text                ro code  0x08030368    0xecc  api_msg.o [5]
  .text                ro code  0x08031234     0x20  init.o [5]
  .text                ro code  0x08031254     0x64  stm32f2xx_sdio.o [1]
  .text                ro code  0x080312b8    0x250  wwd_internal.o [5]
  .text                ro code  0x08031508    0x2de  wwd_firmware.o [5]
  .text                ro code  0x080317e8     0x54  setlocale.o [3]
  .text                ro code  0x0803183c     0x60  xencoding_sb.o [3]
  .text                ro code  0x0803189c      0x2  I64DivZer.o [6]
  .text                ro code  0x080318a0     0xe8  DblAdd.o [4]
  .text                ro code  0x08031988     0x34  stm32f2xx_iwdg.o [1]
  .text                ro code  0x080319bc    0x2de  stm32f2xx_tim.o [1]
  .text                ro code  0x08031c9c    0x846  xgentime.o [3]
  .text                ro code  0x080324e2      0xc  xlocale_c.o [3]
  .text                ro code  0x080324ee     0x16  xlocale_c.o [3]
  .text                ro code  0x08032504     0x14  xlocale_c.o [3]
  .text                ro code  0x08032518     0x2c  strstr.o [3]
  .text                ro code  0x08032544    0x698  MICOConfigMenu.o [1]
  .text                ro code  0x08032bdc    0xf2c  json_tokener.o [1]
  .text                ro code  0x08033b08    0xd24  MDNSUtils.o [1]
  .text                ro code  0x0803482c    0x136  printbuf.o [1]
  .text                ro code  0x08034964    0x34c  linkhash.o [1]
  .text                ro code  0x08034cb0     0x18  strdup.o [3]
  .text                ro code  0x08034cc8     0x20  DblCmpEq.o [4]
  .text                ro code  0x08034ce8     0xe4  json_util.o [1]
  .text                ro code  0x08034dcc     0xd4  arraylist.o [1]
  .text                ro code  0x08034ea0     0x78  ABImemmove_unaligned.o [6]
  .text                ro code  0x08034f18    0x16a  URLUtils.o [1]
  .text                ro code  0x08035084      0xa  getzone.o [3]
  .text                ro code  0x0803508e     0x42  xgettime.o [3]
  .text                ro code  0x080350d0     0x88  xstol.o [3]
  .text                ro code  0x08035158    0x188  xttotm.o [3]
  .text                ro code  0x080352e0    0x99e  md5.o [5]
  .text                ro code  0x08035c80     0x8c  wiced_lib.o [5]
  .text                ro code  0x08035d0c     0x4c  wps_host.o [5]
  .text                ro code  0x08035d58     0x6c  read_wifi_firmware.o [1]
  .text                ro code  0x08035dc4     0x18  read_wifi_firmware.o [5]
  .text                ro code  0x08035ddc     0x4e  strncasecmp.o [3]
  .text                ro code  0x08035e2c     0x24  sscanf.o [3]
  .text                ro code  0x08035e50      0x6  ABImemclr.o [6]
  .text                ro code  0x08035e58     0x3c  vsnprint.o [3]
  .text                ro code  0x08035e94     0x2c  vsprintf.o [3]
  .text                ro code  0x08035ec0     0x18  vprintf.o [3]
  .text                ro code  0x08035ed8      0x4  exit.o [3]
  .text                ro code  0x08035edc      0xc  errno.o [3]
  .text                ro code  0x08035ee8    0x194  xstoul.o [3]
  .text                ro code  0x0803607c    0x134  xisdst.o [3]
  .text                ro code  0x080361b0    0xcf4  xscanffull.o [3]
  .text                ro code  0x08036ea4     0x12  cexit.o [6]
  .text                ro code  0x08036eb6    0x164  xgetdst.o [3]
  .text                ro code  0x0803701c     0x40  xwctob.o [3]
  .text                ro code  0x0803705c     0xa4  xstoll.o [3]
  .text                ro code  0x08037100    0x1b0  xstoull.o [3]
  .text                ro code  0x080372b0    0x14c  xstold.o [4]
  .text                ro code  0x080373fc     0x90  DblToFlt.o [4]
  .text                ro code  0x0803748c     0x58  xcloseall.o [3]
  .text                ro code  0x080374e4    0x134  xstopfx.o [3]
  .text                ro code  0x08037618    0x1b8  xstoflt.o [3]
  .rodata              const    0x080377d0     0x2c  wifimgr.o [5]
  .text                ro code  0x08037800    0x200  xdtento.o [4]
  .text                ro code  0x08037a00    0x218  xstoxflt.o [3]
  .text                ro code  0x08037c18     0x7a  fclose.o [3]
  .text                ro code  0x08037c92     0x14  stdio_IAR.o [1]
  .text                ro code  0x08037ca6     0x56  xdunscal.o [4]
  .text                ro code  0x08037cfc     0x7c  xfofind.o [3]
  .text                ro code  0x08037d78     0xb0  fflush.o [3]
  .text                ro code  0x08037e28     0x1a  close.o [7]
  .text                ro code  0x08037e42     0x16  remove.o [7]
  .text                ro code  0x08037e58     0xe0  XShHandles.o [3]
  .text                ro code  0x08037f38    0x6e8  LocalTcpServer.o [1]
  .text                ro code  0x08038620    0x504  RemoteTcpClient.o [1]
  .rodata              const    0x08038b24    0x30c  wwd_firmware.o [5]
  .text                ro code  0x08038e30    0x304  hardfault.o [1]
  .text                ro code  0x08039134    0x250  UartRecv.o [1]
  .rodata              const    0x08039384    0x214  platform.o [1]
  .rodata              const    0x08039598    0x100  wwd_wifi.o [5]
  .text                ro code  0x08039698     0xd6  xfspos.o [3]
  .text                ro code  0x0803976e      0xc  xfgpos.o [3]
  .text                ro code  0x0803977a     0x4c  lseek.o [7]
  .text                ro code  0x080397c6     0xd2  packbits_init.o [6]
  .text                ro code  0x08039898     0xb6  xfwprep.o [3]
  .text                ro code  0x0803994e     0x22  fseek.o [3]
  .text                ro code  0x08039970     0x56  fputc.o [3]
  .rodata              const    0x080399c8     0x40  sockets.o [5]
  .rodata              const    0x08039a08     0x38  wifimgr.o [5]
  .rodata              const    0x08039a40     0x2c  mftest.o [5]
  .rodata              const    0x08039a6c     0x28  wifimgr.o [5]
  .rodata              const    0x08039a94     0x28  mftest.o [5]
  .rodata              const    0x08039abc     0x28  easylink.o [5]
  .text                ro code  0x08039ae4     0x28  data_init.o [6]
  .rodata              const    0x08039b0c     0x24  json_object.o [1]
  .rodata              const    0x08039b30     0x24  mftest.o [5]
  .rodata              const    0x08039b54     0x24  memp.o [5]
  .rodata              const    0x08039b78     0x24  memp.o [5]
  .rodata              const    0x08039b9c     0x24  dhcp_server.o [5]
  .iar.init_table      const    0x08039bc0     0x30  - Linker created -
  .rodata              const    0x08039bf0     0x20  wifimgr.o [5]
  .rodata              const    0x08039c10     0x20  wifimgr.o [5]
  .rodata              const    0x08039c30     0x20  wifimgr.o [5]
  .rodata              const    0x08039c50     0x20  wifimgr.o [5]
  .rodata              const    0x08039c70     0x20  wifimgr.o [5]
  .rodata              const    0x08039c90     0x20  mftest.o [5]
  .rodata              const    0x08039cb0     0x20  mftest.o [5]
  .rodata              const    0x08039cd0     0x20  mftest.o [5]
  .rodata              const    0x08039cf0     0x20  wifi.o [5]
  .rodata              const    0x08039d10     0x20  dhcp_server.o [5]
  .text                ro code  0x08039d30     0x20  cmain_call_ctors.o [6]
  .text                ro code  0x08039d50     0x18  cppinit.o [3]
  .rodata              const    0x08039d68     0x1c  mxchipWNET.o [5]
  .rodata              const    0x08039d84     0x1c  mftest.o [5]
  .rodata              const    0x08039da0     0x1c  easylink.o [5]
  .rodata              const    0x08039dbc     0x1c  wwd_wifi.o [5]
  .text                ro code  0x08039dd8     0x1c  crt0_IAR.o [1]
  .text                ro code  0x08039df4     0x1a  cmain.o [6]
  .rodata              const    0x08039e10     0x18  wifimgr.o [5]
  .rodata              const    0x08039e28     0x18  mftest.o [5]
  .rodata              const    0x08039e40     0x18  mftest.o [5]
  .rodata              const    0x08039e58     0x18  mftest.o [5]
  .rodata              const    0x08039e70     0x18  easylink.o [5]
  .rodata              const    0x08039e88     0x18  easylink.o [5]
  .text                ro code  0x08039ea0     0x16  xprout.o [3]
  .text                ro code  0x08039eb8      0xc  putchar.o [3]
  .rodata              const    0x08039ec4     0x14  wifimgr.o [5]
  .rodata              const    0x08039ed8     0x14  wifimgr.o [5]
  .rodata              const    0x08039eec     0x14  mftest.o [5]
  .rodata              const    0x08039f00     0x14  mftest.o [5]
  .rodata              const    0x08039f14     0x14  easylink.o [5]
  .rodata              const    0x08039f28     0x14  wifi.o [5]
  .rodata              const    0x08039f3c     0x14  wwd_wifi.o [5]
  .rodata              const    0x08039f50     0x14  wwd_wifi.o [5]
  .rodata              const    0x08039f64     0x14  tasks.o [5]
  .rodata              const    0x08039f78     0x14  wiced_network.o [5]
  .rodata              const    0x08039f8c     0x14  SDPCM.o [5]
  .text                ro code  0x08039fa0     0x12  startup_stm32f2xx_IAR.o [1]
  .rodata              const    0x08039fb4     0x10  mxchipWNET.o [5]
  .rodata              const    0x08039fc4     0x10  mxchipWNET.o [5]
  .rodata              const    0x08039fd4     0x10  wiced_rtos.o [5]
  .rodata              const    0x08039fe4     0x10  wiced_rtos.o [5]
  .rodata              const    0x08039ff4     0x10  wifimgr.o [5]
  .rodata              const    0x0803a004     0x10  wifimgr.o [5]
  .rodata              const    0x0803a014     0x10  wifimgr.o [5]
  .rodata              const    0x0803a024     0x10  wifimgr.o [5]
  .rodata              const    0x0803a034     0x10  wifimgr.o [5]
  .rodata              const    0x0803a044     0x10  wifimgr.o [5]
  .rodata              const    0x0803a054     0x10  wifimgr.o [5]
  .rodata              const    0x0803a064     0x10  mftest.o [5]
  .rodata              const    0x0803a074     0x10  mftest.o [5]
  .rodata              const    0x0803a084     0x10  dns.o [5]
  .rodata              const    0x0803a094     0x10  easylink.o [5]
  .rodata              const    0x0803a0a4     0x10  easylink.o [5]
  .rodata              const    0x0803a0b4     0x10  easylink.o [5]
  .rodata              const    0x0803a0c4     0x10  tcp.o [5]
  .rodata              const    0x0803a0d4     0x10  wifi.o [5]
  .rodata              const    0x0803a0e4     0x10  wwd_wifi.o [5]
  .rodata              const    0x0803a0f4     0x10  wwd_wifi.o [5]
  .rodata              const    0x0803a104     0x10  wwd_wifi.o [5]
  .rodata              const    0x0803a114     0x10  wwd_wifi.o [5]
  .rodata              const    0x0803a124     0x10  wwd_ap.o [5]
  .rodata              const    0x0803a134     0x10  lwiptcpip.o [5]
  .rodata              const    0x0803a144      0xc  wiced_rtos.o [5]
  .rodata              const    0x0803a150      0xc  wifimgr.o [5]
  .rodata              const    0x0803a15c      0xc  wifimgr.o [5]
  .rodata              const    0x0803a168      0xc  wifimgr.o [5]
  .rodata              const    0x0803a174      0xc  wifimgr.o [5]
  .rodata              const    0x0803a180      0xc  dns.o [5]
  .rodata              const    0x0803a18c      0xc  easylink.o [5]
  .rodata              const    0x0803a198      0xc  easylink.o [5]
  .rodata              const    0x0803a1a4      0xc  easylink.o [5]
  .rodata              const    0x0803a1b0      0xc  easylink.o [5]
  .rodata              const    0x0803a1bc      0xc  easylink.o [5]
  .rodata              const    0x0803a1c8      0xc  easylink.o [5]
  .rodata              const    0x0803a1d4      0xc  easylink.o [5]
  .rodata              const    0x0803a1e0      0xc  easylink.o [5]
  .rodata              const    0x0803a1ec      0xc  easylink.o [5]
  .rodata              const    0x0803a1f8      0xc  easylink2.o [5]
  .rodata              const    0x0803a204      0xc  easylink2.o [5]
  .rodata              const    0x0803a210      0xc  easylink2.o [5]
  .rodata              const    0x0803a21c      0xc  easylink2.o [5]
  .rodata              const    0x0803a228      0xc  easylink2.o [5]
  .rodata              const    0x0803a234      0xc  easylink2.o [5]
  .rodata              const    0x0803a240      0xc  easylink2.o [5]
  .rodata              const    0x0803a24c      0xc  easylink2.o [5]
  .rodata              const    0x0803a258      0xc  easylink2.o [5]
  .rodata              const    0x0803a264      0xc  wwd_management.o [5]
  .rodata              const    0x0803a270      0xc  wwd_management.o [5]
  .rodata              const    0x0803a27c      0xc  wwd_wifi.o [5]
  .rodata              const    0x0803a288      0xc  wwd_wifi.o [5]
  .rodata              const    0x0803a294      0xc  wwd_wifi.o [5]
  .rodata              const    0x0803a2a0      0xc  wwd_wifi.o [5]
  .rodata              const    0x0803a2ac      0xc  dns_redirect.o [5]
  .rodata              const    0x0803a2b8      0xc  dns_redirect.o [5]
  .rodata              const    0x0803a2c4      0xc  wwd_ap.o [5]
  .rodata              const    0x0803a2d0      0xc  wwd_ap.o [5]
  .rodata              const    0x0803a2dc      0xc  wwd_ap.o [5]
  .rodata              const    0x0803a2e8      0xc  wwd_internal.o [5]
  .rodata              const    0x0803a2f4      0xc  dhcp_server.o [5]
  .rodata              const    0x0803a300      0xc  wiced_lib.o [5]
  .text                ro code  0x0803a30c      0xc  cstartup_M.o [6]
  .rodata              const    0x0803a318      0x8  wifimgr.o [5]
  .rodata              const    0x0803a320      0x8  wwd_thread.o [5]
  .rodata              const    0x0803a328      0x8  easylink.o [5]
  .rodata              const    0x0803a330      0x8  easylink2.o [5]
  .rodata              const    0x0803a338      0x8  easylink2.o [5]
  .rodata              const    0x0803a340      0x8  tcp.o [5]
  .rodata              const    0x0803a348      0x8  wwd_management.o [5]
  .rodata              const    0x0803a350      0x8  wwd_management.o [5]
  .rodata              const    0x0803a358      0x8  wwd_wifi.o [5]
  .rodata              const    0x0803a360      0x8  wwd_wifi.o [5]
  .rodata              const    0x0803a368      0x8  wwd_wifi.o [5]
  .rodata              const    0x0803a370      0x8  wwd_wifi.o [5]
  .rodata              const    0x0803a378      0x8  ostimers.o [5]
  .rodata              const    0x0803a380      0x8  tasks.o [5]
  .rodata              const    0x0803a388      0x8  etharp.o [5]
  .rodata              const    0x0803a390      0x8  etharp.o [5]
  .rodata              const    0x0803a398      0x8  wiced_network.o [5]
  .rodata              const    0x0803a3a0      0x8  wwd_network.o [5]
  .rodata              const    0x0803a3a8      0x8  dhcp_server.o [5]
  .rodata              const    0x0803a3b0      0x8  dhcp_server.o [5]
  .rodata              const    0x0803a3b8      0x8  dhcp_server.o [5]
  .rodata              const    0x0803a3c0      0x8  dhcp_server.o [5]
  .text                ro code  0x0803a3c8      0x8  startup_stm32f2xx_IAR.o [1]
  .rodata              const    0x0803a3d0      0x4  MICOConfig.o [1]
  .rodata              const    0x0803a3d4      0x4  stm32f2xx_platform.o [1]
  .rodata              const    0x0803a3d8      0x4  easylink2.o [5]
  .rodata              const    0x0803a3dc      0x4  easylink2.o [5]
  .rodata              const    0x0803a3e0      0x4  ip_addr.o [5]
  .rodata              const    0x0803a3e4      0x4  ip_addr.o [5]
  .rodata              const    0x0803a3e8      0x4  dhcp_server.o [5]
  .rodata              const    0x0803a3ec      0x4  dhcp_server.o [5]
  .rodata              const    0x0803a3f0      0x4  dhcp_server.o [5]
  .rodata              const    0x0803a3f4      0x4  dhcp_server.o [5]
  .rodata              const    0x0803a3f8      0x4  dhcp_server.o [5]
  .text                ro code  0x0803a3fc      0x4  startup_stm32f2xx_IAR.o [1]
  .text                ro code  0x0803a400      0x4  startup_stm32f2xx_IAR.o [1]
  .text                ro code  0x0803a404      0x4  startup_stm32f2xx_IAR.o [1]
  .text                ro code  0x0803a408      0x4  startup_stm32f2xx_IAR.o [1]
  .text                ro code  0x0803a40c      0x4  startup_stm32f2xx_IAR.o [1]
  .text                ro code  0x0803a410      0x4  startup_stm32f2xx_IAR.o [1]
  .text                ro code  0x0803a414      0x4  startup_stm32f2xx_IAR.o [1]
  .text                ro code  0x0803a418      0x4  startup_stm32f2xx_IAR.o [1]
  .text                ro code  0x0803a41c      0x4  startup_stm32f2xx_IAR.o [1]
  .text                ro code  0x0803a420      0x4  startup_stm32f2xx_IAR.o [1]
  .text                ro code  0x0803a424      0x4  startup_stm32f2xx_IAR.o [1]
  .text                ro code  0x0803a428      0x4  startup_stm32f2xx_IAR.o [1]
  .text                ro code  0x0803a42c      0x4  startup_stm32f2xx_IAR.o [1]
  .text                ro code  0x0803a430      0x4  startup_stm32f2xx_IAR.o [1]
  .text                ro code  0x0803a434      0x4  startup_stm32f2xx_IAR.o [1]
  .text                ro code  0x0803a438      0x4  startup_stm32f2xx_IAR.o [1]
  .text                ro code  0x0803a43c      0x4  startup_stm32f2xx_IAR.o [1]
  .text                ro code  0x0803a440      0x4  startup_stm32f2xx_IAR.o [1]
  .text                ro code  0x0803a444      0x4  startup_stm32f2xx_IAR.o [1]
  .text                ro code  0x0803a448      0x4  startup_stm32f2xx_IAR.o [1]
  .text                ro code  0x0803a44c      0x4  startup_stm32f2xx_IAR.o [1]
  .text                ro code  0x0803a450      0x4  startup_stm32f2xx_IAR.o [1]
  .text                ro code  0x0803a454      0x4  startup_stm32f2xx_IAR.o [1]
  .text                ro code  0x0803a458      0x4  startup_stm32f2xx_IAR.o [1]
  .text                ro code  0x0803a45c      0x4  startup_stm32f2xx_IAR.o [1]
  .text                ro code  0x0803a460      0x4  startup_stm32f2xx_IAR.o [1]
  .text                ro code  0x0803a464      0x4  startup_stm32f2xx_IAR.o [1]
  .text                ro code  0x0803a468      0x4  startup_stm32f2xx_IAR.o [1]
  .text                ro code  0x0803a46c      0x4  startup_stm32f2xx_IAR.o [1]
  .text                ro code  0x0803a470      0x4  startup_stm32f2xx_IAR.o [1]
  .text                ro code  0x0803a474      0x4  startup_stm32f2xx_IAR.o [1]
  .text                ro code  0x0803a478      0x4  startup_stm32f2xx_IAR.o [1]
  .text                ro code  0x0803a47c      0x4  startup_stm32f2xx_IAR.o [1]
  .text                ro code  0x0803a480      0x4  startup_stm32f2xx_IAR.o [1]
  .text                ro code  0x0803a484      0x4  startup_stm32f2xx_IAR.o [1]
  .text                ro code  0x0803a488      0x4  startup_stm32f2xx_IAR.o [1]
  .text                ro code  0x0803a48c      0x4  startup_stm32f2xx_IAR.o [1]
  .text                ro code  0x0803a490      0x4  startup_stm32f2xx_IAR.o [1]
  .text                ro code  0x0803a494      0x4  startup_stm32f2xx_IAR.o [1]
  .text                ro code  0x0803a498      0x4  startup_stm32f2xx_IAR.o [1]
  .text                ro code  0x0803a49c      0x4  startup_stm32f2xx_IAR.o [1]
  .text                ro code  0x0803a4a0      0x4  startup_stm32f2xx_IAR.o [1]
  .text                ro code  0x0803a4a4      0x4  startup_stm32f2xx_IAR.o [1]
  .text                ro code  0x0803a4a8      0x4  startup_stm32f2xx_IAR.o [1]
  .text                ro code  0x0803a4ac      0x4  startup_stm32f2xx_IAR.o [1]
  .text                ro code  0x0803a4b0      0x4  startup_stm32f2xx_IAR.o [1]
  .text                ro code  0x0803a4b4      0x4  startup_stm32f2xx_IAR.o [1]
  .text                ro code  0x0803a4b8      0x4  startup_stm32f2xx_IAR.o [1]
  .text                ro code  0x0803a4bc      0x4  startup_stm32f2xx_IAR.o [1]
  .text                ro code  0x0803a4c0      0x4  startup_stm32f2xx_IAR.o [1]
  .text                ro code  0x0803a4c4      0x4  startup_stm32f2xx_IAR.o [1]
  .text                ro code  0x0803a4c8      0x4  startup_stm32f2xx_IAR.o [1]
  .text                ro code  0x0803a4cc      0x4  startup_stm32f2xx_IAR.o [1]
  .text                ro code  0x0803a4d0      0x4  startup_stm32f2xx_IAR.o [1]
  .text                ro code  0x0803a4d4      0x4  startup_stm32f2xx_IAR.o [1]
  .text                ro code  0x0803a4d8      0x4  startup_stm32f2xx_IAR.o [1]
  .text                ro code  0x0803a4dc      0x4  startup_stm32f2xx_IAR.o [1]
  .text                ro code  0x0803a4e0      0x4  startup_stm32f2xx_IAR.o [1]
  .text                ro code  0x0803a4e4      0x4  startup_stm32f2xx_IAR.o [1]
  .text                ro code  0x0803a4e8      0x4  startup_stm32f2xx_IAR.o [1]
  .text                ro code  0x0803a4ec      0x4  startup_stm32f2xx_IAR.o [1]
  .text                ro code  0x0803a4f0      0x4  startup_stm32f2xx_IAR.o [1]
  .text                ro code  0x0803a4f4      0x4  startup_stm32f2xx_IAR.o [1]
  .text                ro code  0x0803a4f8      0x4  startup_stm32f2xx_IAR.o [1]
  .text                ro code  0x0803a4fc      0x4  startup_stm32f2xx_IAR.o [1]
  .text                ro code  0x0803a500      0x4  startup_stm32f2xx_IAR.o [1]
  .text                ro code  0x0803a504      0x4  startup_stm32f2xx_IAR.o [1]
  .text                ro code  0x0803a508      0x4  startup_stm32f2xx_IAR.o [1]
  .text                ro code  0x0803a50c      0x4  startup_stm32f2xx_IAR.o [1]
  .text                ro code  0x0803a510      0x4  startup_stm32f2xx_IAR.o [1]
  .text                ro code  0x0803a514      0x4  startup_stm32f2xx_IAR.o [1]
  .text                ro code  0x0803a518      0x4  startup_stm32f2xx_IAR.o [1]
  SHT$$PREINIT_ARRAY            0x0803a51c      0x4  <Block>
    .prepreinit_array  const    0x0803a51c      0x4  xlocale_c.o [3]
  SHT$$INIT_ARRAY               0x0803a520      0x0  <Block>
  .text                ro code  0x0803a520      0x0  cstart_clearlocks.o [6]
  .text                ro code  0x0803a520      0x0  cstart_closeall.o [6]
  .rodata              const    0x0803a520      0x0  zero_init3.o [6]
  .rodata              const    0x0803a520      0x0  packbits_init.o [6]
  Initializer bytes    ro data  0x0803a520    0x11f  <for P2 s0>
                              - 0x0803a63f  0x2e4bb

"P2":                                       0x1f540
  P2 s0                         0x20000000    0x398  <Init block>
    __DLIB_PERTHREAD   inited   0x20000000     0x8c  rand.o [3]
    __DLIB_PERTHREAD   inited   0x2000008c     0x88  localeconv.o [3]
    __DLIB_PERTHREAD   inited   0x20000114     0x74  setlocale.o [3]
    .data              inited   0x20000188     0x40  xfiles.o [3]
    .data              inited   0x200001c8     0x40  xfiles.o [3]
    .data              inited   0x20000208     0x40  xfiles.o [3]
    __DLIB_PERTHREAD   inited   0x20000248     0x2c  xttotm.o [3]
    .data              inited   0x20000274     0x24  stm32f2xx_platform.o [1]
    .data              inited   0x20000298     0x20  xfiles.o [3]
    __DLIB_PERTHREAD   inited   0x200002b8     0x1c  asctime.o [3]
    .data              inited   0x200002d4     0x18  MDNSUtils.o [1]
    .data              inited   0x200002ec     0x14  HaProtocol.o [1]
    .data              inited   0x20000300     0x10  stm32f2xx_rcc.o [1]
    .data              inited   0x20000310     0x10  tcp.o [5]
    .data              inited   0x20000320      0xc  wwd_internal.o [5]
    .data              inited   0x2000032c      0x8  MicoDriverRtc.o [1]
    .data              inited   0x20000334      0x8  XShttio.o [3]
    __DLIB_PERTHREAD   inited   0x2000033c      0x8  localtim.o [3]
    .data              inited   0x20000344      0x4  HTTPUtils.o [1]
    .data              inited   0x20000348      0x4  json_object.o [1]
    .data              inited   0x2000034c      0x4  json_object.o [1]
    .data              inited   0x20000350      0x4  json_tokener.o [1]
    .data              inited   0x20000354      0x4  MICOConfig.o [1]
    .data              inited   0x20000358      0x4  read_wifi_firmware.o [1]
    .data              inited   0x2000035c      0x4  wifimgr.o [5]
    .data              inited   0x20000360      0x4  wifimgr.o [5]
    .data              inited   0x20000364      0x4  wifimgr.o [5]
    .data              inited   0x20000368      0x4  mftest.o [5]
    .data              inited   0x2000036c      0x4  mftest.o [5]
    .data              inited   0x20000370      0x4  port.o [5]
    .data              inited   0x20000374      0x4  easylink2.o [5]
    .data              inited   0x20000378      0x4  wwd_rtos.o [5]
    .data              inited   0x2000037c      0x4  tcp.o [5]
    .data              inited   0x20000380      0x4  wifi.o [5]
    .data              inited   0x20000384      0x4  tasks.o [5]
    .data              inited   0x20000388      0x4  dhcp.o [5]
    __DLIB_PERTHREAD   inited   0x2000038c      0x4  errno.o [3]
    __DLIB_PERTHREAD   inited   0x20000390      0x4  xisdst.o [3]
    __DLIB_PERTHREAD   inited   0x20000394      0x4  xisdstData.o [3]
  .bss                 zero     0x20000398   0x7378  memp.o [5]
  .bss                 zero     0x20007710    0x818  wlan_bus.o [1]
  .bss                 zero     0x20007f28    0x810  MICOAppEntrance.o [1]
  .bss                 zero     0x20008738    0x460  dns.o [5]
  .bss                 zero     0x20008b98    0x29c  easylink2.o [5]
  .bss                 zero     0x20008e34    0x204  dns.o [5]
  .bss                 zero     0x20009038    0x1d8  dlmalloc.o [5]
  .bss                 zero     0x20009210    0x198  sockets.o [5]
  .bss                 zero     0x200093a8    0x100  easylink.o [5]
  .bss                 zero     0x200094a8     0xc8  tasks.o [5]
  .bss                 zero     0x20009570     0xc0  gpio_irq.o [1]
  .bss                 zero     0x20009630     0xa0  etharp.o [5]
  .bss                 zero     0x200096d0     0x88  wiced_network.o [5]
  .bss                 zero     0x20009758     0x80  easylink.o [5]
  .bss                 zero     0x200097d8     0x80  XShHandles.o [3]
  .bss                 zero     0x20009858     0x70  wifimgr.o [5]
  .bss                 zero     0x200098c8     0x64  dhcp_server.o [5]
  .bss                 zero     0x2000992c     0x5c  stm32f2xx_platform.o [1]
  .bss                 zero     0x20009988     0x54  MICONotificationCenter.o [1]
  .bss                 zero     0x200099dc     0x54  xlocale_c.o [3]
  .bss                 zero     0x20009a30     0x50  xfiles.o [3]
  .bss                 zero     0x20009a80     0x50  xfiles.o [3]
  .bss                 zero     0x20009ad0     0x44  memp.o [5]
  .bss                 zero     0x20009b14     0x44  netif.o [5]
  .bss                 zero     0x20009b58     0x40  easylink.o [5]
  .bss                 zero     0x20009b98     0x40  easylink2.o [5]
  .bss                 zero     0x20009bd8     0x3c  MicoDriverUart.o [1]
  .bss                 zero     0x20009c14     0x3c  wifimgr.o [5]
  .bss                 zero     0x20009c50     0x3c  wifimgr.o [5]
  .bss                 zero     0x20009c8c     0x3c  wifimgr.o [5]
  .bss                 zero     0x20009cc8     0x3c  wifimgr.o [5]
  .bss                 zero     0x20009d04     0x3c  wiced_network.o [5]
  .bss                 zero     0x20009d40     0x3c  SDPCM.o [5]
  .bss                 zero     0x20009d7c     0x38  wiced_network.o [5]
  .bss                 zero     0x20009db4     0x38  xsyslock_mtx.o [3]
  .bss                 zero     0x20009dec     0x30  mftest.o [5]
  .bss                 zero     0x20009e1c     0x30  mftest.o [5]
  .bss                 zero     0x20009e4c     0x28  dnsclient.o [5]
  .bss                 zero     0x20009e74     0x28  wiced_ping.o [5]
  .bss                 zero     0x20009e9c     0x28  dhcp.o [5]
  .bss                 zero     0x20009ec4     0x20  wiced_network.o [5]
  .bss                 zero     0x20009ee4     0x20  dhcp_server.o [5]
  .bss                 zero     0x20009f04     0x18  MICOEntrance.o [1]
  .bss                 zero     0x20009f1c     0x18  mftest.o [5]
  .bss                 zero     0x20009f34     0x18  dlmalloc.o [5]
  .bss                 zero     0x20009f4c     0x14  MICOSystemMonitor.o [1]
  .bss                 zero     0x20009f60     0x14  wifimgr.o [5]
  .bss                 zero     0x20009f74     0x14  mftest.o [5]
  .bss                 zero     0x20009f88     0x14  ostimers.o [5]
  .bss                 zero     0x20009f9c     0x14  ostimers.o [5]
  .bss                 zero     0x20009fb0     0x14  tasks.o [5]
  .bss                 zero     0x20009fc4     0x14  tasks.o [5]
  .bss                 zero     0x20009fd8     0x14  tasks.o [5]
  .bss                 zero     0x20009fec     0x14  tasks.o [5]
  .bss                 zero     0x2000a000     0x14  tasks.o [5]
  .bss                 zero     0x2000a014     0x14  wiced_network.o [5]
  .bss                 zero     0x2000a028     0x14  wiced_network.o [5]
  .bss                 zero     0x2000a03c     0x14  tcp_in.o [5]
  .bss                 zero     0x2000a050     0x10  EasyLink.o [1]
  .bss                 zero     0x2000a060     0x10  MicoDriverWdg.o [1]
  .bss                 zero     0x2000a070     0x10  platform.o [1]
  .bss                 zero     0x2000a080     0x10  mxchipWNET.o [5]
  .bss                 zero     0x2000a090     0x10  easylink.o [5]
  .bss                 zero     0x2000a0a0     0x10  ip_addr.o [5]
  .bss                 zero     0x2000a0b0      0xc  MICOConfigDelegate.o [1]
  .bss                 zero     0x2000a0bc      0xc  rtc.o [1]
  .bss                 zero     0x2000a0c8      0xc  dhcp.o [5]
  .bss                 zero     0x2000a0d4      0x8  MICONTPClient.o [1]
  .bss                 zero     0x2000a0dc      0x8  RemoteTcpClient.o [1]
  .bss                 zero     0x2000a0e4      0x8  wiced_rtos.o [5]
  .bss                 zero     0x2000a0ec      0x8  wifimgr.o [5]
  .bss                 zero     0x2000a0f4      0x8  wifimgr.o [5]
  .bss                 zero     0x2000a0fc      0x8  dns.o [5]
  .bss                 zero     0x2000a104      0x8  wifi.o [5]
  .bss                 zero     0x2000a10c      0x8  wwd_management.o [5]
  .bss                 zero     0x2000a114      0x4  EasyLink.o [1]
  .bss                 zero     0x2000a118      0x4  LocalTcpServer.o [1]
  .bss                 zero     0x2000a11c      0x4  MDNSUtils.o [1]
  .bss                 zero     0x2000a120      0x4  MICOBonjour.o [1]
  .bss                 zero     0x2000a124      0x4  MICOConfigServer.o [1]
  .bss                 zero     0x2000a128      0x4  MicoDriverWdg.o [1]
  .bss                 zero     0x2000a12c      0x4  MICOParaStorage.o [1]
  .bss                 zero     0x2000a130      0x4  stm32f2xx_platform.o [1]
  .bss                 zero     0x2000a134      0x4  mxchipWNET.o [5]
  .bss                 zero     0x2000a138      0x4  mxchipWNET.o [5]
  .bss                 zero     0x2000a13c      0x4  mxchipWNET.o [5]
  .bss                 zero     0x2000a140      0x4  mxchipWNET.o [5]
  .bss                 zero     0x2000a144      0x4  mxchipWNET.o [5]
  .bss                 zero     0x2000a148      0x4  wiced_rtos.o [5]
  .bss                 zero     0x2000a14c      0x4  wiced_rtos.o [5]
  .bss                 zero     0x2000a150      0x4  wifimgr.o [5]
  .bss                 zero     0x2000a154      0x4  wifimgr.o [5]
  .bss                 zero     0x2000a158      0x4  wifimgr.o [5]
  .bss                 zero     0x2000a15c      0x4  wifimgr.o [5]
  .bss                 zero     0x2000a160      0x4  wifimgr.o [5]
  .bss                 zero     0x2000a164      0x4  wifimgr.o [5]
  .bss                 zero     0x2000a168      0x4  wifimgr.o [5]
  .bss                 zero     0x2000a16c      0x4  wifimgr.o [5]
  .bss                 zero     0x2000a170      0x4  wifimgr.o [5]
  .bss                 zero     0x2000a174      0x4  wifimgr.o [5]
  .bss                 zero     0x2000a178      0x4  mftest.o [5]
  .bss                 zero     0x2000a17c      0x4  mftest.o [5]
  .bss                 zero     0x2000a180      0x4  mftest.o [5]
  .bss                 zero     0x2000a184      0x4  mftest.o [5]
  .bss                 zero     0x2000a188      0x4  wwd_thread.o [5]
  .bss                 zero     0x2000a18c      0x4  wwd_thread.o [5]
  .bss                 zero     0x2000a190      0x4  wps_host.o [5]
  .bss                 zero     0x2000a194      0x4  wps_host.o [5]
  .bss                 zero     0x2000a198      0x4  dns.o [5]
  .bss                 zero     0x2000a19c      0x4  dns.o [5]
  .bss                 zero     0x2000a1a0      0x4  easylink.o [5]
  .bss                 zero     0x2000a1a4      0x4  easylink.o [5]
  .bss                 zero     0x2000a1a8      0x4  easylink.o [5]
  .bss                 zero     0x2000a1ac      0x4  easylink.o [5]
  .bss                 zero     0x2000a1b0      0x4  easylink.o [5]
  .bss                 zero     0x2000a1b4      0x4  easylink.o [5]
  .bss                 zero     0x2000a1b8      0x4  easylink.o [5]
  .bss                 zero     0x2000a1bc      0x4  easylink2.o [5]
  .bss                 zero     0x2000a1c0      0x4  easylink2.o [5]
  .bss                 zero     0x2000a1c4      0x4  easylink2.o [5]
  .bss                 zero     0x2000a1c8      0x4  easylink2.o [5]
  .bss                 zero     0x2000a1cc      0x4  easylink2.o [5]
  .bss                 zero     0x2000a1d0      0x4  easylink2.o [5]
  .bss                 zero     0x2000a1d4      0x4  easylink2.o [5]
  .bss                 zero     0x2000a1d8      0x4  sockets.o [5]
  .bss                 zero     0x2000a1dc      0x4  sockets.o [5]
  .bss                 zero     0x2000a1e0      0x4  sockets.o [5]
  .bss                 zero     0x2000a1e4      0x4  dnsclient.o [5]
  .bss                 zero     0x2000a1e8      0x4  tcp.o [5]
  .bss                 zero     0x2000a1ec      0x4  tcp.o [5]
  .bss                 zero     0x2000a1f0      0x4  tcp.o [5]
  .bss                 zero     0x2000a1f4      0x4  tcp.o [5]
  .bss                 zero     0x2000a1f8      0x4  tcp.o [5]
  .bss                 zero     0x2000a1fc      0x4  tcp.o [5]
  .bss                 zero     0x2000a200      0x4  tcp.o [5]
  .bss                 zero     0x2000a204      0x4  tcp.o [5]
  .bss                 zero     0x2000a208      0x4  wifi.o [5]
  .bss                 zero     0x2000a20c      0x4  wifi.o [5]
  .bss                 zero     0x2000a210      0x4  wifi.o [5]
  .bss                 zero     0x2000a214      0x4  wifi.o [5]
  .bss                 zero     0x2000a218      0x4  wifi.o [5]
  .bss                 zero     0x2000a21c      0x4  wwd_wifi.o [5]
  .bss                 zero     0x2000a220      0x4  wwd_wifi.o [5]
  .bss                 zero     0x2000a224      0x4  wwd_wifi.o [5]
  .bss                 zero     0x2000a228      0x4  wwd_wifi.o [5]
  .bss                 zero     0x2000a22c      0x4  ostimers.o [5]
  .bss                 zero     0x2000a230      0x4  ostimers.o [5]
  .bss                 zero     0x2000a234      0x4  ostimers.o [5]
  .bss                 zero     0x2000a238      0x4  ostimers.o [5]
  .bss                 zero     0x2000a23c      0x4  tasks.o [5]
  .bss                 zero     0x2000a240      0x4  tasks.o [5]
  .bss                 zero     0x2000a244      0x4  tasks.o [5]
  .bss                 zero     0x2000a248      0x4  tasks.o [5]
  .bss                 zero     0x2000a24c      0x4  tasks.o [5]
  .bss                 zero     0x2000a250      0x4  tasks.o [5]
  .bss                 zero     0x2000a254      0x4  tasks.o [5]
  .bss                 zero     0x2000a258      0x4  tasks.o [5]
  .bss                 zero     0x2000a25c      0x4  tasks.o [5]
  .bss                 zero     0x2000a260      0x4  tasks.o [5]
  .bss                 zero     0x2000a264      0x4  tasks.o [5]
  .bss                 zero     0x2000a268      0x4  tasks.o [5]
  .bss                 zero     0x2000a26c      0x4  tasks.o [5]
  .bss                 zero     0x2000a270      0x4  tasks.o [5]
  .bss                 zero     0x2000a274      0x4  ip.o [5]
  .bss                 zero     0x2000a278      0x4  ip.o [5]
  .bss                 zero     0x2000a27c      0x4  ip.o [5]
  .bss                 zero     0x2000a280      0x4  ip.o [5]
  .bss                 zero     0x2000a284      0x4  ip.o [5]
  .bss                 zero     0x2000a288      0x4  wiced_network.o [5]
  .bss                 zero     0x2000a28c      0x4  wiced_network.o [5]
  .bss                 zero     0x2000a290      0x4  SDPCM.o [5]
  .bss                 zero     0x2000a294      0x4  SDPCM.o [5]
  .bss                 zero     0x2000a298      0x4  SDPCM.o [5]
  .bss                 zero     0x2000a29c      0x4  SDPCM.o [5]
  .bss                 zero     0x2000a2a0      0x4  SDPCM.o [5]
  .bss                 zero     0x2000a2a4      0x4  SDPCM.o [5]
  .bss                 zero     0x2000a2a8      0x4  SDPCM.o [5]
  .bss                 zero     0x2000a2ac      0x4  wwd_ap.o [5]
  .bss                 zero     0x2000a2b0      0x4  wwd_internal.o [5]
  .bss                 zero     0x2000a2b4      0x4  udp.o [5]
  .bss                 zero     0x2000a2b8      0x4  igmp.o [5]
  .bss                 zero     0x2000a2bc      0x4  igmp.o [5]
  .bss                 zero     0x2000a2c0      0x4  igmp.o [5]
  .bss                 zero     0x2000a2c4      0x4  igmp.o [5]
  .bss                 zero     0x2000a2c8      0x4  lwiptcpip.o [5]
  .bss                 zero     0x2000a2cc      0x4  lwiptcpip.o [5]
  .bss                 zero     0x2000a2d0      0x4  lwiptcpip.o [5]
  .bss                 zero     0x2000a2d4      0x4  lwiptimers.o [5]
  .bss                 zero     0x2000a2d8      0x4  lwiptimers.o [5]
  .bss                 zero     0x2000a2dc      0x4  wiced_ping.o [5]
  .bss                 zero     0x2000a2e0      0x4  ip_frag.o [5]
  .bss                 zero     0x2000a2e4      0x4  netif.o [5]
  .bss                 zero     0x2000a2e8      0x4  netif.o [5]
  .bss                 zero     0x2000a2ec      0x4  raw.o [5]
  .bss                 zero     0x2000a2f0      0x4  tcp_in.o [5]
  .bss                 zero     0x2000a2f4      0x4  tcp_in.o [5]
  .bss                 zero     0x2000a2f8      0x4  tcp_in.o [5]
  .bss                 zero     0x2000a2fc      0x4  tcp_in.o [5]
  .bss                 zero     0x2000a300      0x4  tcp_in.o [5]
  .bss                 zero     0x2000a304      0x4  tcp_in.o [5]
  .bss                 zero     0x2000a308      0x4  xgetmemchunk.o [3]
  .bss                 zero     0x2000a30c      0x2  tcp.o [5]
  .bss                 zero     0x2000a30e      0x2  ip.o [5]
  .bss                 zero     0x2000a310      0x2  wiced_network.o [5]
  .bss                 zero     0x2000a312      0x2  SDPCM.o [5]
  .bss                 zero     0x2000a314      0x2  wiced_ping.o [5]
  .bss                 zero     0x2000a316      0x2  ip_frag.o [5]
  .bss                 zero     0x2000a318      0x2  tcp_in.o [5]
  .bss                 zero     0x2000a31a      0x1  gpio_irq.o [1]
  .bss                 zero     0x2000a31b      0x1  printbuf.o [1]
  .bss                 zero     0x2000a31c      0x1  wifimgr.o [5]
  .bss                 zero     0x2000a31d      0x1  wifimgr.o [5]
  .bss                 zero     0x2000a31e      0x1  wifimgr.o [5]
  .bss                 zero     0x2000a31f      0x1  wwd_thread.o [5]
  .bss                 zero     0x2000a320      0x1  wwd_thread.o [5]
  .bss                 zero     0x2000a321      0x1  wwd_thread.o [5]
  .bss                 zero     0x2000a322      0x1  wps_host.o [5]
  .bss                 zero     0x2000a323      0x1  wps_host.o [5]
  .bss                 zero     0x2000a324      0x1  dns.o [5]
  .bss                 zero     0x2000a325      0x1  tcp.o [5]
  .bss                 zero     0x2000a326      0x1  wifi.o [5]
  .bss                 zero     0x2000a327      0x1  wifi.o [5]
  .bss                 zero     0x2000a328      0x1  wwd_wifi.o [5]
  .bss                 zero     0x2000a329      0x1  etharp.o [5]
  .bss                 zero     0x2000a32a      0x1  wiced_network.o [5]
  .bss                 zero     0x2000a32b      0x1  wiced_network.o [5]
  .bss                 zero     0x2000a32c      0x1  SDPCM.o [5]
  .bss                 zero     0x2000a32d      0x1  SDPCM.o [5]
  .bss                 zero     0x2000a32e      0x1  SDPCM.o [5]
  .bss                 zero     0x2000a32f      0x1  SDPCM.o [5]
  .bss                 zero     0x2000a330      0x1  SDPCM.o [5]
  .bss                 zero     0x2000a331      0x1  SDPCM.o [5]
  .bss                 zero     0x2000a332      0x1  SDPCM.o [5]
  .bss                 zero     0x2000a333      0x1  wwd_ap.o [5]
  .bss                 zero     0x2000a334      0x1  wwd_bus_protocol.o [5]
  .bss                 zero     0x2000a335      0x1  wwd_bus_protocol.o [5]
  .bss                 zero     0x2000a336      0x1  netif.o [5]
  .bss                 zero     0x2000a337      0x1  tcp_in.o [5]
  .bss                 zero     0x2000a338      0x1  tcp_in.o [5]
  CSTACK                        0x2000a340    0x200  <Block>
    CSTACK             uninit   0x2000a340    0x200  <Block tail>
  HEAP                          0x2000a540  0x15000  <Block>
    HEAP               uninit   0x2000a540  0x15000  <Block tail>
                              - 0x2001f540  0x1f540


*******************************************************************************
*** INIT TABLE
***

          Address     Size
          -------     ----
Zero (__iar_zero_init3)
    1 destination range, total size 0x9fa1:
          0x20000398  0x9fa1

Copy/packbits (__iar_packbits_init3)
    1 source range, total size 0x11f (31% of destination):
          0x0803a520   0x11f
    1 destination range, total size 0x398:
          0x20000000   0x398

Extra (__iar_cstart_call_ctors)



*******************************************************************************
*** MODULE SUMMARY
***

    Module                    ro code  ro data  rw data
    ------                    -------  -------  -------
D:\github\MICO\Build\COM.MXCHIP.HA\EMW3162\obj: [1]
    EasyLink.o                  7 144                20
    HTTPUtils.o                 5 128        2        4
    HaProtocol.o                2 416        6       20
    LocalTcpServer.o            1 768                 4
    MDNSUtils.o                 3 364        8       28
    MICOAppEntrance.o           1 020             2 064
    MICOBonjour.o               1 008                 4
    MICOConfig.o                             6        4
    MICOConfigDelegate.o        3 992                12
    MICOConfigMenu.o            1 688
    MICOConfigServer.o          3 272                 4
    MICOEntrance.o              4 372                24
    MICONTPClient.o             1 256                 8
    MICONotificationCenter.o      992                84
    MICOParaStorage.o             920                 4
    MICOSystemMonitor.o           408                20
    MicoDriverFlash.o           1 312
    MicoDriverGpio.o              484
    MicoDriverRtc.o               460        2        8
    MicoDriverUart.o            1 876                60
    MicoDriverWdg.o               620                20
    RemoteTcpClient.o           1 284                 8
    RingBufferUtils.o              94
    SocketUtils.o                 776
    StringUtils.o               2 504
    URLUtils.o                    362
    UartRecv.o                    592
    arraylist.o                   212
    crt0_IAR.o                     28
    gpio_irq.o                    778               193
    hardfault.o                   772
    json_object.o               1 512       38        8
    json_tokener.o              3 884        1        4
    json_util.o                   228
    linkhash.o                    844
    misc.o                        148
    platform.o                    660      532       16
    printbuf.o                    310                 1
    read_wifi_firmware.o          108        1        4
    rtc.o                       1 376                12
    startup_stm32f2xx_IAR.o       702
    stdio_IAR.o                    20
    stm32f2xx_dma.o               456
    stm32f2xx_exti.o              120
    stm32f2xx_flash.o             642
    stm32f2xx_gpio.o              184
    stm32f2xx_iwdg.o               52
    stm32f2xx_platform.o        1 116       16      132
    stm32f2xx_pwr.o               104
    stm32f2xx_rcc.o               576        5       16
    stm32f2xx_rtc.o             1 474
    stm32f2xx_sdio.o              100
    stm32f2xx_syscfg.o             40
    stm32f2xx_tim.o               734
    stm32f2xx_usart.o             256
    wlan_bus.o                  2 260             2 072
    wlan_platform.o               196
    ---------------------------------------------------
    Total:                     69 004      617    4 858

command line: [2]
    ---------------------------------------------------
    Total:

dl7M_tlf.a: [3]
    XShHandles.o                  224               128
    XShttio.o                       8        3        8
    abort.o                         6
    asctime.o                      44        8       28
    cppinit.o                      24
    div.o                          14
    errno.o                        12        1        4
    exit.o                          4
    fclose.o                      122
    fflush.o                      176
    fputc.o                        86
    fseek.o                        34
    getzone.o                      10
    isxxx.o                        40
    localeconv.o                  108       43      136
    localtim.o                    182        2        8
    memcpy.o                       12
    memset.o                       20
    printf.o                       36
    putchar.o                      12
    rand.o                        224       43      140
    setlocale.o                    84       36      116
    snprintf.o                     68
    sprintf.o                      52
    srand.o                        32
    sscanf.o                       36
    strdup.o                       24
    strncasecmp.o                  78
    strncmp.o                      42
    strnlen.o                      22
    strrchr.o                      24
    strstr.o                       44
    tolower.o                      20
    toupper.o                      24
    vprintf.o                      24
    vsnprint.o                     60
    vsprintf.o                     44
    xcloseall.o                    88
    xencoding_sb.o                 96
    xfgpos.o                       12
    xfiles.o                                70      384
    xfofind.o                     124
    xfspos.o                      214
    xfwprep.o                     182
    xgentime.o                  2 118
    xgetdst.o                     356
    xgetmemchunk.o                 44                 4
    xgettime.o                     66
    xisdst.o                      308        1        4
    xisdstData.o                             2        4
    xlocale_c.o                   438        4       84
    xmbcurmax.o                    10
    xmbtowc.o                      32
    xprintffull.o               4 432
    xprout.o                       22
    xscanffull.o                3 316
    xsnprout.o                     26
    xsprout.o                      10
    xsscin.o                       30
    xstoflt.o                     440
    xstol.o                       136
    xstoll.o                      164
    xstopfx.o                     308
    xstoul.o                      404
    xstoull.o                     432
    xstoxflt.o                    536
    xstrftim.o                    268
    xsyslock.o                     32
    xsyslock_mtx.o                348                56
    xtls.o                          2
    xttotm.o                      392       13       44
    xwctob.o                       64
    xwctomb.o                      26
    ---------------------------------------------------
    Total:                     17 552      226    1 148

m7M_tl.a: [4]
    DblAdd.o                      232
    DblCmpEq.o                     32
    DblCmpGe.o                     46
    DblCmpLe.o                     46
    DblDiv.o                      582
    DblMul.o                      418
    DblSub.o                      384
    DblToFlt.o                    144
    DblToI32.o                     88
    FltMul.o                      216
    FltToU32.o                     36
    I32ToDbl.o                     48
    I32ToFlt.o                     30
    xdnorm.o                       66
    xdscale.o                     268
    xdtento.o                     512
    xdunscal.o                     86
    xstold.o                      332
    ---------------------------------------------------
    Total:                      3 566

mxchipWNet_cm3_sdio.a: [5]
    SDPCM.o                     2 768       20       97
    api_lib.o                   1 508
    api_msg.o                   3 788
    def.o                          54
    dhcp.o                      3 808        1       56
    dhcp_server.o               1 564      132      132
    dlmalloc.o                  9 524               496
    dns.o                       1 560       28    1 653
    dns_redirect.o                496       24
    dnsclient.o                   104                44
    easylink.o                  2 012      300      492
    easylink2.o                 1 832      134      764
    etharp.o                    2 224       16      161
    heap_3.o                       56
    iar_mutex.o                    40
    icmp.o                        506
    igmp.o                      1 396                16
    inet_chksum.o                 356
    init.o                         32
    ip.o                        1 240                22
    ip_addr.o                     602        8       16
    ip_frag.o                   1 410                 6
    list.o                        154
    lwiptcpip.o                   636       16       12
    lwiptimers.o                  824                 8
    md5.o                       2 462
    memp.o                        192       72   29 628
    mftest.o                      936      390      164
    mxchipWNET.o                1 936       60       36
    mxchipbesl.o                   12
    netbuf.o                      214
    netif.o                       854                77
    netifapi.o                     72
    ostimers.o                    880        8       56
    pbuf.o                      1 240
    port.o                        208        1        4
    portasm.o                     140
    queue.o                     1 262
    raw.o                         460                 4
    read_wifi_firmware.o           24
    sockets.o                   5 000       64      420
    sys.o                          40
    sys_arch.o                    672
    tasks.o                     2 608       30      360
    tcp.o                       3 580       30       55
    tcp_in.o                    4 952                48
    tcp_out.o                   3 260
    tcpip.o                     1 572
    udp.o                       1 572                 4
    wiced_lib.o                   140       12
    wiced_network.o             1 016       28      336
    wiced_ping.o                  396                46
    wiced_rtos.o                1 698       44       16
    wifi.o                      1 132       69       34
    wifimgr.o                   4 872      536      443
    wps_host.o                     76                10
    wwd_ap.o                    1 082       52        5
    wwd_buffer.o                  152
    wwd_bus_protocol.o          2 492                 2
    wwd_firmware.o                734      780
    wwd_internal.o                592       16       16
    wwd_management.o              572       40        8
    wwd_network.o                 380        8
    wwd_rtos.o                    304        1        4
    wwd_thread.o                  432        8       11
    wwd_wifi.o                  5 088      468       17
    ---------------------------------------------------
    Total:                     93 800    3 396   35 779

rt7M_tl.a: [6]
    ABImemclr.o                     6
    ABImemclr4.o                    6
    ABImemcpy_unaligned.o         118
    ABImemmove_unaligned.o        120
    ABImemset.o                   102
    ABImemset48.o                  58
    I64DivMod.o                   238
    I64DivZer.o                     2
    cexit.o                        18
    cmain.o                        26
    cmain_call_ctors.o             32
    cstart_clearlocks.o
    cstart_closeall.o
    cstartup_M.o                   12
    data_init.o                    40
    memchr.o                       88
    memcmp_unaligned.o             98
    memmove.o                      12
    packbits_init.o               210
    strchr.o                       22
    strcmp_unaligned.o             66
    strcpy_unaligned.o             68
    strlen.o                       54
    strncpy_unaligned.o           108
    zero_init3.o                   34
    ---------------------------------------------------
    Total:                      1 538

shb_l.a: [7]
    close.o                        26
    exit.o                         20
    iarttio.o                      48
    lseek.o                        76
    remove.o                       22
    ---------------------------------------------------
    Total:                        192

    Gaps                           70        6
    Linker created                          48   86 528
-------------------------------------------------------
    Grand Total:              185 722    4 293  128 313


*******************************************************************************
*** ENTRY LIST
***

Entry                      Address    Size  Type      Object
-----                      -------    ----  ----      ------
.intvec$$Base           0x0800c000           --   Gb  - Linker created -
.intvec$$Limit          0x0800c184           --   Gb  - Linker created -
?main                   0x08039df5          Code  Gb  cmain.o [6]
APBAHBPrescTable        0x20000300    0x10  Data  Lc  stm32f2xx_rcc.o [1]
AddLength               0x08035b75    0x14  Code  Lc  md5.o [5]
ApListAdvCallback       0x080105b3    0x1a  Code  Gb  MICONotificationCenter.o [1]
ApListCallback          0x08010599    0x1a  Code  Gb  MICONotificationCenter.o [1]
BonjourNotify_SYSWillPoerOffHandler
                        0x0802a319     0xe  Code  Gb  MICOBonjour.o [1]
BonjourNotify_WifiStatusHandler
                        0x0802a30d     0xc  Code  Gb  MICOBonjour.o [1]
CSTACK$$Base            0x2000a340           --   Gb  - Linker created -
CSTACK$$Limit           0x2000a540           --   Gb  - Linker created -
CaptureNumber           0x2000a064     0x4  Data  Lc  MicoDriverWdg.o [1]
CheckNetLink            0x08012def    0x60  Code  Gb  mxchipWNET.o [5]
CloseEasylink2          0x08012eb7     0xa  Code  Gb  mxchipWNET.o [5]
ConfigCreateReportJsonMessage
                        0x08029219   0x7aa  Code  Gb  MICOConfigDelegate.o [1]
ConfigELRecvAuthData    0x08029215     0x4  Code  Gb  MICOConfigDelegate.o [1]
ConfigEasyLinkIsSuccess
                        0x0802909f    0x1c  Code  Gb  MICOConfigDelegate.o [1]
ConfigIncommingJsonMessage
                        0x080299d1   0x1b8  Code  Gb  MICOConfigDelegate.o [1]
ConfigSoftApWillStart   0x080290cb   0x144  Code  Gb  MICOConfigDelegate.o [1]
ConfigWillStart         0x08029073    0x10  Code  Gb  MICOConfigDelegate.o [1]
ConfigWillStop          0x08029083    0x1c  Code  Gb  MICOConfigDelegate.o [1]
Context                 0x2000a118     0x4  Data  Lc  LocalTcpServer.o [1]
Context                 0x2000a124     0x4  Data  Lc  MICOConfigServer.o [1]
CreateHTTPMessage       0x0802bd85   0x100  Code  Gb  HTTPUtils.o [1]
CreateSimpleHTTPMessageNoCopy
                        0x0802bc99    0xd0  Code  Gb  HTTPUtils.o [1]
CreateSimpleHTTPOKMessage
                        0x0802bc15    0x6a  Code  Gb  HTTPUtils.o [1]
DMA2_Stream1_IRQHandler
                        0x08011d27    0x32  Code  Gb  MicoDriverUart.o [1]
DMA2_Stream2_IRQHandler
                        0x08011cf5    0x32  Code  Gb  MicoDriverUart.o [1]
DMA2_Stream3_IRQHandler
                        0x08026f27     0x2  Code  Gb  wlan_bus.o [1]
DMA2_Stream6_IRQHandler
                        0x08011cbb    0x3a  Code  Gb  MicoDriverUart.o [1]
DMA2_Stream7_IRQHandler
                        0x08011c81    0x3a  Code  Gb  MicoDriverUart.o [1]
DMA_Cmd                 0x08014a17    0x12  Code  Gb  stm32f2xx_dma.o [1]
DMA_DeInit              0x080148e5    0xe0  Code  Gb  stm32f2xx_dma.o [1]
DMA_ITConfig            0x08014a29    0x2c  Code  Gb  stm32f2xx_dma.o [1]
DMA_Init                0x080149c5    0x52  Code  Gb  stm32f2xx_dma.o [1]
DataToHexStringWithColons
                        0x0801db65    0x8c  Code  Gb  StringUtils.o [1]
DataToHexStringWithSpaces
                        0x0801db11    0x54  Code  Gb  StringUtils.o [1]
EXTI0_IRQHandler        0x08014da9     0x2  Code  Gb  gpio_irq.o [1]
EXTI15_10_IRQHandler    0x08014db5     0x2  Code  Gb  gpio_irq.o [1]
EXTI1_IRQHandler        0x08014dab     0x2  Code  Gb  gpio_irq.o [1]
EXTI2_IRQHandler        0x08014dad     0x2  Code  Gb  gpio_irq.o [1]
EXTI3_IRQHandler        0x08014daf     0x2  Code  Gb  gpio_irq.o [1]
EXTI4_IRQHandler        0x08014db1     0x2  Code  Gb  gpio_irq.o [1]
EXTI9_5_IRQHandler      0x08014db3     0x2  Code  Gb  gpio_irq.o [1]
EXTI_ClearITPendingBit  0x08012649     0x2  Code  Gb  stm32f2xx_exti.o [1]
EXTI_Init               0x080125e1    0x68  Code  Gb  stm32f2xx_exti.o [1]
EasyLinkNotify_DHCPCompleteHandler
                        0x0801e5c1    0x5c  Code  Gb  EasyLink.o [1]
EasyLinkNotify_EasyLinkCompleteHandler
                        0x0801e695   0x1a8  Code  Gb  EasyLink.o [1]
EasyLinkNotify_EasyLinkGetExtraDataHandler
                        0x0801e901   0x29c  Code  Gb  EasyLink.o [1]
EasyLinkNotify_SYSWillPowerOffHandler
                        0x0801ecf9    0x1e  Code  Gb  EasyLink.o [1]
EasyLinkNotify_WiFIParaChangedHandler
                        0x0801e4c9    0x88  Code  Gb  EasyLink.o [1]
EasyLinkNotify_WifiStatusHandler
                        0x0801e3a5    0xa0  Code  Gb  EasyLink.o [1]
EasylinkFailed          0x2000a050     0x1  Data  Lc  EasyLink.o [1]
FLASH_ClearFlag         0x08010da1     0x6  Code  Gb  stm32f2xx_flash.o [1]
FLASH_EraseSector       0x08010bfd    0x68  Code  Gb  stm32f2xx_flash.o [1]
FLASH_Lock              0x08010bef     0xe  Code  Gb  stm32f2xx_flash.o [1]
FLASH_PrefetchBufferCmd
                        0x08010bc1    0x16  Code  Gb  stm32f2xx_flash.o [1]
FLASH_ProgramByte       0x08010c9f   0x102  Code  Gb  stm32f2xx_flash.o [1]
FLASH_ProgramWord       0x08010c65    0x3a  Code  Gb  stm32f2xx_flash.o [1]
FLASH_SetLatency        0x08010bb9     0x8  Code  Gb  stm32f2xx_flash.o [1]
FLASH_Unlock            0x08010bd7    0x18  Code  Gb  stm32f2xx_flash.o [1]
FLASH_WaitForLastOperation
                        0x08010dc1    0x72  Code  Gb  stm32f2xx_flash.o [1]
GPIO_Init               0x0801472d    0x72  Code  Gb  stm32f2xx_gpio.o [1]
GPIO_PinAFConfig        0x080147bd    0x28  Code  Gb  stm32f2xx_gpio.o [1]
GPIO_ReadInputDataBit   0x0801479f     0xe  Code  Gb  stm32f2xx_gpio.o [1]
GPIO_ResetBits          0x080147b1     0x4  Code  Gb  stm32f2xx_gpio.o [1]
GPIO_SetBits            0x080147ad     0x4  Code  Gb  stm32f2xx_gpio.o [1]
GPIO_ToggleBits         0x080147b5     0x8  Code  Gb  stm32f2xx_gpio.o [1]
GetLSIFrequency         0x08028b7f    0xf0  Code  Lc  MicoDriverWdg.o [1]
HEAP$$Base              0x2000a540           --   Gb  - Linker created -
HEAP$$Limit             0x2001f540           --   Gb  - Linker created -
HTTPGetHeaderField      0x0802b9d1   0x116  Code  Gb  HTTPUtils.o [1]
HTTPHeaderClear         0x0802bb47    0xce  Code  Gb  HTTPUtils.o [1]
HTTPHeaderCreate        0x0802bb3d     0xa  Code  Gb  HTTPUtils.o [1]
HTTPHeaderMatchURL      0x0802bb19    0x10  Code  Gb  HTTPUtils.o [1]
HTTPHeaderParse         0x0802b63d   0x2fa  Code  Gb  HTTPUtils.o [1]
HTTPScanFHeaderValue    0x0802baed    0x2c  Code  Gb  HTTPUtils.o [1]
ISOwkyr                 0x08031d41    0xbc  Code  Lc  xgentime.o [3]
IWDG_Enable             0x080319a5     0xa  Code  Gb  stm32f2xx_iwdg.o [1]
IWDG_ReloadCounter      0x0803199b     0xa  Code  Gb  stm32f2xx_iwdg.o [1]
IWDG_SetPrescaler       0x0803198f     0x6  Code  Gb  stm32f2xx_iwdg.o [1]
[...]
vQueueDelete            0x0801040b    0x12  Code  Gb  queue.o [5]
vQueueWaitForMessageRestricted
                        0x08010559    0x3e  Code  Gb  queue.o [5]
vSetMSP                 0x0801001d          Code  Gb  portasm.o [5]
vTaskDelay              0x0800ec15    0x36  Code  Gb  tasks.o [5]
vTaskDelete             0x0800eba1    0x74  Code  Gb  tasks.o [5]
vTaskForceAwake         0x0800ecc3    0x48  Code  Gb  tasks.o [5]
vTaskIncrementTick      0x0800ee71   0x106  Code  Gb  tasks.o [5]
vTaskMissedYield        0x0800f153     0xa  Code  Gb  tasks.o [5]
vTaskPlaceOnEventList   0x0800f01b    0x42  Code  Gb  tasks.o [5]
vTaskPlaceOnEventListRestricted
                        0x0800f05d    0x26  Code  Gb  tasks.o [5]
vTaskPriorityDisinherit
                        0x0800f423    0x44  Code  Gb  tasks.o [5]
vTaskPriorityInherit    0x0800f3bd    0x66  Code  Gb  tasks.o [5]
vTaskSetTimeOutState    0x0800f0e3    0x10  Code  Gb  tasks.o [5]
vTaskStartScheduler     0x0800ed0d    0x50  Code  Gb  tasks.o [5]
vTaskSuspendAll         0x0800ed5d    0x10  Code  Gb  tasks.o [5]
vTaskSwitchContext      0x0800ef77    0xa4  Code  Gb  tasks.o [5]
vprintf                 0x08035ec1    0x18  Code  Gb  vprintf.o [3]
vsnprintf               0x08035e59    0x3c  Code  Gb  vsnprint.o [3]
vsprintf                0x08035e95    0x2c  Code  Gb  vsprintf.o [3]
wiced_abort_read        0x080278c1    0x4e  Code  Lc  wwd_bus_protocol.o [5]
wiced_bus_allow_wlan_bus_to_sleep
                        0x080279e5    0x22  Code  Gb  wwd_bus_protocol.o [5]
wiced_bus_deinit        0x080273ef    0x14  Code  Gb  wwd_bus_protocol.o [5]
wiced_bus_ensure_wlan_bus_is_up
                        0x08027941    0x78  Code  Gb  wwd_bus_protocol.o [5]
wiced_bus_flow_controlled
                        0x2000a335     0x1  Data  Lc  wwd_bus_protocol.o [5]
wiced_bus_init          0x080270f5   0x2fa  Code  Gb  wwd_bus_protocol.o [5]
wiced_bus_interrupt     0x2000a321     0x1  Data  Lc  wwd_thread.o [5]
wiced_bus_is_flow_controlled
                        0x080279df     0x6  Code  Gb  wwd_bus_protocol.o [5]
wiced_bus_poke_wlan     0x080279b9     0xe  Code  Gb  wwd_bus_protocol.o [5]
wiced_bus_process_interrupt
                        0x08027403    0x28  Code  Gb  wwd_bus_protocol.o [5]
wiced_bus_set_flow_control
                        0x080279c7    0x18  Code  Gb  wwd_bus_protocol.o [5]
wiced_bus_transfer_buffer
                        0x080270bd    0x38  Code  Gb  wwd_bus_protocol.o [5]
wiced_bus_transfer_bytes
                        0x08027617    0x16  Code  Gb  wwd_bus_protocol.o [5]
wiced_device_core_is_up
                        0x08031371    0x5c  Code  Gb  wwd_internal.o [5]
wiced_dhcp_handle       0x20009d04    0x3c  Data  Gb  wiced_network.o [5]
wiced_disable_device_core
                        0x080313cd    0x9e  Code  Gb  wwd_internal.o [5]
wiced_dns_redirector_start
                        0x0802244d    0x42  Code  Gb  dns_redirect.o [5]
wiced_dns_redirector_stop
                        0x0802248f    0x30  Code  Gb  dns_redirect.o [5]
wiced_download_firmware
                        0x080277c7    0xfa  Code  Lc  wwd_bus_protocol.o [5]
wiced_get_available_bus_credits
                        0x080222f7     0xe  Code  Gb  SDPCM.o [5]
wiced_get_core_address  0x08031351     0xa  Code  Lc  wwd_internal.o [5]
wiced_get_ioctl_buffer  0x08022249    0x26  Code  Gb  SDPCM.o [5]
wiced_get_iovar_buffer  0x080221e5    0x64  Code  Gb  SDPCM.o [5]
wiced_get_mac_addr      0x0801bebb     0xc  Code  Gb  wwd_management.o [5]
wiced_get_next_buffer_in_queue
                        0x08022395     0xa  Code  Lc  SDPCM.o [5]
wiced_get_packet_to_send
                        0x0802226f    0x88  Code  Gb  SDPCM.o [5]
wiced_gpio_input_get    0x08014f33    0x3c  Code  Gb  MicoDriverGpio.o [1]
wiced_handle_apsta_event
                        0x08022619    0x2e  Code  Lc  wwd_ap.o [5]
wiced_init              0x080150b9    0x8a  Code  Gb  wifi.o [5]
wiced_init_sdpcm        0x08021959    0xe4  Code  Gb  SDPCM.o [5]
wiced_inited            0x2000a320     0x1  Data  Lc  wwd_thread.o [5]
wiced_initialised       0x2000a326     0x1  Data  Lc  wifi.o [5]
wiced_ioctl_response    0x2000a294     0x4  Data  Lc  SDPCM.o [5]
wiced_ioctl_sleep       0x2000a298     0x4  Data  Lc  SDPCM.o [5]
wiced_ip_broadcast      0x08039f78    0x14  Data  Gb  wiced_network.o [5]
wiced_ip_down           0x08021879    0x7e  Code  Gb  wiced_network.o [5]
wiced_ip_get_gateway_address
                        0x08016889    0x24  Code  Gb  tcpip.o [5]
wiced_ip_get_ipaddr     0x080168d1    0x56  Code  Gb  tcpip.o [5]
wiced_ip_get_ipv4_address
                        0x08016c4b    0x24  Code  Gb  tcpip.o [5]
wiced_ip_get_netmask    0x080168ad    0x24  Code  Gb  tcpip.o [5]
wiced_ip_handle         0x200096d0    0x88  Data  Gb  wiced_network.o [5]
wiced_ip_up             0x0802160d   0x26c  Code  Gb  wiced_network.o [5]
wiced_join_events_handler
                        0x080187a1   0x12a  Code  Lc  wwd_wifi.o [5]
wiced_join_status       0x2000a224     0x4  Data  Gb  wwd_wifi.o [5]
wiced_leave_ap          0x08015143    0x1e  Code  Gb  wifi.o [5]
wiced_mac_addr          0x2000a10c     0x8  Data  Lc  wwd_management.o [5]
wiced_management_init   0x0801bca5    0x1e  Code  Gb  wwd_management.o [5]
wiced_management_set_event_handler
                        0x08022061     0xa  Code  Gb  SDPCM.o [5]
wiced_management_wifi_off
                        0x0801be69    0x52  Code  Gb  wwd_management.o [5]
wiced_management_wifi_on
                        0x0801bcc3   0x1a6  Code  Gb  wwd_management.o [5]
wiced_network_init      0x08021561    0x9a  Code  Gb  wiced_network.o [5]
wiced_network_link_renew_handler
                        0x080218f7    0x18  Code  Gb  wiced_network.o [5]
wiced_network_send_ethernet_data
                        0x08021abb    0x8a  Code  Gb  SDPCM.o [5]
wiced_networking_worker_thread
                        0x2000a0e4     0x8  Data  Gb  wiced_rtos.o [5]
wiced_packet_create_tcp
                        0x08016b1b    0x6c  Code  Gb  tcpip.o [5]
wiced_packet_create_udp
                        0x08016b87    0x12  Code  Gb  tcpip.o [5]
wiced_packet_delete     0x08016b99     0xa  Code  Gb  tcpip.o [5]
wiced_packet_get_data   0x08016bd5    0x76  Code  Gb  tcpip.o [5]
wiced_packet_set_data_end
                        0x08016ba3    0x16  Code  Gb  tcpip.o [5]
wiced_ping              0x08016861    0x28  Code  Gb  tcpip.o [5]
wiced_ping_send         0x080237dd    0x8c  Code  Gb  wiced_ping.o [5]
wiced_platform_notify_irq
                        0x08027b4b    0x1a  Code  Gb  wwd_thread.o [5]
wiced_process_bus_credit_update
                        0x08021b45    0x56  Code  Gb  SDPCM.o [5]
wiced_process_sdpcm     0x08021b9b   0x314  Code  Gb  SDPCM.o [5]
wiced_quit_sdpcm        0x08021a3d    0x4e  Code  Gb  SDPCM.o [5]
wiced_read_backplane_value
                        0x080275c3    0x36  Code  Gb  wwd_bus_protocol.o [5]
wiced_read_frame        0x0802742b   0x166  Code  Gb  wwd_bus_protocol.o [5]
wiced_read_register_value
                        0x0802790f    0x32  Code  Lc  wwd_bus_protocol.o [5]
wiced_receive_one_packet
                        0x08027b03    0x20  Code  Gb  wwd_thread.o [5]
wiced_reset_device_core
                        0x0803146b    0x9e  Code  Gb  wwd_internal.o [5]
wiced_rtos_create_thread
                        0x08010fbd    0x4e  Code  Gb  wiced_rtos.o [5]
wiced_rtos_create_worker_thread
                        0x08011257    0x5a  Code  Gb  wiced_rtos.o [5]
wiced_rtos_deinit_queue
                        0x08011197     0xc  Code  Gb  wiced_rtos.o [5]
wiced_rtos_deinit_semaphore
                        0x0801111f    0x16  Code  Gb  wiced_rtos.o [5]
wiced_rtos_deinit_timer
                        0x08011219    0x22  Code  Gb  wiced_rtos.o [5]
wiced_rtos_delay_milliseconds
                        0x0801106d     0xa  Code  Gb  wiced_rtos.o [5]
wiced_rtos_delete_thread
                        0x0801100b    0x24  Code  Gb  wiced_rtos.o [5]
wiced_rtos_deregister_timed_event
                        0x080112f9    0x24  Code  Gb  wiced_rtos.o [5]
wiced_rtos_get_semaphore
                        0x080110b7    0x22  Code  Gb  wiced_rtos.o [5]
wiced_rtos_init         0x08010f9b    0x22  Code  Gb  wiced_rtos.o [5]
wiced_rtos_init_queue   0x08011135    0x1e  Code  Gb  wiced_rtos.o [5]
wiced_rtos_init_semaphore
                        0x08011095    0x22  Code  Gb  wiced_rtos.o [5]
wiced_rtos_init_timer   0x080111b9    0x36  Code  Gb  wiced_rtos.o [5]
wiced_rtos_is_current_thread
                        0x08011049    0x18  Code  Gb  wiced_rtos.o [5]
wiced_rtos_pop_from_queue
                        0x08011175    0x22  Code  Gb  wiced_rtos.o [5]
wiced_rtos_push_to_queue
                        0x08011153    0x22  Code  Gb  wiced_rtos.o [5]
wiced_rtos_register_timed_event
                        0x080112b1    0x48  Code  Gb  wiced_rtos.o [5]
wiced_rtos_send_asynchronous_event
                        0x0801131d    0x14  Code  Gb  wiced_rtos.o [5]
wiced_rtos_set_semaphore
                        0x080110d9    0x46  Code  Gb  wiced_rtos.o [5]
wiced_rtos_start_timer  0x080111ef    0x2a  Code  Gb  wiced_rtos.o [5]
wiced_rtos_thread_force_awake
                        0x08011061     0xc  Code  Gb  wiced_rtos.o [5]
wiced_rtos_thread_join  0x0801102f    0x1a  Code  Gb  wiced_rtos.o [5]
wiced_sdio_redirect_oob_interrupt
                        0x08027a07    0x36  Code  Lc  wwd_bus_protocol.o [5]
wiced_sdio_transfer     0x0802762d    0x92  Code  Lc  wwd_bus_protocol.o [5]
wiced_sdpcm_ioctl_mutex
                        0x2000a290     0x4  Data  Lc  SDPCM.o [5]
wiced_sdpcm_send_queue_head
                        0x2000a2a4     0x4  Data  Lc  SDPCM.o [5]
wiced_sdpcm_send_queue_mutex
                        0x2000a2a0     0x4  Data  Lc  SDPCM.o [5]
wiced_sdpcm_send_queue_tail
                        0x2000a2a8     0x4  Data  Lc  SDPCM.o [5]
wiced_send_ioctl        0x08021eb5   0x1ac  Code  Gb  SDPCM.o [5]
wiced_send_iovar        0x08021a8b    0x30  Code  Gb  SDPCM.o [5]
wiced_send_one_packet   0x08027ac7    0x3c  Code  Gb  wwd_thread.o [5]
wiced_send_sdpcm_common
                        0x08022305    0x90  Code  Lc  SDPCM.o [5]
wiced_set_backplane_window
                        0x080312b9    0x98  Code  Gb  wwd_internal.o [5]
wiced_set_next_buffer_in_queue
                        0x0802239f     0xe  Code  Lc  SDPCM.o [5]
wiced_sta_link_up       0x2000a327     0x1  Data  Lc  wifi.o [5]
wiced_start_dhcp_server
                        0x0802dd8d    0x56  Code  Gb  dhcp_server.o [5]
wiced_stop_dhcp         0x0802190f     0x8  Code  Gb  wiced_network.o [5]
wiced_stop_dhcp_server  0x0802dde3    0x2a  Code  Gb  dhcp_server.o [5]
wiced_tcp_bind          0x08016a2f    0x4a  Code  Gb  tcpip.o [5]
wiced_tcp_connect       0x08016985    0xaa  Code  Gb  tcpip.o [5]
wiced_tcp_create_socket
                        0x08016927    0x5e  Code  Gb  tcpip.o [5]
wiced_tcp_send_packet   0x08016a79    0x20  Code  Gb  tcpip.o [5]
wiced_tcp_start_tls     0x08023f53     0x6  Code  Gb  mxchipbesl.o [5]
wiced_thread            0x2000a188     0x4  Data  Lc  wwd_thread.o [5]
wiced_thread_func       0x08027b79    0x94  Code  Lc  wwd_thread.o [5]
wiced_thread_init       0x08027a79    0x4e  Code  Gb  wwd_thread.o [5]
wiced_thread_notify     0x08027b65    0x14  Code  Gb  wwd_thread.o [5]
wiced_thread_quit       0x08027b23    0x28  Code  Gb  wwd_thread.o [5]
wiced_thread_quit_flag  0x2000a31f     0x1  Data  Lc  wwd_thread.o [5]
wiced_time_get_time     0x08011077    0x1e  Code  Gb  wiced_rtos.o [5]
wiced_time_offset       0x2000a14c     0x4  Data  Lc  wiced_rtos.o [5]
wiced_tls_encrypt_packet
                        0x08023f4d     0x6  Code  Gb  mxchipbesl.o [5]
wiced_transceive_semaphore
                        0x2000a18c     0x4  Data  Lc  wwd_thread.o [5]
wiced_udp_create_socket
                        0x08016c6f    0x7c  Code  Gb  tcpip.o [5]
wiced_udp_delete_socket
                        0x08016da3    0x1e  Code  Gb  tcpip.o [5]
wiced_udp_packet_get_info
                        0x08016bb9    0x1c  Code  Gb  tcpip.o [5]
wiced_udp_receive       0x08016d67    0x3c  Code  Gb  tcpip.o [5]
wiced_udp_send          0x08016ceb    0x7c  Code  Gb  tcpip.o [5]
wiced_using_dhcp        0x2000a32a     0x1  Data  Lc  wiced_network.o [5]
wiced_wifi_add_packet_filter
                        0x08018e79    0x80  Code  Gb  wwd_wifi.o [5]
wiced_wifi_ap_is_up     0x2000a333     0x1  Data  Gb  wwd_ap.o [5]
wiced_wifi_cooee_stop   0x08019c5f    0x38  Code  Lc  easylink2.o [5]
wiced_wifi_disable_monitor_mode
                        0x08018d35    0x5c  Code  Gb  wwd_wifi.o [5]
wiced_wifi_disable_packet_filter
                        0x08018f37     0xc  Code  Gb  wwd_wifi.o [5]
wiced_wifi_enable_monitor_mode
                        0x08018cd9    0x5c  Code  Gb  wwd_wifi.o [5]
wiced_wifi_enable_packet_filter
                        0x08018f2b     0xc  Code  Gb  wwd_wifi.o [5]
wiced_wifi_enable_powersave_with_throughput
                        0x08018991    0x8e  Code  Gb  wwd_wifi.o [5]
wiced_wifi_get_ap_name  0x08018f85    0x68  Code  Gb  wwd_wifi.o [5]
wiced_wifi_get_channel  0x08018dbd     0xc  Code  Gb  wwd_wifi.o [5]
wiced_wifi_get_mac_address
                        0x080188cb    0x4e  Code  Gb  wwd_wifi.o [5]
wiced_wifi_get_pmk      0x08018a35    0x7a  Code  Gb  wwd_wifi.o [5]
wiced_wifi_get_rssi     0x08018c81    0x4c  Code  Gb  wwd_wifi.o [5]
wiced_wifi_get_wifi_version
                        0x08019049    0x52  Code  Gb  wwd_wifi.o [5]
wiced_wifi_is_packet_from_ap
                        0x08022a45     0xe  Code  Gb  wwd_ap.o [5]
wiced_wifi_is_ready_to_transceive
                        0x08018919    0x70  Code  Gb  wwd_wifi.o [5]
wiced_wifi_join         0x080181a5   0x102  Code  Gb  wwd_wifi.o [5]
wiced_wifi_join_specific
                        0x080182a7   0x130  Code  Gb  wwd_wifi.o [5]
wiced_wifi_leave        0x08018751    0x50  Code  Gb  wwd_wifi.o [5]
wiced_wifi_prepare_join
                        0x080183d7   0x37a  Code  Lc  wwd_wifi.o [5]
wiced_wifi_register_multicast_address
                        0x08018aaf    0xcc  Code  Gb  wwd_wifi.o [5]
wiced_wifi_remove_packet_filter
                        0x08018efd    0x2e  Code  Gb  wwd_wifi.o [5]
wiced_wifi_scan         0x08017d09   0x146  Code  Gb  wwd_wifi.o [5]
wiced_wifi_scan_networks
                        0x08015161   0x118  Code  Gb  wifi.o [5]
wiced_wifi_set_channel  0x08018e07     0xc  Code  Gb  wwd_wifi.o [5]
wiced_wifi_set_down     0x08018d99    0x20  Code  Gb  wwd_wifi.o [5]
wiced_wifi_set_maxassoc
                        0x0801909b    0x2c  Code  Gb  wwd_wifi.o [5]
wiced_wifi_sleep_flag   0x2000a2ac     0x4  Data  Lc  wwd_ap.o [5]
wiced_wifi_start_ap     0x08022647   0x2e0  Code  Gb  wwd_ap.o [5]
wiced_wifi_stop_ap      0x0802292d    0xea  Code  Gb  wwd_ap.o [5]
wiced_wifi_stop_scan    0x08017e4f    0x58  Code  Gb  wwd_wifi.o [5]
wiced_wifi_toggle_packet_filter
                        0x08018f43    0x32  Code  Gb  wwd_wifi.o [5]
wiced_wifi_unregister_multicast_address
                        0x08018b7b    0xec  Code  Gb  wwd_wifi.o [5]
wiced_wlan_status       0x20000320     0xc  Data  Gb  wwd_internal.o [5]
wiced_write_backplane_value
                        0x08027591    0x32  Code  Gb  wwd_bus_protocol.o [5]
wiced_write_register_value
                        0x080275f9    0x1e  Code  Gb  wwd_bus_protocol.o [5]
wiced_write_wifi_firmware_image
                        0x08031509    0xbe  Code  Gb  wwd_firmware.o [5]
wiced_write_wifi_nvram_image
                        0x080315c7   0x160  Code  Gb  wwd_firmware.o [5]
wifi_nvram_image        0x08038b24   0x30c  Data  Lc  wwd_firmware.o [5]
wifi_power_down         0x08013253    0x26  Code  Gb  mxchipWNET.o [5]
wifi_power_is_down      0x2000a138     0x4  Data  Lc  mxchipWNET.o [5]
wifi_reboot_event       0x080106c9    0x16  Code  Gb  MICONotificationCenter.o [1]
wifi_reboot_only        0x08016469    0x28  Code  Gb  wifimgr.o [5]
wifi_status_callback    0x08012d4d    0x74  Code  Gb  mxchipWNET.o [5]
wifimgr_debug_enabled   0x2000a150     0x4  Data  Gb  wifimgr.o [5]
wifimgr_sem             0x2000a164     0x4  Data  Lc  wifimgr.o [5]
wifimgr_thread          0x0801658d    0xbe  Code  Lc  wifimgr.o [5]
wlan_disconnect         0x08015b47    0x32  Code  Gb  wifimgr.o [5]
wlan_driver_version     0x080132fd     0xa  Code  Gb  mxchipWNET.o [5]
wlan_get_mac_address    0x08016341     0x8  Code  Gb  wifimgr.o [5]
wlan_init               0x08016449    0x1a  Code  Gb  wifimgr.o [5]
wlu_is_wpa_ie           0x08019013    0x36  Code  Lc  wwd_wifi.o [5]
wlu_parse_tlvs          0x08018fed    0x26  Code  Lc  wwd_wifi.o [5]
worker_thread_main      0x0801123b    0x1c  Code  Lc  wiced_rtos.o [5]
workspace               0x2000a1bc     0x4  Data  Lc  easylink2.o [5]
wps_running             0x2000a323     0x1  Data  Lc  wps_host.o [5]
write                   0x08013173     0xa  Code  Gb  mxchipWNET.o [5]
wwd_management_set_event_handler
                        0x0802206b   0x17a  Code  Gb  SDPCM.o [5]
wwd_wifi_get_channel    0x08018dc9    0x3e  Code  Gb  wwd_wifi.o [5]
wwd_wifi_set_channel    0x08018e13    0x62  Code  Gb  wwd_wifi.o [5]
xActiveTimerList1       0x20009f88    0x14  Data  Lc  ostimers.o [5]
xActiveTimerList2       0x20009f9c    0x14  Data  Lc  ostimers.o [5]
xDelayedTaskList1       0x20009fb0    0x14  Data  Lc  tasks.o [5]
xDelayedTaskList2       0x20009fc4    0x14  Data  Lc  tasks.o [5]
xMissedYield            0x2000a268     0x4  Data  Lc  tasks.o [5]
xNextTaskUnblockTime    0x20000384     0x4  Data  Lc  tasks.o [5]
xNumOfOverflows         0x2000a26c     0x4  Data  Lc  tasks.o [5]
xPendingReadyList       0x20009fd8    0x14  Data  Lc  tasks.o [5]
xPortPendSVHandler      0x08010023          Code  Gb  portasm.o [5]
xPortStartScheduler     0x0800f4c7    0x2c  Code  Gb  port.o [5]
xPortSysTickHandler     0x0800f529    0x1a  Code  Gb  port.o [5]
xQueueCreateCountingSemaphore
                        0x08010171    0x14  Code  Gb  queue.o [5]
xQueueCreateMutex       0x0801011b    0x56  Code  Gb  queue.o [5]
xQueueGenericCreate     0x080100a9    0x72  Code  Gb  queue.o [5]
xQueueGenericReceive    0x080102ad   0x14c  Code  Gb  queue.o [5]
xQueueGenericSend       0x08010185    0xd0  Code  Gb  queue.o [5]
xQueueGenericSendFromISR
                        0x08010255    0x58  Code  Gb  queue.o [5]
xSchedulerRunning       0x2000a25c     0x4  Data  Lc  tasks.o [5]
xSuspendedTaskList      0x2000a000    0x14  Data  Lc  tasks.o [5]
xTaskCheckForTimeOut    0x0800f0f3    0x60  Code  Gb  tasks.o [5]
xTaskGenericCreate      0x0800ea7d   0x124  Code  Gb  tasks.o [5]
xTaskGetCurrentTaskHandle
                        0x0800f38b     0x6  Code  Gb  tasks.o [5]
xTaskGetCurrentThread   0x0800ecbb     0x8  Code  Gb  tasks.o [5]
xTaskGetSchedulerState  0x0800f395    0x1c  Code  Gb  tasks.o [5]
xTaskGetTickCount       0x0800ee3f    0x14  Code  Gb  tasks.o [5]
xTaskGetTickCountFromISR
                        0x0800ee55    0x1c  Code  Gb  tasks.o [5]
xTaskIsTaskFinished     0x0800ec4b    0x70  Code  Gb  tasks.o [5]
xTaskRemoveFromEventList
                        0x0800f083    0x60  Code  Gb  tasks.o [5]
xTaskResumeAll          0x0800ed6d    0xd2  Code  Gb  tasks.o [5]
xTasksWaitingTermination
                        0x20009fec    0x14  Data  Lc  tasks.o [5]
xTickCount              0x2000a250     0x4  Data  Lc  tasks.o [5]
xTimerCreate            0x0800f653    0x4c  Code  Gb  ostimers.o [5]
xTimerCreateTimerTask   0x0800f619    0x3a  Code  Gb  ostimers.o [5]
xTimerGenericCommand    0x0800f69f    0x52  Code  Gb  ostimers.o [5]
xTimerQueue             0x2000a234     0x4  Data  Lc  ostimers.o [5]


[1] = D:\github\MICO\Build\COM.MXCHIP.HA\EMW3162\obj
[2] = command line
[3] = dl7M_tlf.a
[4] = m7M_tl.a
[5] = mxchipWNet_cm3_sdio.a
[6] = rt7M_tl.a
[7] = shb_l.a

  185 722 bytes of readonly  code memory
    4 293 bytes of readonly  data memory
  128 313 bytes of readwrite data memory

Errors: none
Warnings: none
