###############################################################################
#
# IAR ELF Linker V7.30.1.7746/W32 for ARM                 06/Nov/2014  21:25:57
# Copyright 2007-2014 IAR Systems AB.
#
#    Output file  =  
#        C:\Users\wangeshen\Desktop\MXCHIP\MICO_20141106\MICO\Build\COM.MXCHIP.CLOUD\Output\EMW3162\COM.MXCHIP.CLOUD.out
#    Map file     =  
#        C:\Users\wangeshen\Desktop\MXCHIP\MICO_20141106\MICO\Build\COM.MXCHIP.CLOUD\EMW3162\list\COM.MXCHIP.CLOUD.map
#    Command line =  
#        C:\Users\wangeshen\Desktop\MXCHIP\MICO_20141106\MICO\Build\COM.MXCHIP.CLOUD\EMW3162\Obj\AESUtils.o
#        C:\Users\wangeshen\Desktop\MXCHIP\MICO_20141106\MICO\Build\COM.MXCHIP.CLOUD\EMW3162\Obj\arraylist.o
#        C:\Users\wangeshen\Desktop\MXCHIP\MICO_20141106\MICO\Build\COM.MXCHIP.CLOUD\EMW3162\Obj\crt0_IAR.o
#        C:\Users\wangeshen\Desktop\MXCHIP\MICO_20141106\MICO\Build\COM.MXCHIP.CLOUD\EMW3162\Obj\curve25519-donna.o
#        C:\Users\wangeshen\Desktop\MXCHIP\MICO_20141106\MICO\Build\COM.MXCHIP.CLOUD\EMW3162\Obj\debug.o
#        C:\Users\wangeshen\Desktop\MXCHIP\MICO_20141106\MICO\Build\COM.MXCHIP.CLOUD\EMW3162\Obj\EasyLink.o
#        C:\Users\wangeshen\Desktop\MXCHIP\MICO_20141106\MICO\Build\COM.MXCHIP.CLOUD\EMW3162\Obj\gpio_irq.o
#        C:\Users\wangeshen\Desktop\MXCHIP\MICO_20141106\MICO\Build\COM.MXCHIP.CLOUD\EMW3162\Obj\HaProtocol.o
#        C:\Users\wangeshen\Desktop\MXCHIP\MICO_20141106\MICO\Build\COM.MXCHIP.CLOUD\EMW3162\Obj\hardfault.o
#        C:\Users\wangeshen\Desktop\MXCHIP\MICO_20141106\MICO\Build\COM.MXCHIP.CLOUD\EMW3162\Obj\HTTPUtils.o
#        C:\Users\wangeshen\Desktop\MXCHIP\MICO_20141106\MICO\Build\COM.MXCHIP.CLOUD\EMW3162\Obj\json_object.o
#        C:\Users\wangeshen\Desktop\MXCHIP\MICO_20141106\MICO\Build\COM.MXCHIP.CLOUD\EMW3162\Obj\json_tokener.o
#        C:\Users\wangeshen\Desktop\MXCHIP\MICO_20141106\MICO\Build\COM.MXCHIP.CLOUD\EMW3162\Obj\json_util.o
#        C:\Users\wangeshen\Desktop\MXCHIP\MICO_20141106\MICO\Build\COM.MXCHIP.CLOUD\EMW3162\Obj\linkhash.o
#        C:\Users\wangeshen\Desktop\MXCHIP\MICO_20141106\MICO\Build\COM.MXCHIP.CLOUD\EMW3162\Obj\MDNSUtils.o
#        C:\Users\wangeshen\Desktop\MXCHIP\MICO_20141106\MICO\MICO\WAC\MFi_WAC_CM3_Debug.a
#        C:\Users\wangeshen\Desktop\MXCHIP\MICO_20141106\MICO\Build\COM.MXCHIP.CLOUD\EMW3162\Obj\MICOAppEntrance.o
#        C:\Users\wangeshen\Desktop\MXCHIP\MICO_20141106\MICO\Build\COM.MXCHIP.CLOUD\EMW3162\Obj\MICOBonjour.o
#        C:\Users\wangeshen\Desktop\MXCHIP\MICO_20141106\MICO\Build\COM.MXCHIP.CLOUD\EMW3162\Obj\MicoCloudService.o
#        C:\Users\wangeshen\Desktop\MXCHIP\MICO_20141106\MICO\Build\COM.MXCHIP.CLOUD\EMW3162\Obj\MicoCloudServiceVersion.o
#        C:\Users\wangeshen\Desktop\MXCHIP\MICO_20141106\MICO\Build\COM.MXCHIP.CLOUD\EMW3162\Obj\MICOConfig.o
#        C:\Users\wangeshen\Desktop\MXCHIP\MICO_20141106\MICO\Build\COM.MXCHIP.CLOUD\EMW3162\Obj\MICOConfigDelegate.o
#        C:\Users\wangeshen\Desktop\MXCHIP\MICO_20141106\MICO\Build\COM.MXCHIP.CLOUD\EMW3162\Obj\MICOConfigMenu.o
#        C:\Users\wangeshen\Desktop\MXCHIP\MICO_20141106\MICO\Build\COM.MXCHIP.CLOUD\EMW3162\Obj\MICOConfigServer.o
#        C:\Users\wangeshen\Desktop\MXCHIP\MICO_20141106\MICO\Build\COM.MXCHIP.CLOUD\EMW3162\Obj\MicoDriverAdc.o
#        C:\Users\wangeshen\Desktop\MXCHIP\MICO_20141106\MICO\Build\COM.MXCHIP.CLOUD\EMW3162\Obj\MicoDriverFlash.o
#        C:\Users\wangeshen\Desktop\MXCHIP\MICO_20141106\MICO\Build\COM.MXCHIP.CLOUD\EMW3162\Obj\MicoDriverGpio.o
#        C:\Users\wangeshen\Desktop\MXCHIP\MICO_20141106\MICO\Build\COM.MXCHIP.CLOUD\EMW3162\Obj\MicoDriverI2c.o
#        C:\Users\wangeshen\Desktop\MXCHIP\MICO_20141106\MICO\Build\COM.MXCHIP.CLOUD\EMW3162\Obj\MicoDriverPwm.o
#        C:\Users\wangeshen\Desktop\MXCHIP\MICO_20141106\MICO\Build\COM.MXCHIP.CLOUD\EMW3162\Obj\MicoDriverRng.o
#        C:\Users\wangeshen\Desktop\MXCHIP\MICO_20141106\MICO\Build\COM.MXCHIP.CLOUD\EMW3162\Obj\MicoDriverRtc.o
#        C:\Users\wangeshen\Desktop\MXCHIP\MICO_20141106\MICO\Build\COM.MXCHIP.CLOUD\EMW3162\Obj\MicoDriverSpi.o
#        C:\Users\wangeshen\Desktop\MXCHIP\MICO_20141106\MICO\Build\COM.MXCHIP.CLOUD\EMW3162\Obj\MicoDriverUart.o
#        C:\Users\wangeshen\Desktop\MXCHIP\MICO_20141106\MICO\Build\COM.MXCHIP.CLOUD\EMW3162\Obj\MicoDriverWdg.o
#        C:\Users\wangeshen\Desktop\MXCHIP\MICO_20141106\MICO\Build\COM.MXCHIP.CLOUD\EMW3162\Obj\MICOEntrance.o
#        C:\Users\wangeshen\Desktop\MXCHIP\MICO_20141106\MICO\Build\COM.MXCHIP.CLOUD\EMW3162\Obj\MicoMQTTClient.o
#        C:\Users\wangeshen\Desktop\MXCHIP\MICO_20141106\MICO\Build\COM.MXCHIP.CLOUD\EMW3162\Obj\MICONotificationCenter.o
#        C:\Users\wangeshen\Desktop\MXCHIP\MICO_20141106\MICO\Build\COM.MXCHIP.CLOUD\EMW3162\Obj\MICONTPClient.o
#        C:\Users\wangeshen\Desktop\MXCHIP\MICO_20141106\MICO\Build\COM.MXCHIP.CLOUD\EMW3162\Obj\MICOParaStorage.o
#        C:\Users\wangeshen\Desktop\MXCHIP\MICO_20141106\MICO\Build\COM.MXCHIP.CLOUD\EMW3162\Obj\MICOSystemMonitor.o
#        C:\Users\wangeshen\Desktop\MXCHIP\MICO_20141106\MICO\Build\COM.MXCHIP.CLOUD\EMW3162\Obj\misc.o
#        C:\Users\wangeshen\Desktop\MXCHIP\MICO_20141106\MICO\Build\COM.MXCHIP.CLOUD\EMW3162\Obj\MQTTClient.o
#        C:\Users\wangeshen\Desktop\MXCHIP\MICO_20141106\MICO\Build\COM.MXCHIP.CLOUD\EMW3162\Obj\MQTTConnectClient.o
#        C:\Users\wangeshen\Desktop\MXCHIP\MICO_20141106\MICO\Build\COM.MXCHIP.CLOUD\EMW3162\Obj\MQTTConnectServer.o
#        C:\Users\wangeshen\Desktop\MXCHIP\MICO_20141106\MICO\Build\COM.MXCHIP.CLOUD\EMW3162\Obj\MQTTDeserializePublish.o
#        C:\Users\wangeshen\Desktop\MXCHIP\MICO_20141106\MICO\Build\COM.MXCHIP.CLOUD\EMW3162\Obj\MQTTFormat.o
#        C:\Users\wangeshen\Desktop\MXCHIP\MICO_20141106\MICO\Build\COM.MXCHIP.CLOUD\EMW3162\Obj\MQTTMICO.o
#        C:\Users\wangeshen\Desktop\MXCHIP\MICO_20141106\MICO\Build\COM.MXCHIP.CLOUD\EMW3162\Obj\MQTTPacket.o
#        C:\Users\wangeshen\Desktop\MXCHIP\MICO_20141106\MICO\Build\COM.MXCHIP.CLOUD\EMW3162\Obj\MQTTSerializePublish.o
#        C:\Users\wangeshen\Desktop\MXCHIP\MICO_20141106\MICO\Build\COM.MXCHIP.CLOUD\EMW3162\Obj\MQTTSubscribeClient.o
#        C:\Users\wangeshen\Desktop\MXCHIP\MICO_20141106\MICO\Build\COM.MXCHIP.CLOUD\EMW3162\Obj\MQTTSubscribeServer.o
#        C:\Users\wangeshen\Desktop\MXCHIP\MICO_20141106\MICO\Build\COM.MXCHIP.CLOUD\EMW3162\Obj\MQTTUnsubscribeClient.o
#        C:\Users\wangeshen\Desktop\MXCHIP\MICO_20141106\MICO\Build\COM.MXCHIP.CLOUD\EMW3162\Obj\MQTTUnsubscribeServer.o
#        C:\Users\wangeshen\Desktop\MXCHIP\MICO_20141106\MICO\Library\mxchipWNet_cm3_sdio.a
#        C:\Users\wangeshen\Desktop\MXCHIP\MICO_20141106\MICO\Build\COM.MXCHIP.CLOUD\EMW3162\Obj\platform.o
#        C:\Users\wangeshen\Desktop\MXCHIP\MICO_20141106\MICO\Build\COM.MXCHIP.CLOUD\EMW3162\Obj\printbuf.o
#        C:\Users\wangeshen\Desktop\MXCHIP\MICO_20141106\MICO\Build\COM.MXCHIP.CLOUD\EMW3162\Obj\read_wifi_firmware.o
#        C:\Users\wangeshen\Desktop\MXCHIP\MICO_20141106\MICO\Build\COM.MXCHIP.CLOUD\EMW3162\Obj\RingBufferUtils.o
#        C:\Users\wangeshen\Desktop\MXCHIP\MICO_20141106\MICO\Build\COM.MXCHIP.CLOUD\EMW3162\Obj\rtc.o
#        C:\Users\wangeshen\Desktop\MXCHIP\MICO_20141106\MICO\Build\COM.MXCHIP.CLOUD\EMW3162\Obj\SecurityUtils.o
#        C:\Users\wangeshen\Desktop\MXCHIP\MICO_20141106\MICO\Build\COM.MXCHIP.CLOUD\EMW3162\Obj\SHAUtils.o
#        C:\Users\wangeshen\Desktop\MXCHIP\MICO_20141106\MICO\Build\COM.MXCHIP.CLOUD\EMW3162\Obj\SocketUtils.o
#        C:\Users\wangeshen\Desktop\MXCHIP\MICO_20141106\MICO\Build\COM.MXCHIP.CLOUD\EMW3162\Obj\startup_stm32f2xx_IAR.o
#        C:\Users\wangeshen\Desktop\MXCHIP\MICO_20141106\MICO\Build\COM.MXCHIP.CLOUD\EMW3162\Obj\stdio_IAR.o
#        C:\Users\wangeshen\Desktop\MXCHIP\MICO_20141106\MICO\Build\COM.MXCHIP.CLOUD\EMW3162\Obj\stm32f2xx_adc.o
#        C:\Users\wangeshen\Desktop\MXCHIP\MICO_20141106\MICO\Build\COM.MXCHIP.CLOUD\EMW3162\Obj\stm32f2xx_can.o
#        C:\Users\wangeshen\Desktop\MXCHIP\MICO_20141106\MICO\Build\COM.MXCHIP.CLOUD\EMW3162\Obj\stm32f2xx_crc.o
#        C:\Users\wangeshen\Desktop\MXCHIP\MICO_20141106\MICO\Build\COM.MXCHIP.CLOUD\EMW3162\Obj\stm32f2xx_cryp.o
#        C:\Users\wangeshen\Desktop\MXCHIP\MICO_20141106\MICO\Build\COM.MXCHIP.CLOUD\EMW3162\Obj\stm32f2xx_cryp_aes.o
#        C:\Users\wangeshen\Desktop\MXCHIP\MICO_20141106\MICO\Build\COM.MXCHIP.CLOUD\EMW3162\Obj\stm32f2xx_cryp_des.o
#        C:\Users\wangeshen\Desktop\MXCHIP\MICO_20141106\MICO\Build\COM.MXCHIP.CLOUD\EMW3162\Obj\stm32f2xx_cryp_tdes.o
#        C:\Users\wangeshen\Desktop\MXCHIP\MICO_20141106\MICO\Build\COM.MXCHIP.CLOUD\EMW3162\Obj\stm32f2xx_dac.o
#        C:\Users\wangeshen\Desktop\MXCHIP\MICO_20141106\MICO\Build\COM.MXCHIP.CLOUD\EMW3162\Obj\stm32f2xx_dbgmcu.o
#        C:\Users\wangeshen\Desktop\MXCHIP\MICO_20141106\MICO\Build\COM.MXCHIP.CLOUD\EMW3162\Obj\stm32f2xx_dcmi.o
#        C:\Users\wangeshen\Desktop\MXCHIP\MICO_20141106\MICO\Build\COM.MXCHIP.CLOUD\EMW3162\Obj\stm32f2xx_dma.o
#        C:\Users\wangeshen\Desktop\MXCHIP\MICO_20141106\MICO\Build\COM.MXCHIP.CLOUD\EMW3162\Obj\stm32f2xx_exti.o
#        C:\Users\wangeshen\Desktop\MXCHIP\MICO_20141106\MICO\Build\COM.MXCHIP.CLOUD\EMW3162\Obj\stm32f2xx_flash.o
#        C:\Users\wangeshen\Desktop\MXCHIP\MICO_20141106\MICO\Build\COM.MXCHIP.CLOUD\EMW3162\Obj\stm32f2xx_fsmc.o
#        C:\Users\wangeshen\Desktop\MXCHIP\MICO_20141106\MICO\Build\COM.MXCHIP.CLOUD\EMW3162\Obj\stm32f2xx_gpio.o
#        C:\Users\wangeshen\Desktop\MXCHIP\MICO_20141106\MICO\Build\COM.MXCHIP.CLOUD\EMW3162\Obj\stm32f2xx_hash.o
#        C:\Users\wangeshen\Desktop\MXCHIP\MICO_20141106\MICO\Build\COM.MXCHIP.CLOUD\EMW3162\Obj\stm32f2xx_hash_md5.o
#        C:\Users\wangeshen\Desktop\MXCHIP\MICO_20141106\MICO\Build\COM.MXCHIP.CLOUD\EMW3162\Obj\stm32f2xx_hash_sha1.o
#        C:\Users\wangeshen\Desktop\MXCHIP\MICO_20141106\MICO\Build\COM.MXCHIP.CLOUD\EMW3162\Obj\stm32f2xx_i2c.o
#        C:\Users\wangeshen\Desktop\MXCHIP\MICO_20141106\MICO\Build\COM.MXCHIP.CLOUD\EMW3162\Obj\stm32f2xx_iwdg.o
#        C:\Users\wangeshen\Desktop\MXCHIP\MICO_20141106\MICO\Build\COM.MXCHIP.CLOUD\EMW3162\Obj\stm32f2xx_platform.o
#        C:\Users\wangeshen\Desktop\MXCHIP\MICO_20141106\MICO\Build\COM.MXCHIP.CLOUD\EMW3162\Obj\stm32f2xx_pwr.o
#        C:\Users\wangeshen\Desktop\MXCHIP\MICO_20141106\MICO\Build\COM.MXCHIP.CLOUD\EMW3162\Obj\stm32f2xx_rcc.o
#        C:\Users\wangeshen\Desktop\MXCHIP\MICO_20141106\MICO\Build\COM.MXCHIP.CLOUD\EMW3162\Obj\stm32f2xx_rng.o
#        C:\Users\wangeshen\Desktop\MXCHIP\MICO_20141106\MICO\Build\COM.MXCHIP.CLOUD\EMW3162\Obj\stm32f2xx_rtc.o
#        C:\Users\wangeshen\Desktop\MXCHIP\MICO_20141106\MICO\Build\COM.MXCHIP.CLOUD\EMW3162\Obj\stm32f2xx_sdio.o
#        C:\Users\wangeshen\Desktop\MXCHIP\MICO_20141106\MICO\Build\COM.MXCHIP.CLOUD\EMW3162\Obj\stm32f2xx_spi.o
#        C:\Users\wangeshen\Desktop\MXCHIP\MICO_20141106\MICO\Build\COM.MXCHIP.CLOUD\EMW3162\Obj\stm32f2xx_syscfg.o
#        C:\Users\wangeshen\Desktop\MXCHIP\MICO_20141106\MICO\Build\COM.MXCHIP.CLOUD\EMW3162\Obj\stm32f2xx_tim.o
#        C:\Users\wangeshen\Desktop\MXCHIP\MICO_20141106\MICO\Build\COM.MXCHIP.CLOUD\EMW3162\Obj\stm32f2xx_usart.o
#        C:\Users\wangeshen\Desktop\MXCHIP\MICO_20141106\MICO\Build\COM.MXCHIP.CLOUD\EMW3162\Obj\stm32f2xx_wwdg.o
#        C:\Users\wangeshen\Desktop\MXCHIP\MICO_20141106\MICO\Build\COM.MXCHIP.CLOUD\EMW3162\Obj\StringUtils.o
#        C:\Users\wangeshen\Desktop\MXCHIP\MICO_20141106\MICO\Build\COM.MXCHIP.CLOUD\EMW3162\Obj\system_stm32f2xx.o
#        C:\Users\wangeshen\Desktop\MXCHIP\MICO_20141106\MICO\Build\COM.MXCHIP.CLOUD\EMW3162\Obj\TimeUtils.o
#        C:\Users\wangeshen\Desktop\MXCHIP\MICO_20141106\MICO\Build\COM.MXCHIP.CLOUD\EMW3162\Obj\TLVUtils.o
#        C:\Users\wangeshen\Desktop\MXCHIP\MICO_20141106\MICO\Build\COM.MXCHIP.CLOUD\EMW3162\Obj\UartRecv.o
#        C:\Users\wangeshen\Desktop\MXCHIP\MICO_20141106\MICO\Build\COM.MXCHIP.CLOUD\EMW3162\Obj\URLUtils.o
#        C:\Users\wangeshen\Desktop\MXCHIP\MICO_20141106\MICO\Build\COM.MXCHIP.CLOUD\EMW3162\Obj\wlan_bus.o
#        C:\Users\wangeshen\Desktop\MXCHIP\MICO_20141106\MICO\Build\COM.MXCHIP.CLOUD\EMW3162\Obj\wlan_platform.o
#        C:\Users\wangeshen\Desktop\MXCHIP\MICO_20141106\MICO\Build\COM.MXCHIP.CLOUD\EMW3162\Obj\WPS.o
#        --redirect _Printf=_PrintfFull --redirect _Scanf=_ScanfFull -o
#        C:\Users\wangeshen\Desktop\MXCHIP\MICO_20141106\MICO\Build\COM.MXCHIP.CLOUD\Output\EMW3162\COM.MXCHIP.CLOUD.out
#        --map
#        C:\Users\wangeshen\Desktop\MXCHIP\MICO_20141106\MICO\Build\COM.MXCHIP.CLOUD\EMW3162\list\COM.MXCHIP.CLOUD.map
#        --config
#        C:\Users\wangeshen\Desktop\MXCHIP\MICO_20141106\MICO\Projects\COM.MXCHIP.CLOUD\EWARM\..\..\..\Platform\EMW3162\micoLinkerForIAR.icf
#        --semihosting --entry __iar_program_start --vfe --threaded_lib
#
###############################################################################

*******************************************************************************
*** RUNTIME MODEL ATTRIBUTES
***

CppFlavor                     = *
__Heap_Handler                = DLMalloc
__SystemLibrary               = DLib
__dlib_dynamic_initialization = normal


*******************************************************************************
*** PLACEMENT SUMMARY
***

"A1":  place at 0x0800c000 { ro section .intvec };
"P1":  place in [from 0x0800c000 to 0x080fffff] { ro };
"P2":  place in [from 0x20000000 to 0x2001ffff] { rw, block CSTACK, block HEAP };

  Section             Kind        Address     Size  Object
  -------             ----        -------     ----  ------
"A1":                                        0x184
  .intvec                      0x0800c000    0x184  <Block>
    .intvec           ro code  0x0800c000    0x184  startup_stm32f2xx_IAR.o [1]
                             - 0x0800c184    0x184

"P1":                                      0x28ef3
  .text               ro code  0x0800c184   0x2534  dlmalloc.o [5]
  .text               ro code  0x0800e6b8      0x6  abort.o [3]
  .text               ro code  0x0800e6be     0x22  zero_init3.o [6]
  .text               ro code  0x0800e6e0      0x6  ABImemclr4.o [6]
  .text               ro code  0x0800e6e6     0x20  xsyslock.o [3]
  .text               ro code  0x0800e706     0x1e  xsscin.o [3]
  .text               ro code  0x0800e724     0x76  ABImemcpy_unaligned.o [6]
  .text               ro code  0x0800e79a     0x1a  xsnprout.o [3]
  .text               ro code  0x0800e7b4     0x2c  xgetmemchunk.o [3]
  .text               ro code  0x0800e7e0     0x14  memset.o [3]
  .text               ro code  0x0800e7f4      0xc  memcpy.o [3]
  .text               ro code  0x0800e800     0x14  exit.o [7]
  .text               ro code  0x0800e814     0x3a  ABImemset48.o [6]
  .text               ro code  0x0800e84e      0xa  xsprout.o [3]
  .text               ro code  0x0800e858    0x15c  xsyslock_mtx.o [3]
  .text               ro code  0x0800e9b4     0x66  ABImemset.o [6]
  .text               ro code  0x0800ea1c     0x30  iarttio.o [7]
  .text               ro code  0x0800ea4c     0x28  iar_mutex.o [5]
  .text               ro code  0x0800ea74      0x8  XShttio.o [3]
  .text               ro code  0x0800ea7c    0xa30  tasks.o [5]
  .text               ro code  0x0800f4ac     0xd0  port.o [5]
  .text               ro code  0x0800f57c     0x9a  list.o [5]
  .text               ro code  0x0800f618    0x38e  ostimers.o [5]
  .text               ro code  0x0800f9a8    0x130  wwd_rtos.o [5]
  .text               ro code  0x0800fad8     0x62  memcmp_unaligned.o [6]
  .text               ro code  0x0800fb3c    0x454  stm32f2xx_platform.o [1]
  .text               ro code  0x0800ff90     0x6c  strncpy_unaligned.o [6]
  .text               ro code  0x0800fffc     0x38  heap_3.o [5]
  CODE                ro code  0x08010034     0x8c  portasm.o [5]
  .text               ro code  0x080100c0    0x4ee  queue.o [5]
  .text               ro code  0x080105b0    0x21c  MICONotificationCenter.o [1]
  .text               ro code  0x080107cc    0x240  stm32f2xx_rcc.o [1]
  .text               ro code  0x08010a0c    0x282  stm32f2xx_flash.o [1]
  .text               ro code  0x08010c90     0x94  misc.o [1]
  .text               ro code  0x08010d24     0x68  stm32f2xx_pwr.o [1]
  .text               ro code  0x08010d8c    0x1cc  MicoDriverRtc.o [1]
  .text               ro code  0x08010f58    0x5c2  stm32f2xx_rtc.o [1]
  .text               ro code  0x0801151c    0x6d4  wiced_rtos.o [5]
  .text               ro code  0x08011bf0     0x5e  RingBufferUtils.o [1]
  .text               ro code  0x08011c50    0x764  MicoDriverUart.o [1]
  .text               ro code  0x080123b4     0xc4  wlan_platform.o [1]
  .text               ro code  0x08012478     0x78  stm32f2xx_exti.o [1]
  .text               ro code  0x080124f0    0x21c  rtc.o [1]
  .text               ro code  0x0801270c    0x13a  platform.o [1]
  .text               ro code  0x08012848    0x504  MICOEntrance.o [1]
  .text               ro code  0x08012d4c     0xb8  stm32f2xx_gpio.o [1]
  .text               ro code  0x08012e04    0x100  stm32f2xx_usart.o [1]
  .text               ro code  0x08012f04    0x1c8  stm32f2xx_dma.o [1]
  .text               ro code  0x080130cc    0x30a  gpio_irq.o [1]
  .text               ro code  0x080133d8    0x1e4  MicoDriverGpio.o [1]
  .text               ro code  0x080135bc     0x1e  I32ToFlt.o [4]
  .text               ro code  0x080135dc     0xd8  FltMul.o [4]
  .text               ro code  0x080136b4     0x24  FltToU32.o [4]
  .text               ro code  0x080136d8    0x788  mxchipWNET.o [5]
  .text               ro code  0x08013e60     0x44  snprintf.o [3]
  .text               ro code  0x08013ea4    0x114  MICOParaStorage.o [1]
  .text               ro code  0x08013fb8     0x44  strcpy_unaligned.o [6]
  .text               ro code  0x08013ffc     0x2a  strncmp.o [3]
  .text               ro code  0x08014028   0x1308  wifimgr.o [5]
  .text               ro code  0x08015330     0xe4  MICOSystemMonitor.o [1]
  .text               ro code  0x08015414    0x3a8  mftest.o [5]
  .text               ro code  0x080157bc     0x24  printf.o [3]
  .text               ro code  0x080157e0    0x8a0  StringUtils.o [1]
  .text               ro code  0x08016080    0x8ec  EasyLink.o [1]
  .text               ro code  0x0801696c    0x3a4  MICOConfigServer.o [1]
  .text               ro code  0x08016d10    0x228  MICONTPClient.o [1]
  .text               ro code  0x08016f38    0x1dc  MICOAppEntrance.o [1]
  .text               ro code  0x08017114     0x28  stm32f2xx_syscfg.o [1]
  .text               ro code  0x0801713c    0x43c  wifi.o [5]
  .text               ro code  0x08017578     0x34  sprintf.o [3]
  .text               ro code  0x080175ac    0x624  tcpip.o [5]
  .text               ro code  0x08017bd0     0x68  dnsclient.o [5]
  .text               ro code  0x08017c38     0x20  srand.o [3]
  .text               ro code  0x08017c58    0xdfc  tcp.o [5]
  .text               ro code  0x08018a54   0x13d4  wwd_wifi.o [5]
  .text               ro code  0x08019e28    0x7dc  easylink.o [5]
  .text               ro code  0x0801a604    0x3cc  easylink2.o [5]
  .text               ro code  0x0801a9d0    0x25a  ip_addr.o [5]
  .text               ro code  0x0801ac2a     0x36  def.o [5]
  .text               ro code  0x0801ac60   0x170c  sockets.o [5]
  .text               ro code  0x0801c36c     0x42  strcmp_unaligned.o [6]
  .text               ro code  0x0801c3b0    0x618  dns.o [5]
  .text               ro code  0x0801c9c8    0x23c  wwd_management.o [5]
  .text               ro code  0x0801cc04     0x36  strlen.o [6]
  .text               ro code  0x0801cc3c   0x1150  xprintffull.o [3]
  .text               ro code  0x0801dd8c    0x26c  MicoDriverFlash.o [1]
  .text               ro code  0x0801dff8    0x3f8  wiced_network.o [5]
  .text               ro code  0x0801e3f0    0x1f0  dns_redirect.o [5]
  .text               ro code  0x0801e5e0    0x43a  wwd_ap.o [5]
  .text               ro code  0x0801ea1c    0xad0  SDPCM.o [5]
  .text               ro code  0x0801f4ec    0x4d8  ip.o [5]
  .text               ro code  0x0801f9c4    0x8b0  etharp.o [5]
  .text               ro code  0x08020274    0x1a0  MicoDriverWdg.o [1]
  .text               ro code  0x08020414     0x18  toupper.o [3]
  .text               ro code  0x0802042c     0x14  tolower.o [3]
  .text               ro code  0x08020440     0x28  isxxx.o [3]
  .text               ro code  0x08020468     0x16  strnlen.o [3]
  .text               ro code  0x08020480    0x928  MICOConfigDelegate.o [1]
  .text               ro code  0x08020da8     0xa2  SocketUtils.o [1]
  .text               ro code  0x08020e4c    0x2f0  MICOBonjour.o [1]
  .text               ro code  0x0802113c    0x5e8  json_object.o [1]
  .text               ro code  0x08021724    0xd7c  HTTPUtils.o [1]
  .text               ro code  0x080224a0     0xb6  localtim.o [3]
  .text               ro code  0x08022558    0x2e0  HaProtocol.o [1]
  .text               ro code  0x08022838    0x9a0  MicoCloudService.o [1]
  .text               ro code  0x080231d8    0x18c  wiced_ping.o [5]
  .text               ro code  0x08023364    0x5e4  api_lib.o [5]
  .text               ro code  0x08023948      0xc  mxchipbesl.o [5]
  .text               ro code  0x08023954     0xd6  netbuf.o [5]
  .text               ro code  0x08023a2a    0x4d8  pbuf.o [5]
  .text               ro code  0x08023f02      0x2  xtls.o [3]
  .text               ro code  0x08023f04    0xcbc  tcp_out.o [5]
  .text               ro code  0x08024bc0    0x338  lwiptimers.o [5]
  .text               ro code  0x08024ef8     0xc0  memp.o [5]
  .text               ro code  0x08024fb8     0xe0  rand.o [3]
  .text               ro code  0x08025098     0x98  wwd_buffer.o [5]
  .text               ro code  0x08025130    0x2a0  sys_arch.o [5]
  .text               ro code  0x080253d0    0x27c  lwiptcpip.o [5]
  .text               ro code  0x0802564c    0x574  igmp.o [5]
  .text               ro code  0x08025bc0    0x624  udp.o [5]
  .text               ro code  0x080261e4    0x660  wlan_bus.o [1]
  .text               ro code  0x08026844    0x9bc  wwd_bus_protocol.o [5]
  .text               ro code  0x08027200    0x1b0  wwd_thread.o [5]
  .text               ro code  0x080273b0     0x20  xmbtowc.o [3]
  .text               ro code  0x080273d0     0x16  strchr.o [6]
  .text               ro code  0x080273e8     0x58  memchr.o [6]
  .text               ro code  0x08027440      0xa  xmbcurmax.o [3]
  .text               ro code  0x0802744a     0x1a  xwctomb.o [3]
  .text               ro code  0x08027464     0xee  I64DivMod.o [6]
  .text               ro code  0x08027552     0x42  xdnorm.o [4]
  .text               ro code  0x08027594     0x2e  DblCmpLe.o [4]
  .text               ro code  0x080275c4     0x2e  DblCmpGe.o [4]
  .text               ro code  0x080275f4    0x10c  xdscale.o [4]
  .text               ro code  0x08027700     0x58  DblToI32.o [4]
  .text               ro code  0x08027758     0x30  I32ToDbl.o [4]
  .text               ro code  0x08027788    0x180  DblSub.o [4]
  .text               ro code  0x08027908    0x1a2  DblMul.o [4]
  .text               ro code  0x08027aac    0x246  DblDiv.o [4]
  .text               ro code  0x08027cf4     0x6c  localeconv.o [3]
  .text               ro code  0x08027d60      0xe  div.o [3]
  .text               ro code  0x08027d70    0x356  netif.o [5]
  .text               ro code  0x080280c8    0xee0  dhcp.o [5]
  .text               ro code  0x08028fa8     0x28  sys.o [5]
  .text               ro code  0x08028fd0    0x61c  dhcp_server.o [5]
  .text               ro code  0x080295ec     0x48  netifapi.o [5]
  .text               ro code  0x08029634    0x17c  wwd_network.o [5]
  .text               ro code  0x080297b0      0xc  memmove.o [6]
  .text               ro code  0x080297bc    0x164  inet_chksum.o [5]
  .text               ro code  0x08029920    0x582  ip_frag.o [5]
  .text               ro code  0x08029ea4    0x1cc  raw.o [5]
  .text               ro code  0x0802a070   0x1358  tcp_in.o [5]
  .text               ro code  0x0802b3c8    0x1fa  icmp.o [5]
  .text               ro code  0x0802b5c4     0x34  stm32f2xx_iwdg.o [1]
  .text               ro code  0x0802b5f8    0x2de  stm32f2xx_tim.o [1]
  .text               ro code  0x0802b8d8     0x54  setlocale.o [3]
  .text               ro code  0x0802b92c      0xc  xlocale_c.o [3]
  .text               ro code  0x0802b938     0x16  xlocale_c.o [3]
  .text               ro code  0x0802b94e     0x14  xlocale_c.o [3]
  .text               ro code  0x0802b962     0x2c  strstr.o [3]
  .text               ro code  0x0802b990    0x23c  MICOConfigMenu.o [1]
  .text               ro code  0x0802bbcc    0xf2c  json_tokener.o [1]
  .text               ro code  0x0802caf8    0xbb4  MDNSUtils.o [1]
  .text               ro code  0x0802d6ac    0x136  printbuf.o [1]
  .text               ro code  0x0802d7e4    0x34c  linkhash.o [1]
  .text               ro code  0x0802db30     0x18  strdup.o [3]
  .text               ro code  0x0802db48     0x20  DblCmpEq.o [4]
  .text               ro code  0x0802db68     0xe4  json_util.o [1]
  .text               ro code  0x0802dc4c     0xd4  arraylist.o [1]
  .text               ro code  0x0802dd20     0x78  ABImemmove_unaligned.o [6]
  .text               ro code  0x0802dd98    0x16a  URLUtils.o [1]
  .text               ro code  0x0802df04      0x6  ABImemclr.o [6]
  .text               ro code  0x0802df0c      0xa  getzone.o [3]
  .text               ro code  0x0802df16     0x42  xgettime.o [3]
  .text               ro code  0x0802df58     0x88  xstol.o [3]
  .text               ro code  0x0802dfe0    0x188  xttotm.o [3]
  .text               ro code  0x0802e168    0x378  MicoMQTTClient.o [1]
  .text               ro code  0x0802e4e0    0x99e  md5.o [5]
  .text               ro code  0x0802ee7e     0x28  strncat.o [3]
  .text               ro code  0x0802eea8    0xecc  api_msg.o [5]
  .text               ro code  0x0802fd74     0x20  init.o [5]
  .text               ro code  0x0802fd94     0x64  stm32f2xx_sdio.o [1]
  .text               ro code  0x0802fdf8    0x250  wwd_internal.o [5]
  .text               ro code  0x08030048    0x2de  wwd_firmware.o [5]
  .text               ro code  0x08030328     0x60  xencoding_sb.o [3]
  .text               ro code  0x08030388      0x2  I64DivZer.o [6]
  .text               ro code  0x0803038c     0xe8  DblAdd.o [4]
  .text               ro code  0x08030474     0x8c  wiced_lib.o [5]
  .text               ro code  0x08030500     0x4c  wps_host.o [5]
  .text               ro code  0x0803054c     0x4e  strncasecmp.o [3]
  .text               ro code  0x0803059c     0x24  sscanf.o [3]
  .text               ro code  0x080305c0     0x3c  vsnprint.o [3]
  .text               ro code  0x080305fc     0x2c  vsprintf.o [3]
  .text               ro code  0x08030628     0x18  vprintf.o [3]
  .text               ro code  0x08030640      0x4  exit.o [3]
  .text               ro code  0x08030644      0xc  errno.o [3]
  .text               ro code  0x08030650    0x194  xstoul.o [3]
  .text               ro code  0x080307e4    0x134  xisdst.o [3]
  .text               ro code  0x08030918    0x244  MQTTMICO.o [1]
  .text               ro code  0x08030b5c    0x690  MQTTClient.o [1]
  .text               ro code  0x080311ec     0x6c  read_wifi_firmware.o [1]
  .text               ro code  0x08031258     0x18  read_wifi_firmware.o [5]
  .text               ro code  0x08031270    0xcf4  xscanffull.o [3]
  .text               ro code  0x08031f64     0x12  cexit.o [6]
  .text               ro code  0x08031f76    0x164  xgetdst.o [3]
  .text               ro code  0x080320dc    0x1f4  MQTTPacket.o [1]
  .text               ro code  0x080322d0    0x2e8  MQTTConnectClient.o [1]
  .text               ro code  0x080325b8     0xf8  MQTTDeserializePublish.o [1]
  .text               ro code  0x080326b0    0x10c  MQTTSerializePublish.o [1]
  .text               ro code  0x080327bc    0x138  MQTTSubscribeClient.o [1]
  .text               ro code  0x080328f4     0x40  xwctob.o [3]
  .text               ro code  0x08032934     0xa4  xstoll.o [3]
  .text               ro code  0x080329d8    0x1b0  xstoull.o [3]
  .text               ro code  0x08032b88    0x14c  xstold.o [4]
  .text               ro code  0x08032cd4     0x90  DblToFlt.o [4]
  .text               ro code  0x08032d64     0x58  xcloseall.o [3]
  .text               ro code  0x08032dbc    0x134  xstopfx.o [3]
  .text               ro code  0x08032ef0    0x1b8  xstoflt.o [3]
  .rodata             const    0x080330a8     0x2c  wifimgr.o [5]
  .text               ro code  0x080330d8    0x200  xdtento.o [4]
  .text               ro code  0x080332d8    0x218  xstoxflt.o [3]
  .text               ro code  0x080334f0     0x7a  fclose.o [3]
  .text               ro code  0x0803356a     0x14  stdio_IAR.o [1]
  .text               ro code  0x0803357e     0x56  xdunscal.o [4]
  .text               ro code  0x080335d4     0x7c  xfofind.o [3]
  .text               ro code  0x08033650     0xb0  fflush.o [3]
  .text               ro code  0x08033700     0x1a  close.o [7]
  .text               ro code  0x0803371a     0x16  remove.o [7]
  .text               ro code  0x08033730     0xe0  XShHandles.o [3]
  .rodata             const    0x08033810    0x30c  wwd_firmware.o [5]
  .text               ro code  0x08033b1c    0x304  hardfault.o [1]
  .rodata             const    0x08033e20    0x214  platform.o [1]
  .rodata             const    0x08034034    0x100  wwd_wifi.o [5]
  .text               ro code  0x08034134     0xd6  xfspos.o [3]
  .text               ro code  0x0803420a      0xc  xfgpos.o [3]
  .text               ro code  0x08034216     0x4c  lseek.o [7]
  .text               ro code  0x08034262     0xd2  packbits_init.o [6]
  .text               ro code  0x08034334     0xb6  xfwprep.o [3]
  .text               ro code  0x080343ea     0x22  fseek.o [3]
  .text               ro code  0x0803440c     0x56  UartRecv.o [1]
  .text               ro code  0x08034462     0x56  fputc.o [3]
  .rodata             const    0x080344b8     0x40  sockets.o [5]
  .rodata             const    0x080344f8     0x38  wifimgr.o [5]
  .rodata             const    0x08034530     0x2c  mftest.o [5]
  .rodata             const    0x0803455c     0x28  wifimgr.o [5]
  .rodata             const    0x08034584     0x28  mftest.o [5]
  .rodata             const    0x080345ac     0x28  easylink.o [5]
  .text               ro code  0x080345d4     0x28  data_init.o [6]
  .rodata             const    0x080345fc     0x24  json_object.o [1]
  .rodata             const    0x08034620     0x24  mftest.o [5]
  .rodata             const    0x08034644     0x24  memp.o [5]
  .rodata             const    0x08034668     0x24  memp.o [5]
  .rodata             const    0x0803468c     0x24  dhcp_server.o [5]
  .iar.init_table     const    0x080346b0     0x2c  - Linker created -
  .rodata             const    0x080346dc     0x20  wifimgr.o [5]
  .rodata             const    0x080346fc     0x20  wifimgr.o [5]
  .rodata             const    0x0803471c     0x20  wifimgr.o [5]
  .rodata             const    0x0803473c     0x20  wifimgr.o [5]
  .rodata             const    0x0803475c     0x20  wifimgr.o [5]
  .rodata             const    0x0803477c     0x20  mftest.o [5]
  .rodata             const    0x0803479c     0x20  mftest.o [5]
  .rodata             const    0x080347bc     0x20  mftest.o [5]
  .rodata             const    0x080347dc     0x20  wifi.o [5]
  .rodata             const    0x080347fc     0x20  dhcp_server.o [5]
  .rodata             const    0x0803481c     0x1c  mxchipWNET.o [5]
  .rodata             const    0x08034838     0x1c  mftest.o [5]
  .rodata             const    0x08034854     0x1c  easylink.o [5]
  .rodata             const    0x08034870     0x1c  wwd_wifi.o [5]
  .text               ro code  0x0803488c     0x1c  crt0_IAR.o [1]
  .text               ro code  0x080348a8     0x1a  cmain.o [6]
  .rodata             const    0x080348c4     0x18  wifimgr.o [5]
  .rodata             const    0x080348dc     0x18  mftest.o [5]
  .rodata             const    0x080348f4     0x18  mftest.o [5]
  .rodata             const    0x0803490c     0x18  mftest.o [5]
  .rodata             const    0x08034924     0x18  easylink.o [5]
  .rodata             const    0x0803493c     0x18  easylink.o [5]
  .text               ro code  0x08034954     0x16  xprout.o [3]
  .text               ro code  0x0803496c      0xc  putchar.o [3]
  .rodata             const    0x08034978     0x14  wifimgr.o [5]
  .rodata             const    0x0803498c     0x14  wifimgr.o [5]
  .rodata             const    0x080349a0     0x14  mftest.o [5]
  .rodata             const    0x080349b4     0x14  mftest.o [5]
  .rodata             const    0x080349c8     0x14  easylink.o [5]
  .rodata             const    0x080349dc     0x14  wifi.o [5]
  .rodata             const    0x080349f0     0x14  wwd_wifi.o [5]
  .rodata             const    0x08034a04     0x14  wwd_wifi.o [5]
  .rodata             const    0x08034a18     0x14  wiced_network.o [5]
  .rodata             const    0x08034a2c     0x14  SDPCM.o [5]
  .rodata             const    0x08034a40     0x14  tasks.o [5]
  .text               ro code  0x08034a54     0x12  startup_stm32f2xx_IAR.o [1]
  .rodata             const    0x08034a68     0x10  MicoMQTTClient.o [1]
  .rodata             const    0x08034a78     0x10  mxchipWNET.o [5]
  .rodata             const    0x08034a88     0x10  mxchipWNET.o [5]
  .rodata             const    0x08034a98     0x10  wifimgr.o [5]
  .rodata             const    0x08034aa8     0x10  wifimgr.o [5]
  .rodata             const    0x08034ab8     0x10  wifimgr.o [5]
  .rodata             const    0x08034ac8     0x10  wifimgr.o [5]
  .rodata             const    0x08034ad8     0x10  wifimgr.o [5]
  .rodata             const    0x08034ae8     0x10  wifimgr.o [5]
  .rodata             const    0x08034af8     0x10  wifimgr.o [5]
  .rodata             const    0x08034b08     0x10  wiced_rtos.o [5]
  .rodata             const    0x08034b18     0x10  wiced_rtos.o [5]
  .rodata             const    0x08034b28     0x10  mftest.o [5]
  .rodata             const    0x08034b38     0x10  mftest.o [5]
  .rodata             const    0x08034b48     0x10  dns.o [5]
  .rodata             const    0x08034b58     0x10  easylink.o [5]
  .rodata             const    0x08034b68     0x10  easylink.o [5]
  .rodata             const    0x08034b78     0x10  easylink.o [5]
  .rodata             const    0x08034b88     0x10  tcp.o [5]
  .rodata             const    0x08034b98     0x10  wifi.o [5]
  .rodata             const    0x08034ba8     0x10  wwd_wifi.o [5]
  .rodata             const    0x08034bb8     0x10  wwd_wifi.o [5]
  .rodata             const    0x08034bc8     0x10  wwd_wifi.o [5]
  .rodata             const    0x08034bd8     0x10  wwd_wifi.o [5]
  .rodata             const    0x08034be8     0x10  wwd_ap.o [5]
  .rodata             const    0x08034bf8     0x10  lwiptcpip.o [5]
  .rodata             const    0x08034c08      0xc  wifimgr.o [5]
  .rodata             const    0x08034c14      0xc  wifimgr.o [5]
  .rodata             const    0x08034c20      0xc  wifimgr.o [5]
  .rodata             const    0x08034c2c      0xc  wifimgr.o [5]
  .rodata             const    0x08034c38      0xc  wiced_rtos.o [5]
  .rodata             const    0x08034c44      0xc  dns.o [5]
  .rodata             const    0x08034c50      0xc  easylink.o [5]
  .rodata             const    0x08034c5c      0xc  easylink.o [5]
  .rodata             const    0x08034c68      0xc  easylink.o [5]
  .rodata             const    0x08034c74      0xc  easylink.o [5]
  .rodata             const    0x08034c80      0xc  easylink.o [5]
  .rodata             const    0x08034c8c      0xc  easylink.o [5]
  .rodata             const    0x08034c98      0xc  easylink.o [5]
  .rodata             const    0x08034ca4      0xc  easylink.o [5]
  .rodata             const    0x08034cb0      0xc  easylink.o [5]
  .rodata             const    0x08034cbc      0xc  wwd_management.o [5]
  .rodata             const    0x08034cc8      0xc  wwd_management.o [5]
  .rodata             const    0x08034cd4      0xc  wwd_wifi.o [5]
  .rodata             const    0x08034ce0      0xc  wwd_wifi.o [5]
  .rodata             const    0x08034cec      0xc  wwd_wifi.o [5]
  .rodata             const    0x08034cf8      0xc  wwd_wifi.o [5]
  .rodata             const    0x08034d04      0xc  dns_redirect.o [5]
  .rodata             const    0x08034d10      0xc  dns_redirect.o [5]
  .rodata             const    0x08034d1c      0xc  wwd_ap.o [5]
  .rodata             const    0x08034d28      0xc  wwd_ap.o [5]
  .rodata             const    0x08034d34      0xc  wwd_ap.o [5]
  .rodata             const    0x08034d40      0xc  wwd_internal.o [5]
  .rodata             const    0x08034d4c      0xc  dhcp_server.o [5]
  .rodata             const    0x08034d58      0xc  wiced_lib.o [5]
  .text               ro code  0x08034d64      0xc  cstartup_M.o [6]
  .rodata             const    0x08034d70      0x8  wifimgr.o [5]
  .rodata             const    0x08034d78      0x8  wwd_thread.o [5]
  .rodata             const    0x08034d80      0x8  easylink.o [5]
  .rodata             const    0x08034d88      0x8  tcp.o [5]
  .rodata             const    0x08034d90      0x8  wwd_management.o [5]
  .rodata             const    0x08034d98      0x8  wwd_management.o [5]
  .rodata             const    0x08034da0      0x8  wwd_wifi.o [5]
  .rodata             const    0x08034da8      0x8  wwd_wifi.o [5]
  .rodata             const    0x08034db0      0x8  wwd_wifi.o [5]
  .rodata             const    0x08034db8      0x8  wwd_wifi.o [5]
  .rodata             const    0x08034dc0      0x8  etharp.o [5]
  .rodata             const    0x08034dc8      0x8  etharp.o [5]
  .rodata             const    0x08034dd0      0x8  wiced_network.o [5]
  .rodata             const    0x08034dd8      0x8  ostimers.o [5]
  .rodata             const    0x08034de0      0x8  tasks.o [5]
  .rodata             const    0x08034de8      0x8  wwd_network.o [5]
  .rodata             const    0x08034df0      0x8  dhcp_server.o [5]
  .rodata             const    0x08034df8      0x8  dhcp_server.o [5]
  .rodata             const    0x08034e00      0x8  dhcp_server.o [5]
  .rodata             const    0x08034e08      0x8  dhcp_server.o [5]
  .text               ro code  0x08034e10      0x8  startup_stm32f2xx_IAR.o [1]
  .rodata             const    0x08034e18      0x4  MICOConfig.o [1]
  .rodata             const    0x08034e1c      0x4  stm32f2xx_platform.o [1]
  .rodata             const    0x08034e20      0x4  easylink2.o [5]
  .rodata             const    0x08034e24      0x4  ip_addr.o [5]
  .rodata             const    0x08034e28      0x4  ip_addr.o [5]
  .rodata             const    0x08034e2c      0x4  dhcp_server.o [5]
  .rodata             const    0x08034e30      0x4  dhcp_server.o [5]
  .rodata             const    0x08034e34      0x4  dhcp_server.o [5]
  .rodata             const    0x08034e38      0x4  dhcp_server.o [5]
  .rodata             const    0x08034e3c      0x4  dhcp_server.o [5]
  .text               ro code  0x08034e40      0x4  startup_stm32f2xx_IAR.o [1]
  .text               ro code  0x08034e44      0x4  startup_stm32f2xx_IAR.o [1]
  .text               ro code  0x08034e48      0x4  startup_stm32f2xx_IAR.o [1]
  .text               ro code  0x08034e4c      0x4  startup_stm32f2xx_IAR.o [1]
  .text               ro code  0x08034e50      0x4  startup_stm32f2xx_IAR.o [1]
  .text               ro code  0x08034e54      0x4  startup_stm32f2xx_IAR.o [1]
  .text               ro code  0x08034e58      0x4  startup_stm32f2xx_IAR.o [1]
  .text               ro code  0x08034e5c      0x4  startup_stm32f2xx_IAR.o [1]
  .text               ro code  0x08034e60      0x4  startup_stm32f2xx_IAR.o [1]
  .text               ro code  0x08034e64      0x4  startup_stm32f2xx_IAR.o [1]
  .text               ro code  0x08034e68      0x4  startup_stm32f2xx_IAR.o [1]
  .text               ro code  0x08034e6c      0x4  startup_stm32f2xx_IAR.o [1]
  .text               ro code  0x08034e70      0x4  startup_stm32f2xx_IAR.o [1]
  .text               ro code  0x08034e74      0x4  startup_stm32f2xx_IAR.o [1]
  .text               ro code  0x08034e78      0x4  startup_stm32f2xx_IAR.o [1]
  .text               ro code  0x08034e7c      0x4  startup_stm32f2xx_IAR.o [1]
  .text               ro code  0x08034e80      0x4  startup_stm32f2xx_IAR.o [1]
  .text               ro code  0x08034e84      0x4  startup_stm32f2xx_IAR.o [1]
  .text               ro code  0x08034e88      0x4  startup_stm32f2xx_IAR.o [1]
  .text               ro code  0x08034e8c      0x4  startup_stm32f2xx_IAR.o [1]
  .text               ro code  0x08034e90      0x4  startup_stm32f2xx_IAR.o [1]
  .text               ro code  0x08034e94      0x4  startup_stm32f2xx_IAR.o [1]
  .text               ro code  0x08034e98      0x4  startup_stm32f2xx_IAR.o [1]
  .text               ro code  0x08034e9c      0x4  startup_stm32f2xx_IAR.o [1]
  .text               ro code  0x08034ea0      0x4  startup_stm32f2xx_IAR.o [1]
  .text               ro code  0x08034ea4      0x4  startup_stm32f2xx_IAR.o [1]
  .text               ro code  0x08034ea8      0x4  startup_stm32f2xx_IAR.o [1]
  .text               ro code  0x08034eac      0x4  startup_stm32f2xx_IAR.o [1]
  .text               ro code  0x08034eb0      0x4  startup_stm32f2xx_IAR.o [1]
  .text               ro code  0x08034eb4      0x4  startup_stm32f2xx_IAR.o [1]
  .text               ro code  0x08034eb8      0x4  startup_stm32f2xx_IAR.o [1]
  .text               ro code  0x08034ebc      0x4  startup_stm32f2xx_IAR.o [1]
  .text               ro code  0x08034ec0      0x4  startup_stm32f2xx_IAR.o [1]
  .text               ro code  0x08034ec4      0x4  startup_stm32f2xx_IAR.o [1]
  .text               ro code  0x08034ec8      0x4  startup_stm32f2xx_IAR.o [1]
  .text               ro code  0x08034ecc      0x4  startup_stm32f2xx_IAR.o [1]
  .text               ro code  0x08034ed0      0x4  startup_stm32f2xx_IAR.o [1]
  .text               ro code  0x08034ed4      0x4  startup_stm32f2xx_IAR.o [1]
  .text               ro code  0x08034ed8      0x4  startup_stm32f2xx_IAR.o [1]
  .text               ro code  0x08034edc      0x4  startup_stm32f2xx_IAR.o [1]
  .text               ro code  0x08034ee0      0x4  startup_stm32f2xx_IAR.o [1]
  .text               ro code  0x08034ee4      0x4  startup_stm32f2xx_IAR.o [1]
  .text               ro code  0x08034ee8      0x4  startup_stm32f2xx_IAR.o [1]
  .text               ro code  0x08034eec      0x4  startup_stm32f2xx_IAR.o [1]
  .text               ro code  0x08034ef0      0x4  startup_stm32f2xx_IAR.o [1]
  .text               ro code  0x08034ef4      0x4  startup_stm32f2xx_IAR.o [1]
  .text               ro code  0x08034ef8      0x4  startup_stm32f2xx_IAR.o [1]
  .text               ro code  0x08034efc      0x4  startup_stm32f2xx_IAR.o [1]
  .text               ro code  0x08034f00      0x4  startup_stm32f2xx_IAR.o [1]
  .text               ro code  0x08034f04      0x4  startup_stm32f2xx_IAR.o [1]
  .text               ro code  0x08034f08      0x4  startup_stm32f2xx_IAR.o [1]
  .text               ro code  0x08034f0c      0x4  startup_stm32f2xx_IAR.o [1]
  .text               ro code  0x08034f10      0x4  startup_stm32f2xx_IAR.o [1]
  .text               ro code  0x08034f14      0x4  startup_stm32f2xx_IAR.o [1]
  .text               ro code  0x08034f18      0x4  startup_stm32f2xx_IAR.o [1]
  .text               ro code  0x08034f1c      0x4  startup_stm32f2xx_IAR.o [1]
  .text               ro code  0x08034f20      0x4  startup_stm32f2xx_IAR.o [1]
  .text               ro code  0x08034f24      0x4  startup_stm32f2xx_IAR.o [1]
  .text               ro code  0x08034f28      0x4  startup_stm32f2xx_IAR.o [1]
  .text               ro code  0x08034f2c      0x4  startup_stm32f2xx_IAR.o [1]
  .text               ro code  0x08034f30      0x4  startup_stm32f2xx_IAR.o [1]
  .text               ro code  0x08034f34      0x4  startup_stm32f2xx_IAR.o [1]
  .text               ro code  0x08034f38      0x4  startup_stm32f2xx_IAR.o [1]
  .text               ro code  0x08034f3c      0x4  startup_stm32f2xx_IAR.o [1]
  .text               ro code  0x08034f40      0x4  startup_stm32f2xx_IAR.o [1]
  .text               ro code  0x08034f44      0x4  startup_stm32f2xx_IAR.o [1]
  .text               ro code  0x08034f48      0x4  startup_stm32f2xx_IAR.o [1]
  .text               ro code  0x08034f4c      0x4  startup_stm32f2xx_IAR.o [1]
  .text               ro code  0x08034f50      0x4  startup_stm32f2xx_IAR.o [1]
  .text               ro code  0x08034f54      0x4  startup_stm32f2xx_IAR.o [1]
  .text               ro code  0x08034f58      0x4  startup_stm32f2xx_IAR.o [1]
  .text               ro code  0x08034f5c      0x4  startup_stm32f2xx_IAR.o [1]
  .text               ro code  0x08034f60      0x0  cstart_clearlocks.o [6]
  .text               ro code  0x08034f60      0x0  cstart_closeall.o [6]
  .rodata             const    0x08034f60      0x0  zero_init3.o [6]
  .rodata             const    0x08034f60      0x0  packbits_init.o [6]
  Initializer bytes   ro data  0x08034f60    0x117  <for P2 s0>
                             - 0x08035077  0x28ef3

"P2":                                      0x1f330
  P2 s0                        0x20000000    0x364  <Init block>
    __DLIB_PERTHREAD  inited   0x20000000     0x8c  rand.o [3]
    __DLIB_PERTHREAD  inited   0x2000008c     0x88  localeconv.o [3]
    __DLIB_PERTHREAD  inited   0x20000114     0x74  setlocale.o [3]
    .data             inited   0x20000188     0x40  xfiles.o [3]
    .data             inited   0x200001c8     0x40  xfiles.o [3]
    .data             inited   0x20000208     0x40  xfiles.o [3]
    __DLIB_PERTHREAD  inited   0x20000248     0x2c  xttotm.o [3]
    .data             inited   0x20000274     0x24  stm32f2xx_platform.o [1]
    .data             inited   0x20000298     0x20  xfiles.o [3]
    .data             inited   0x200002b8     0x18  MDNSUtils.o [1]
    .data             inited   0x200002d0     0x10  stm32f2xx_rcc.o [1]
    .data             inited   0x200002e0     0x10  tcp.o [5]
    .data             inited   0x200002f0      0xc  wwd_internal.o [5]
    .data             inited   0x200002fc      0x8  MicoDriverRtc.o [1]
    .data             inited   0x20000304      0x8  XShttio.o [3]
    __DLIB_PERTHREAD  inited   0x2000030c      0x8  localtim.o [3]
    .data             inited   0x20000314      0x4  HTTPUtils.o [1]
    .data             inited   0x20000318      0x4  json_object.o [1]
    .data             inited   0x2000031c      0x4  json_object.o [1]
    .data             inited   0x20000320      0x4  json_tokener.o [1]
    .data             inited   0x20000324      0x4  MICOConfig.o [1]
    .data             inited   0x20000328      0x4  read_wifi_firmware.o [1]
    .data             inited   0x2000032c      0x4  wifimgr.o [5]
    .data             inited   0x20000330      0x4  wifimgr.o [5]
    .data             inited   0x20000334      0x4  wifimgr.o [5]
    .data             inited   0x20000338      0x4  mftest.o [5]
    .data             inited   0x2000033c      0x4  mftest.o [5]
    .data             inited   0x20000340      0x4  port.o [5]
    .data             inited   0x20000344      0x4  wwd_rtos.o [5]
    .data             inited   0x20000348      0x4  tcp.o [5]
    .data             inited   0x2000034c      0x4  wifi.o [5]
    .data             inited   0x20000350      0x4  tasks.o [5]
    .data             inited   0x20000354      0x4  dhcp.o [5]
    __DLIB_PERTHREAD  inited   0x20000358      0x4  errno.o [3]
    __DLIB_PERTHREAD  inited   0x2000035c      0x4  xisdst.o [3]
    __DLIB_PERTHREAD  inited   0x20000360      0x4  xisdstData.o [3]
  .bss                zero     0x20000364   0x7378  memp.o [5]
  .bss                zero     0x200076dc    0x820  HaProtocol.o [1]
  .bss                zero     0x20007efc    0x818  wlan_bus.o [1]
  .bss                zero     0x20008714    0x460  dns.o [5]
  .bss                zero     0x20008b74    0x204  dns.o [5]
  .bss                zero     0x20008d78    0x1d8  dlmalloc.o [5]
  .bss                zero     0x20008f50    0x198  sockets.o [5]
  .bss                zero     0x200090e8    0x100  easylink.o [5]
  .bss                zero     0x200091e8     0xc8  tasks.o [5]
  .bss                zero     0x200092b0     0xc0  gpio_irq.o [1]
  .bss                zero     0x20009370     0xa0  etharp.o [5]
  .bss                zero     0x20009410     0x88  wiced_network.o [5]
  .bss                zero     0x20009498     0x80  easylink.o [5]
  .bss                zero     0x20009518     0x80  XShHandles.o [3]
  .bss                zero     0x20009598     0x70  wifimgr.o [5]
  .bss                zero     0x20009608     0x64  dhcp_server.o [5]
  .bss                zero     0x2000966c     0x5c  MicoMQTTClient.o [1]
  .bss                zero     0x200096c8     0x5c  stm32f2xx_platform.o [1]
  .bss                zero     0x20009724     0x54  MICONotificationCenter.o [1]
  .bss                zero     0x20009778     0x50  xfiles.o [3]
  .bss                zero     0x200097c8     0x50  xfiles.o [3]
  .bss                zero     0x20009818     0x44  MicoMQTTClient.o [1]
  .bss                zero     0x2000985c     0x44  memp.o [5]
  .bss                zero     0x200098a0     0x44  netif.o [5]
  .bss                zero     0x200098e4     0x40  easylink.o [5]
  .bss                zero     0x20009924     0x40  easylink2.o [5]
  .bss                zero     0x20009964     0x3c  MicoDriverUart.o [1]
  .bss                zero     0x200099a0     0x3c  wifimgr.o [5]
  .bss                zero     0x200099dc     0x3c  wifimgr.o [5]
  .bss                zero     0x20009a18     0x3c  wifimgr.o [5]
  .bss                zero     0x20009a54     0x3c  wifimgr.o [5]
  .bss                zero     0x20009a90     0x3c  wiced_network.o [5]
  .bss                zero     0x20009acc     0x3c  SDPCM.o [5]
  .bss                zero     0x20009b08     0x38  MicoCloudService.o [1]
  .bss                zero     0x20009b40     0x38  wiced_network.o [5]
  .bss                zero     0x20009b78     0x38  xsyslock_mtx.o [3]
  .bss                zero     0x20009bb0     0x30  mftest.o [5]
  .bss                zero     0x20009be0     0x30  mftest.o [5]
  .bss                zero     0x20009c10     0x28  MicoCloudService.o [1]
  .bss                zero     0x20009c38     0x28  dnsclient.o [5]
  .bss                zero     0x20009c60     0x28  wiced_ping.o [5]
  .bss                zero     0x20009c88     0x28  dhcp.o [5]
  .bss                zero     0x20009cb0     0x20  wiced_network.o [5]
  .bss                zero     0x20009cd0     0x20  dhcp_server.o [5]
  .bss                zero     0x20009cf0     0x18  MICOEntrance.o [1]
  .bss                zero     0x20009d08     0x18  mftest.o [5]
  .bss                zero     0x20009d20     0x18  dlmalloc.o [5]
  .bss                zero     0x20009d38     0x14  MICOSystemMonitor.o [1]
  .bss                zero     0x20009d4c     0x14  wifimgr.o [5]
  .bss                zero     0x20009d60     0x14  mftest.o [5]
  .bss                zero     0x20009d74     0x14  wiced_network.o [5]
  .bss                zero     0x20009d88     0x14  wiced_network.o [5]
  .bss                zero     0x20009d9c     0x14  ostimers.o [5]
  .bss                zero     0x20009db0     0x14  ostimers.o [5]
  .bss                zero     0x20009dc4     0x14  tasks.o [5]
  .bss                zero     0x20009dd8     0x14  tasks.o [5]
  .bss                zero     0x20009dec     0x14  tasks.o [5]
  .bss                zero     0x20009e00     0x14  tasks.o [5]
  .bss                zero     0x20009e14     0x14  tasks.o [5]
  .bss                zero     0x20009e28     0x14  tcp_in.o [5]
  .bss                zero     0x20009e3c     0x10  EasyLink.o [1]
  .bss                zero     0x20009e4c     0x10  MicoDriverWdg.o [1]
  .bss                zero     0x20009e5c     0x10  platform.o [1]
  .bss                zero     0x20009e6c     0x10  mxchipWNET.o [5]
  .bss                zero     0x20009e7c     0x10  easylink.o [5]
  .bss                zero     0x20009e8c     0x10  ip_addr.o [5]
  .bss                zero     0x20009e9c      0xc  MICOConfigDelegate.o [1]
  .bss                zero     0x20009ea8      0xc  MQTTMICO.o [1]
  .bss                zero     0x20009eb4      0xc  rtc.o [1]
  .bss                zero     0x20009ec0      0xc  dhcp.o [5]
  .bss                zero     0x20009ecc      0x8  MICONTPClient.o [1]
  .bss                zero     0x20009ed4      0x8  wifimgr.o [5]
  .bss                zero     0x20009edc      0x8  wifimgr.o [5]
  .bss                zero     0x20009ee4      0x8  wiced_rtos.o [5]
  .bss                zero     0x20009eec      0x8  dns.o [5]
  .bss                zero     0x20009ef4      0x8  wifi.o [5]
  .bss                zero     0x20009efc      0x8  wwd_management.o [5]
  .bss                zero     0x20009f04      0x4  EasyLink.o [1]
  .bss                zero     0x20009f08      0x4  MDNSUtils.o [1]
  .bss                zero     0x20009f0c      0x4  MICOBonjour.o [1]
  .bss                zero     0x20009f10      0x4  MICOConfigServer.o [1]
  .bss                zero     0x20009f14      0x4  MicoDriverWdg.o [1]
  .bss                zero     0x20009f18      0x4  MICOParaStorage.o [1]
  .bss                zero     0x20009f1c      0x4  MQTTMICO.o [1]
  .bss                zero     0x20009f20      0x4  MQTTPacket.o [1]
  .bss                zero     0x20009f24      0x4  stm32f2xx_platform.o [1]
  .bss                zero     0x20009f28      0x4  mxchipWNET.o [5]
  .bss                zero     0x20009f2c      0x4  mxchipWNET.o [5]
  .bss                zero     0x20009f30      0x4  mxchipWNET.o [5]
  .bss                zero     0x20009f34      0x4  mxchipWNET.o [5]
  .bss                zero     0x20009f38      0x4  mxchipWNET.o [5]
  .bss                zero     0x20009f3c      0x4  wifimgr.o [5]
  .bss                zero     0x20009f40      0x4  wifimgr.o [5]
  .bss                zero     0x20009f44      0x4  wifimgr.o [5]
  .bss                zero     0x20009f48      0x4  wifimgr.o [5]
  .bss                zero     0x20009f4c      0x4  wifimgr.o [5]
  .bss                zero     0x20009f50      0x4  wifimgr.o [5]
  .bss                zero     0x20009f54      0x4  wifimgr.o [5]
  .bss                zero     0x20009f58      0x4  wifimgr.o [5]
  .bss                zero     0x20009f5c      0x4  wifimgr.o [5]
  .bss                zero     0x20009f60      0x4  wifimgr.o [5]
  .bss                zero     0x20009f64      0x4  wiced_rtos.o [5]
  .bss                zero     0x20009f68      0x4  wiced_rtos.o [5]
  .bss                zero     0x20009f6c      0x4  mftest.o [5]
  .bss                zero     0x20009f70      0x4  mftest.o [5]
  .bss                zero     0x20009f74      0x4  mftest.o [5]
  .bss                zero     0x20009f78      0x4  mftest.o [5]
  .bss                zero     0x20009f7c      0x4  wwd_thread.o [5]
  .bss                zero     0x20009f80      0x4  wwd_thread.o [5]
  .bss                zero     0x20009f84      0x4  wps_host.o [5]
  .bss                zero     0x20009f88      0x4  wps_host.o [5]
  .bss                zero     0x20009f8c      0x4  dns.o [5]
  .bss                zero     0x20009f90      0x4  dns.o [5]
  .bss                zero     0x20009f94      0x4  easylink.o [5]
  .bss                zero     0x20009f98      0x4  easylink.o [5]
  .bss                zero     0x20009f9c      0x4  easylink.o [5]
  .bss                zero     0x20009fa0      0x4  easylink.o [5]
  .bss                zero     0x20009fa4      0x4  easylink.o [5]
  .bss                zero     0x20009fa8      0x4  easylink.o [5]
  .bss                zero     0x20009fac      0x4  easylink.o [5]
  .bss                zero     0x20009fb0      0x4  easylink2.o [5]
  .bss                zero     0x20009fb4      0x4  easylink2.o [5]
  .bss                zero     0x20009fb8      0x4  easylink2.o [5]
  .bss                zero     0x20009fbc      0x4  easylink2.o [5]
  .bss                zero     0x20009fc0      0x4  easylink2.o [5]
  .bss                zero     0x20009fc4      0x4  easylink2.o [5]
  .bss                zero     0x20009fc8      0x4  sockets.o [5]
  .bss                zero     0x20009fcc      0x4  sockets.o [5]
  .bss                zero     0x20009fd0      0x4  sockets.o [5]
  .bss                zero     0x20009fd4      0x4  dnsclient.o [5]
  .bss                zero     0x20009fd8      0x4  tcp.o [5]
  .bss                zero     0x20009fdc      0x4  tcp.o [5]
  .bss                zero     0x20009fe0      0x4  tcp.o [5]
  .bss                zero     0x20009fe4      0x4  tcp.o [5]
  .bss                zero     0x20009fe8      0x4  tcp.o [5]
  .bss                zero     0x20009fec      0x4  tcp.o [5]
  .bss                zero     0x20009ff0      0x4  tcp.o [5]
  .bss                zero     0x20009ff4      0x4  tcp.o [5]
  .bss                zero     0x20009ff8      0x4  wifi.o [5]
  .bss                zero     0x20009ffc      0x4  wifi.o [5]
  .bss                zero     0x2000a000      0x4  wifi.o [5]
  .bss                zero     0x2000a004      0x4  wifi.o [5]
  .bss                zero     0x2000a008      0x4  wifi.o [5]
  .bss                zero     0x2000a00c      0x4  wwd_wifi.o [5]
  .bss                zero     0x2000a010      0x4  wwd_wifi.o [5]
  .bss                zero     0x2000a014      0x4  wwd_wifi.o [5]
  .bss                zero     0x2000a018      0x4  wwd_wifi.o [5]
  .bss                zero     0x2000a01c      0x4  ip.o [5]
  .bss                zero     0x2000a020      0x4  ip.o [5]
  .bss                zero     0x2000a024      0x4  ip.o [5]
  .bss                zero     0x2000a028      0x4  ip.o [5]
  .bss                zero     0x2000a02c      0x4  ip.o [5]
  .bss                zero     0x2000a030      0x4  wiced_network.o [5]
  .bss                zero     0x2000a034      0x4  wiced_network.o [5]
  .bss                zero     0x2000a038      0x4  SDPCM.o [5]
  .bss                zero     0x2000a03c      0x4  SDPCM.o [5]
  .bss                zero     0x2000a040      0x4  SDPCM.o [5]
  .bss                zero     0x2000a044      0x4  SDPCM.o [5]
  .bss                zero     0x2000a048      0x4  SDPCM.o [5]
  .bss                zero     0x2000a04c      0x4  SDPCM.o [5]
  .bss                zero     0x2000a050      0x4  SDPCM.o [5]
  .bss                zero     0x2000a054      0x4  wwd_ap.o [5]
  .bss                zero     0x2000a058      0x4  ostimers.o [5]
  .bss                zero     0x2000a05c      0x4  ostimers.o [5]
  .bss                zero     0x2000a060      0x4  ostimers.o [5]
  .bss                zero     0x2000a064      0x4  ostimers.o [5]
  .bss                zero     0x2000a068      0x4  tasks.o [5]
  .bss                zero     0x2000a06c      0x4  tasks.o [5]
  .bss                zero     0x2000a070      0x4  tasks.o [5]
  .bss                zero     0x2000a074      0x4  tasks.o [5]
  .bss                zero     0x2000a078      0x4  tasks.o [5]
  .bss                zero     0x2000a07c      0x4  tasks.o [5]
  .bss                zero     0x2000a080      0x4  tasks.o [5]
  .bss                zero     0x2000a084      0x4  tasks.o [5]
  .bss                zero     0x2000a088      0x4  tasks.o [5]
  .bss                zero     0x2000a08c      0x4  tasks.o [5]
  .bss                zero     0x2000a090      0x4  tasks.o [5]
  .bss                zero     0x2000a094      0x4  tasks.o [5]
  .bss                zero     0x2000a098      0x4  tasks.o [5]
  .bss                zero     0x2000a09c      0x4  tasks.o [5]
  .bss                zero     0x2000a0a0      0x4  wwd_internal.o [5]
  .bss                zero     0x2000a0a4      0x4  udp.o [5]
  .bss                zero     0x2000a0a8      0x4  igmp.o [5]
  .bss                zero     0x2000a0ac      0x4  igmp.o [5]
  .bss                zero     0x2000a0b0      0x4  igmp.o [5]
  .bss                zero     0x2000a0b4      0x4  igmp.o [5]
  .bss                zero     0x2000a0b8      0x4  lwiptcpip.o [5]
  .bss                zero     0x2000a0bc      0x4  lwiptcpip.o [5]
  .bss                zero     0x2000a0c0      0x4  lwiptcpip.o [5]
  .bss                zero     0x2000a0c4      0x4  lwiptimers.o [5]
  .bss                zero     0x2000a0c8      0x4  lwiptimers.o [5]
  .bss                zero     0x2000a0cc      0x4  wiced_ping.o [5]
  .bss                zero     0x2000a0d0      0x4  ip_frag.o [5]
  .bss                zero     0x2000a0d4      0x4  netif.o [5]
  .bss                zero     0x2000a0d8      0x4  netif.o [5]
  .bss                zero     0x2000a0dc      0x4  raw.o [5]
  .bss                zero     0x2000a0e0      0x4  tcp_in.o [5]
  .bss                zero     0x2000a0e4      0x4  tcp_in.o [5]
  .bss                zero     0x2000a0e8      0x4  tcp_in.o [5]
  .bss                zero     0x2000a0ec      0x4  tcp_in.o [5]
  .bss                zero     0x2000a0f0      0x4  tcp_in.o [5]
  .bss                zero     0x2000a0f4      0x4  tcp_in.o [5]
  .bss                zero     0x2000a0f8      0x4  xgetmemchunk.o [3]
  .bss                zero     0x2000a0fc      0x2  tcp.o [5]
  .bss                zero     0x2000a0fe      0x2  ip.o [5]
  .bss                zero     0x2000a100      0x2  wiced_network.o [5]
  .bss                zero     0x2000a102      0x2  SDPCM.o [5]
  .bss                zero     0x2000a104      0x2  wiced_ping.o [5]
  .bss                zero     0x2000a106      0x2  ip_frag.o [5]
  .bss                zero     0x2000a108      0x2  tcp_in.o [5]
  .bss                zero     0x2000a10a      0x1  gpio_irq.o [1]
  .bss                zero     0x2000a10b      0x1  MicoCloudService.o [1]
  .bss                zero     0x2000a10c      0x1  printbuf.o [1]
  .bss                zero     0x2000a10d      0x1  wifimgr.o [5]
  .bss                zero     0x2000a10e      0x1  wifimgr.o [5]
  .bss                zero     0x2000a10f      0x1  wifimgr.o [5]
  .bss                zero     0x2000a110      0x1  wwd_thread.o [5]
  .bss                zero     0x2000a111      0x1  wwd_thread.o [5]
  .bss                zero     0x2000a112      0x1  wwd_thread.o [5]
  .bss                zero     0x2000a113      0x1  wps_host.o [5]
  .bss                zero     0x2000a114      0x1  wps_host.o [5]
  .bss                zero     0x2000a115      0x1  dns.o [5]
  .bss                zero     0x2000a116      0x1  tcp.o [5]
  .bss                zero     0x2000a117      0x1  wifi.o [5]
  .bss                zero     0x2000a118      0x1  wifi.o [5]
  .bss                zero     0x2000a119      0x1  wwd_wifi.o [5]
  .bss                zero     0x2000a11a      0x1  etharp.o [5]
  .bss                zero     0x2000a11b      0x1  wiced_network.o [5]
  .bss                zero     0x2000a11c      0x1  wiced_network.o [5]
  .bss                zero     0x2000a11d      0x1  SDPCM.o [5]
  .bss                zero     0x2000a11e      0x1  SDPCM.o [5]
  .bss                zero     0x2000a11f      0x1  SDPCM.o [5]
  .bss                zero     0x2000a120      0x1  SDPCM.o [5]
  .bss                zero     0x2000a121      0x1  SDPCM.o [5]
  .bss                zero     0x2000a122      0x1  SDPCM.o [5]
  .bss                zero     0x2000a123      0x1  SDPCM.o [5]
  .bss                zero     0x2000a124      0x1  wwd_ap.o [5]
  .bss                zero     0x2000a125      0x1  wwd_bus_protocol.o [5]
  .bss                zero     0x2000a126      0x1  wwd_bus_protocol.o [5]
  .bss                zero     0x2000a127      0x1  netif.o [5]
  .bss                zero     0x2000a128      0x1  tcp_in.o [5]
  .bss                zero     0x2000a129      0x1  tcp_in.o [5]
  CSTACK                       0x2000a130    0x200  <Block>
    CSTACK            uninit   0x2000a130    0x200  <Block tail>
  HEAP                         0x2000a330  0x15000  <Block>
    HEAP              uninit   0x2000a330  0x15000  <Block tail>
                             - 0x2001f330  0x1f330


*******************************************************************************
*** INIT TABLE
***

          Address     Size
          -------     ----
Zero (__iar_zero_init3)
    1 destination range, total size 0x9dc6:
          0x20000364  0x9dc6

Copy/packbits (__iar_packbits_init3)
    1 source range, total size 0x117 (32% of destination):
          0x08034f60   0x117
    1 destination range, total size 0x364:
          0x20000000   0x364



*******************************************************************************
*** MODULE SUMMARY
***

    Module                    ro code  ro data  rw data
    ------                    -------  -------  -------
C:\Users\wangeshen\Desktop\MXCHIP\MICO_20141106\MICO\Build\COM.MXCHIP.CLOUD\EMW3162\Obj: [1]
    EasyLink.o                  2 284                20
    HTTPUtils.o                 3 452        1        4
    HaProtocol.o                  736             2 080
    MDNSUtils.o                 2 996        8       28
    MICOAppEntrance.o             476
    MICOBonjour.o                 752                 4
    MICOConfig.o                             5        4
    MICOConfigDelegate.o        2 344                12
    MICOConfigMenu.o              572
    MICOConfigServer.o            932                 4
    MICOEntrance.o              1 284                24
    MICONTPClient.o               552                 8
    MICONotificationCenter.o      540                84
    MICOParaStorage.o             276                 4
    MICOSystemMonitor.o           228                20
    MQTTClient.o                1 680
    MQTTConnectClient.o           744
    MQTTDeserializePublish.o      248
    MQTTMICO.o                    580                16
    MQTTPacket.o                  500                 4
    MQTTSerializePublish.o        268
    MQTTSubscribeClient.o         312
    MicoCloudService.o          2 464                97
    MicoDriverFlash.o             620
    MicoDriverGpio.o              484
    MicoDriverRtc.o               460        3        8
    MicoDriverUart.o            1 892                60
    MicoDriverWdg.o               416                20
    MicoMQTTClient.o              888       16      160
    RingBufferUtils.o              94
    SocketUtils.o                 162
    StringUtils.o               2 208
    URLUtils.o                    362
    UartRecv.o                     86
    arraylist.o                   212
    crt0_IAR.o                     28
    gpio_irq.o                    778               193
    hardfault.o                   772
    json_object.o               1 512       39        8
    json_tokener.o              3 884        1        4
    json_util.o                   228
    linkhash.o                    844
    misc.o                        148
    platform.o                    314      532       16
    printbuf.o                    310                 1
    read_wifi_firmware.o          108        2        4
    rtc.o                         540                12
    startup_stm32f2xx_IAR.o       702
    stdio_IAR.o                    20
    stm32f2xx_dma.o               456
    stm32f2xx_exti.o              120
    stm32f2xx_flash.o             642
    stm32f2xx_gpio.o              184
    stm32f2xx_iwdg.o               52
    stm32f2xx_platform.o        1 108       16      132
    stm32f2xx_pwr.o               104
    stm32f2xx_rcc.o               576        5       16
    stm32f2xx_rtc.o             1 474
    stm32f2xx_sdio.o              100
    stm32f2xx_syscfg.o             40
    stm32f2xx_tim.o               734
    stm32f2xx_usart.o             256
    wlan_bus.o                  1 632             2 072
    wlan_platform.o               196
    ---------------------------------------------------
    Total:                     49 966      628    5 119

command line: [2]
    ---------------------------------------------------
    Total:

dl7M_tlf.a: [3]
    XShHandles.o                  224               128
    XShttio.o                       8        2        8
    abort.o                         6
    div.o                          14
    errno.o                        12        1        4
    exit.o                          4
    fclose.o                      122
    fflush.o                      176
    fputc.o                        86
    fseek.o                        34
    getzone.o                      10
    isxxx.o                        40
    localeconv.o                  108       43      136
    localtim.o                    182        3        8
    memcpy.o                       12
    memset.o                       20
    printf.o                       36
    putchar.o                      12
    rand.o                        224       45      140
    setlocale.o                    84       38      116
    snprintf.o                     68
    sprintf.o                      52
    srand.o                        32
    sscanf.o                       36
    strdup.o                       24
    strncasecmp.o                  78
    strncat.o                      40
    strncmp.o                      42
    strnlen.o                      22
    strstr.o                       44
    tolower.o                      20
    toupper.o                      24
    vprintf.o                      24
    vsnprint.o                     60
    vsprintf.o                     44
    xcloseall.o                    88
    xencoding_sb.o                 96
    xfgpos.o                       12
    xfiles.o                                71      384
    xfofind.o                     124
    xfspos.o                      214
    xfwprep.o                     182
    xgetdst.o                     356
    xgetmemchunk.o                 44                 4
    xgettime.o                     66
    xisdst.o                      308        1        4
    xisdstData.o                             2        4
    xlocale_c.o                    54
    xmbcurmax.o                    10
    xmbtowc.o                      32
    xprintffull.o               4 432
    xprout.o                       22
    xscanffull.o                3 316
    xsnprout.o                     26
    xsprout.o                      10
    xsscin.o                       30
    xstoflt.o                     440
    xstol.o                       136
    xstoll.o                      164
    xstopfx.o                     308
    xstoul.o                      404
    xstoull.o                     432
    xstoxflt.o                    536
    xsyslock.o                     32
    xsyslock_mtx.o                348                56
    xtls.o                          2
    xttotm.o                      392       14       44
    xwctob.o                       64
    xwctomb.o                      26
    ---------------------------------------------------
    Total:                     14 730      220    1 036

m7M_tl.a: [4]
    DblAdd.o                      232
    DblCmpEq.o                     32
    DblCmpGe.o                     46
    DblCmpLe.o                     46
    DblDiv.o                      582
    DblMul.o                      418
    DblSub.o                      384
    DblToFlt.o                    144
    DblToI32.o                     88
    FltMul.o                      216
    FltToU32.o                     36
    I32ToDbl.o                     48
    I32ToFlt.o                     30
    xdnorm.o                       66
    xdscale.o                     268
    xdtento.o                     512
    xdunscal.o                     86
    xstold.o                      332
    ---------------------------------------------------
    Total:                      3 566

mxchipWNet_cm3_sdio.a: [5]
    SDPCM.o                     2 768       20       97
    api_lib.o                   1 508
    api_msg.o                   3 788
    def.o                          54
    dhcp.o                      3 808        2       56
    dhcp_server.o               1 564      132      132
    dlmalloc.o                  9 524               496
    dns.o                       1 560       28    1 653
    dns_redirect.o                496       24
    dnsclient.o                   104                44
    easylink.o                  2 012      300      492
    easylink2.o                   972        4       88
    etharp.o                    2 224       16      161
    heap_3.o                       56
    iar_mutex.o                    40
    icmp.o                        506
    igmp.o                      1 396                16
    inet_chksum.o                 356
    init.o                         32
    ip.o                        1 240                22
    ip_addr.o                     602        8       16
    ip_frag.o                   1 410                 6
    list.o                        154
    lwiptcpip.o                   636       16       12
    lwiptimers.o                  824                 8
    md5.o                       2 462
    memp.o                        192       72   29 628
    mftest.o                      936      391      164
    mxchipWNET.o                1 928       60       36
    mxchipbesl.o                   12
    netbuf.o                      214
    netif.o                       854                77
    netifapi.o                     72
    ostimers.o                    910        8       56
    pbuf.o                      1 240
    port.o                        208        1        4
    portasm.o                     140
    queue.o                     1 262
    raw.o                         460                 4
    read_wifi_firmware.o           24
    sockets.o                   5 900       64      420
    sys.o                          40
    sys_arch.o                    672
    tasks.o                     2 608       29      360
    tcp.o                       3 580       30       55
    tcp_in.o                    4 952                48
    tcp_out.o                   3 260
    tcpip.o                     1 572
    udp.o                       1 572                 4
    wiced_lib.o                   140       12
    wiced_network.o             1 016       28      336
    wiced_ping.o                  396                46
    wiced_rtos.o                1 748       44       16
    wifi.o                      1 084       69       34
    wifimgr.o                   4 872      535      443
    wps_host.o                     76                10
    wwd_ap.o                    1 082       52        5
    wwd_buffer.o                  152
    wwd_bus_protocol.o          2 492                 2
    wwd_firmware.o                734      780
    wwd_internal.o                592       16       16
    wwd_management.o              572       40        8
    wwd_network.o                 380        8
    wwd_rtos.o                    304        2        4
    wwd_thread.o                  432        8       11
    wwd_wifi.o                  5 076      468       17
    ---------------------------------------------------
    Total:                     93 852    3 267   35 103

rt7M_tl.a: [6]
    ABImemclr.o                     6
    ABImemclr4.o                    6
    ABImemcpy_unaligned.o         118
    ABImemmove_unaligned.o        120
    ABImemset.o                   102
    ABImemset48.o                  58
    I64DivMod.o                   238
    I64DivZer.o                     2
    cexit.o                        18
    cmain.o                        26
    cstart_clearlocks.o
    cstart_closeall.o
    cstartup_M.o                   12
    data_init.o                    40
    memchr.o                       88
    memcmp_unaligned.o             98
    memmove.o                      12
    packbits_init.o               210
    strchr.o                       22
    strcmp_unaligned.o             66
    strcpy_unaligned.o             68
    strlen.o                       54
    strncpy_unaligned.o           108
    zero_init3.o                   34
    ---------------------------------------------------
    Total:                      1 506

shb_l.a: [7]
    close.o                        26
    exit.o                         20
    iarttio.o                      48
    lseek.o                        76
    remove.o                       22
    ---------------------------------------------------
    Total:                        192

    Gaps                           80        4
    Linker created                          44   86 528
-------------------------------------------------------
    Grand Total:              163 892    4 163  127 786


*******************************************************************************
*** ENTRY LIST
***

Entry                      Address    Size  Type      Object
-----                      -------    ----  ----      ------
.intvec$$Base           0x0800c000           --   Gb  - Linker created -
.intvec$$Limit          0x0800c184           --   Gb  - Linker created -
?main                   0x080348a9          Code  Gb  cmain.o [6]
APBAHBPrescTable        0x200002d0    0x10  Data  Lc  stm32f2xx_rcc.o [1]
AddLength               0x0802ed75    0x14  Code  Lc  md5.o [5]
ApListAdvCallback       0x080105cb    0x1a  Code  Gb  MICONotificationCenter.o [1]
ApListCallback          0x080105b1    0x1a  Code  Gb  MICONotificationCenter.o [1]
BonjourNotify_SYSWillPoerOffHandler
                        0x08020e59     0xe  Code  Gb  MICOBonjour.o [1]
BonjourNotify_WifiStatusHandler
                        0x08020e4d     0xc  Code  Gb  MICOBonjour.o [1]
CSTACK$$Base            0x2000a130           --   Gb  - Linker created -
CSTACK$$Limit           0x2000a330           --   Gb  - Linker created -
CaptureNumber           0x20009e50     0x4  Data  Lc  MicoDriverWdg.o [1]
CheckNetLink            0x080138f7    0x60  Code  Gb  mxchipWNET.o [5]
CloseEasylink2          0x080139bf     0xa  Code  Gb  mxchipWNET.o [5]
ConfigCreateReportJsonMessage
                        0x080204e5   0x4f6  Code  Gb  MICOConfigDelegate.o [1]
ConfigELRecvAuthData    0x080204e1     0x4  Code  Gb  MICOConfigDelegate.o [1]
ConfigEasyLinkIsSuccess
                        0x080204b3    0x1c  Code  Gb  MICOConfigDelegate.o [1]
ConfigIncommingJsonMessage
                        0x080209e9   0x1ac  Code  Gb  MICOConfigDelegate.o [1]
ConfigSoftApWillStart   0x080204df     0x2  Code  Gb  MICOConfigDelegate.o [1]
ConfigWillStart         0x08020487    0x10  Code  Gb  MICOConfigDelegate.o [1]
ConfigWillStop          0x08020497    0x1c  Code  Gb  MICOConfigDelegate.o [1]
ConnectNetwork          0x08030a83    0xc2  Code  Gb  MQTTMICO.o [1]
Context                 0x20009f10     0x4  Data  Lc  MICOConfigServer.o [1]
CreateHTTPMessage       0x08022261    0x86  Code  Gb  HTTPUtils.o [1]
CreateHTTPMessageEx     0x080222ef    0x9e  Code  Gb  HTTPUtils.o [1]
CreateSimpleHTTPMessageNoCopy
                        0x080221f1    0x64  Code  Gb  HTTPUtils.o [1]
CreateSimpleHTTPOKMessage
                        0x080221af    0x38  Code  Gb  HTTPUtils.o [1]
DMA2_Stream1_IRQHandler
                        0x0801234f    0x32  Code  Gb  MicoDriverUart.o [1]
DMA2_Stream2_IRQHandler
                        0x0801231d    0x32  Code  Gb  MicoDriverUart.o [1]
DMA2_Stream3_IRQHandler
                        0x080267e1     0x2  Code  Gb  wlan_bus.o [1]
DMA2_Stream6_IRQHandler
                        0x080122e3    0x3a  Code  Gb  MicoDriverUart.o [1]
DMA2_Stream7_IRQHandler
                        0x080122a9    0x3a  Code  Gb  MicoDriverUart.o [1]
[...]
vTaskDelay              0x0800ec15    0x36  Code  Gb  tasks.o [5]
vTaskDelete             0x0800eba1    0x74  Code  Gb  tasks.o [5]
vTaskForceAwake         0x0800ecc3    0x48  Code  Gb  tasks.o [5]
vTaskIncrementTick      0x0800ee71   0x106  Code  Gb  tasks.o [5]
vTaskMissedYield        0x0800f153     0xa  Code  Gb  tasks.o [5]
vTaskPlaceOnEventList   0x0800f01b    0x42  Code  Gb  tasks.o [5]
vTaskPlaceOnEventListRestricted
                        0x0800f05d    0x26  Code  Gb  tasks.o [5]
vTaskPriorityDisinherit
                        0x0800f423    0x44  Code  Gb  tasks.o [5]
vTaskPriorityInherit    0x0800f3bd    0x66  Code  Gb  tasks.o [5]
vTaskSetTimeOutState    0x0800f0e3    0x10  Code  Gb  tasks.o [5]
vTaskStartScheduler     0x0800ed0d    0x50  Code  Gb  tasks.o [5]
vTaskSuspendAll         0x0800ed5d    0x10  Code  Gb  tasks.o [5]
vTaskSwitchContext      0x0800ef77    0xa4  Code  Gb  tasks.o [5]
vprintf                 0x08030629    0x18  Code  Gb  vprintf.o [3]
vsnprintf               0x080305c1    0x3c  Code  Gb  vsnprint.o [3]
vsprintf                0x080305fd    0x2c  Code  Gb  vsprintf.o [3]
wiced_abort_read        0x08027049    0x4e  Code  Lc  wwd_bus_protocol.o [5]
wiced_bus_allow_wlan_bus_to_sleep
                        0x0802716d    0x22  Code  Gb  wwd_bus_protocol.o [5]
wiced_bus_deinit        0x08026b77    0x14  Code  Gb  wwd_bus_protocol.o [5]
wiced_bus_ensure_wlan_bus_is_up
                        0x080270c9    0x78  Code  Gb  wwd_bus_protocol.o [5]
wiced_bus_flow_controlled
                        0x2000a126     0x1  Data  Lc  wwd_bus_protocol.o [5]
wiced_bus_init          0x0802687d   0x2fa  Code  Gb  wwd_bus_protocol.o [5]
wiced_bus_interrupt     0x2000a112     0x1  Data  Lc  wwd_thread.o [5]
wiced_bus_is_flow_controlled
                        0x08027167     0x6  Code  Gb  wwd_bus_protocol.o [5]
wiced_bus_poke_wlan     0x08027141     0xe  Code  Gb  wwd_bus_protocol.o [5]
wiced_bus_process_interrupt
                        0x08026b8b    0x28  Code  Gb  wwd_bus_protocol.o [5]
wiced_bus_set_flow_control
                        0x0802714f    0x18  Code  Gb  wwd_bus_protocol.o [5]
wiced_bus_transfer_buffer
                        0x08026845    0x38  Code  Gb  wwd_bus_protocol.o [5]
wiced_bus_transfer_bytes
                        0x08026d9f    0x16  Code  Gb  wwd_bus_protocol.o [5]
wiced_device_core_is_up
                        0x0802feb1    0x5c  Code  Gb  wwd_internal.o [5]
wiced_dhcp_handle       0x20009a90    0x3c  Data  Gb  wiced_network.o [5]
wiced_disable_device_core
                        0x0802ff0d    0x9e  Code  Gb  wwd_internal.o [5]
wiced_dns_redirector_start
                        0x0801e415    0x42  Code  Gb  dns_redirect.o [5]
wiced_dns_redirector_stop
                        0x0801e457    0x30  Code  Gb  dns_redirect.o [5]
wiced_download_firmware
                        0x08026f4f    0xfa  Code  Lc  wwd_bus_protocol.o [5]
wiced_get_available_bus_credits
                        0x0801f3bb     0xe  Code  Gb  SDPCM.o [5]
wiced_get_core_address  0x0802fe91     0xa  Code  Lc  wwd_internal.o [5]
wiced_get_ioctl_buffer  0x0801f30d    0x26  Code  Gb  SDPCM.o [5]
wiced_get_iovar_buffer  0x0801f2a9    0x64  Code  Gb  SDPCM.o [5]
wiced_get_mac_addr      0x0801cbdf     0xc  Code  Gb  wwd_management.o [5]
wiced_get_next_buffer_in_queue
                        0x0801f459     0xa  Code  Lc  SDPCM.o [5]
wiced_get_packet_to_send
                        0x0801f333    0x88  Code  Gb  SDPCM.o [5]
wiced_gpio_input_get    0x08013553    0x3c  Code  Gb  MicoDriverGpio.o [1]
wiced_handle_apsta_event
                        0x0801e5e1    0x2e  Code  Lc  wwd_ap.o [5]
wiced_init              0x0801713d    0x8a  Code  Gb  wifi.o [5]
wiced_init_sdpcm        0x0801ea1d    0xe4  Code  Gb  SDPCM.o [5]
wiced_inited            0x2000a111     0x1  Data  Lc  wwd_thread.o [5]
wiced_initialised       0x2000a117     0x1  Data  Lc  wifi.o [5]
wiced_ioctl_response    0x2000a03c     0x4  Data  Lc  SDPCM.o [5]
wiced_ioctl_sleep       0x2000a040     0x4  Data  Lc  SDPCM.o [5]
wiced_ip_broadcast      0x08034a18    0x14  Data  Gb  wiced_network.o [5]
wiced_ip_down           0x0801e311    0x7e  Code  Gb  wiced_network.o [5]
wiced_ip_get_gateway_address
                        0x080175d5    0x24  Code  Gb  tcpip.o [5]
wiced_ip_get_ipaddr     0x0801761d    0x56  Code  Gb  tcpip.o [5]
wiced_ip_get_ipv4_address
                        0x08017997    0x24  Code  Gb  tcpip.o [5]
wiced_ip_get_netmask    0x080175f9    0x24  Code  Gb  tcpip.o [5]
wiced_ip_handle         0x20009410    0x88  Data  Gb  wiced_network.o [5]
wiced_ip_up             0x0801e0a5   0x26c  Code  Gb  wiced_network.o [5]
wiced_join_events_handler
                        0x080194ed   0x12a  Code  Lc  wwd_wifi.o [5]
wiced_join_status       0x2000a014     0x4  Data  Gb  wwd_wifi.o [5]
wiced_leave_ap          0x080171c7    0x1e  Code  Gb  wifi.o [5]
wiced_mac_addr          0x20009efc     0x8  Data  Lc  wwd_management.o [5]
wiced_management_init   0x0801c9c9    0x1e  Code  Gb  wwd_management.o [5]
wiced_management_set_event_handler
                        0x0801f125     0xa  Code  Gb  SDPCM.o [5]
wiced_management_wifi_off
                        0x0801cb8d    0x52  Code  Gb  wwd_management.o [5]
wiced_management_wifi_on
                        0x0801c9e7   0x1a6  Code  Gb  wwd_management.o [5]
wiced_network_init      0x0801dff9    0x9a  Code  Gb  wiced_network.o [5]
wiced_network_link_renew_handler
                        0x0801e38f    0x18  Code  Gb  wiced_network.o [5]
wiced_network_send_ethernet_data
                        0x0801eb7f    0x8a  Code  Gb  SDPCM.o [5]
wiced_networking_worker_thread
                        0x20009ee4     0x8  Data  Gb  wiced_rtos.o [5]
wiced_packet_create_tcp
                        0x08017867    0x6c  Code  Gb  tcpip.o [5]
wiced_packet_create_udp
                        0x080178d3    0x12  Code  Gb  tcpip.o [5]
wiced_packet_delete     0x080178e5     0xa  Code  Gb  tcpip.o [5]
wiced_packet_get_data   0x08017921    0x76  Code  Gb  tcpip.o [5]
wiced_packet_set_data_end
                        0x080178ef    0x16  Code  Gb  tcpip.o [5]
wiced_ping              0x080175ad    0x28  Code  Gb  tcpip.o [5]
wiced_ping_send         0x080231d9    0x8c  Code  Gb  wiced_ping.o [5]
wiced_platform_notify_irq
                        0x080272d3    0x1a  Code  Gb  wwd_thread.o [5]
wiced_process_bus_credit_update
                        0x0801ec09    0x56  Code  Gb  SDPCM.o [5]
wiced_process_sdpcm     0x0801ec5f   0x314  Code  Gb  SDPCM.o [5]
wiced_quit_sdpcm        0x0801eb01    0x4e  Code  Gb  SDPCM.o [5]
wiced_read_backplane_value
                        0x08026d4b    0x36  Code  Gb  wwd_bus_protocol.o [5]
wiced_read_frame        0x08026bb3   0x166  Code  Gb  wwd_bus_protocol.o [5]
wiced_read_register_value
                        0x08027097    0x32  Code  Lc  wwd_bus_protocol.o [5]
wiced_receive_one_packet
                        0x0802728b    0x20  Code  Gb  wwd_thread.o [5]
wiced_reset_device_core
                        0x0802ffab    0x9e  Code  Gb  wwd_internal.o [5]
wiced_rtos_create_thread
                        0x080115a1    0x4e  Code  Gb  wiced_rtos.o [5]
wiced_rtos_create_worker_thread
                        0x0801183b    0x5a  Code  Gb  wiced_rtos.o [5]
wiced_rtos_deinit_queue
                        0x0801177b     0xc  Code  Gb  wiced_rtos.o [5]
wiced_rtos_deinit_semaphore
                        0x08011703    0x16  Code  Gb  wiced_rtos.o [5]
wiced_rtos_deinit_timer
                        0x080117fd    0x22  Code  Gb  wiced_rtos.o [5]
wiced_rtos_delay_milliseconds
                        0x08011651     0xa  Code  Gb  wiced_rtos.o [5]
wiced_rtos_delete_thread
                        0x080115ef    0x24  Code  Gb  wiced_rtos.o [5]
wiced_rtos_deregister_timed_event
                        0x080118dd    0x24  Code  Gb  wiced_rtos.o [5]
wiced_rtos_get_semaphore
                        0x0801169b    0x22  Code  Gb  wiced_rtos.o [5]
wiced_rtos_init         0x0801157f    0x22  Code  Gb  wiced_rtos.o [5]
wiced_rtos_init_queue   0x08011719    0x1e  Code  Gb  wiced_rtos.o [5]
wiced_rtos_init_semaphore
                        0x08011679    0x22  Code  Gb  wiced_rtos.o [5]
wiced_rtos_init_timer   0x0801179d    0x36  Code  Gb  wiced_rtos.o [5]
wiced_rtos_is_current_thread
                        0x0801162d    0x18  Code  Gb  wiced_rtos.o [5]
wiced_rtos_pop_from_queue
                        0x08011759    0x22  Code  Gb  wiced_rtos.o [5]
wiced_rtos_push_to_queue
                        0x08011737    0x22  Code  Gb  wiced_rtos.o [5]
wiced_rtos_register_timed_event
                        0x08011895    0x48  Code  Gb  wiced_rtos.o [5]
wiced_rtos_send_asynchronous_event
                        0x08011901    0x14  Code  Gb  wiced_rtos.o [5]
wiced_rtos_set_semaphore
                        0x080116bd    0x46  Code  Gb  wiced_rtos.o [5]
wiced_rtos_start_timer  0x080117d3    0x2a  Code  Gb  wiced_rtos.o [5]
wiced_rtos_thread_force_awake
                        0x08011645     0xc  Code  Gb  wiced_rtos.o [5]
wiced_rtos_thread_join  0x08011613    0x1a  Code  Gb  wiced_rtos.o [5]
wiced_sdio_redirect_oob_interrupt
                        0x0802718f    0x36  Code  Lc  wwd_bus_protocol.o [5]
wiced_sdio_transfer     0x08026db5    0x92  Code  Lc  wwd_bus_protocol.o [5]
wiced_sdpcm_ioctl_mutex
                        0x2000a038     0x4  Data  Lc  SDPCM.o [5]
wiced_sdpcm_send_queue_head
                        0x2000a04c     0x4  Data  Lc  SDPCM.o [5]
wiced_sdpcm_send_queue_mutex
                        0x2000a048     0x4  Data  Lc  SDPCM.o [5]
wiced_sdpcm_send_queue_tail
                        0x2000a050     0x4  Data  Lc  SDPCM.o [5]
wiced_send_ioctl        0x0801ef79   0x1ac  Code  Gb  SDPCM.o [5]
wiced_send_iovar        0x0801eb4f    0x30  Code  Gb  SDPCM.o [5]
wiced_send_one_packet   0x0802724f    0x3c  Code  Gb  wwd_thread.o [5]
wiced_send_sdpcm_common
                        0x0801f3c9    0x90  Code  Lc  SDPCM.o [5]
wiced_set_backplane_window
                        0x0802fdf9    0x98  Code  Gb  wwd_internal.o [5]
wiced_set_next_buffer_in_queue
                        0x0801f463     0xe  Code  Lc  SDPCM.o [5]
wiced_sta_link_up       0x2000a118     0x1  Data  Lc  wifi.o [5]
wiced_start_dhcp_server
                        0x08028fe9    0x56  Code  Gb  dhcp_server.o [5]
wiced_stop_dhcp         0x0801e3a7     0x8  Code  Gb  wiced_network.o [5]
wiced_stop_dhcp_server  0x0802903f    0x2a  Code  Gb  dhcp_server.o [5]
wiced_tcp_bind          0x0801777b    0x4a  Code  Gb  tcpip.o [5]
wiced_tcp_connect       0x080176d1    0xaa  Code  Gb  tcpip.o [5]
wiced_tcp_create_socket
                        0x08017673    0x5e  Code  Gb  tcpip.o [5]
wiced_tcp_send_packet   0x080177c5    0x20  Code  Gb  tcpip.o [5]
wiced_tcp_start_tls     0x0802394f     0x6  Code  Gb  mxchipbesl.o [5]
wiced_thread            0x20009f7c     0x4  Data  Lc  wwd_thread.o [5]
wiced_thread_func       0x08027301    0x94  Code  Lc  wwd_thread.o [5]
wiced_thread_init       0x08027201    0x4e  Code  Gb  wwd_thread.o [5]
wiced_thread_notify     0x080272ed    0x14  Code  Gb  wwd_thread.o [5]
wiced_thread_quit       0x080272ab    0x28  Code  Gb  wwd_thread.o [5]
wiced_thread_quit_flag  0x2000a110     0x1  Data  Lc  wwd_thread.o [5]
wiced_time_get_time     0x0801165b    0x1e  Code  Gb  wiced_rtos.o [5]
wiced_time_offset       0x20009f68     0x4  Data  Lc  wiced_rtos.o [5]
wiced_tls_encrypt_packet
                        0x08023949     0x6  Code  Gb  mxchipbesl.o [5]
wiced_transceive_semaphore
                        0x20009f80     0x4  Data  Lc  wwd_thread.o [5]
wiced_udp_create_socket
                        0x080179bb    0x7c  Code  Gb  tcpip.o [5]
wiced_udp_delete_socket
                        0x08017aef    0x1e  Code  Gb  tcpip.o [5]
wiced_udp_packet_get_info
                        0x08017905    0x1c  Code  Gb  tcpip.o [5]
wiced_udp_receive       0x08017ab3    0x3c  Code  Gb  tcpip.o [5]
wiced_udp_send          0x08017a37    0x7c  Code  Gb  tcpip.o [5]
wiced_using_dhcp        0x2000a11b     0x1  Data  Lc  wiced_network.o [5]
wiced_wifi_add_packet_filter
                        0x08019bc5    0x80  Code  Gb  wwd_wifi.o [5]
wiced_wifi_ap_is_up     0x2000a124     0x1  Data  Gb  wwd_ap.o [5]
wiced_wifi_disable_monitor_mode
                        0x08019a81    0x5c  Code  Gb  wwd_wifi.o [5]
wiced_wifi_enable_monitor_mode
                        0x08019a25    0x5c  Code  Gb  wwd_wifi.o [5]
wiced_wifi_enable_packet_filter
                        0x08019c77     0xc  Code  Gb  wwd_wifi.o [5]
wiced_wifi_enable_powersave_with_throughput
                        0x080196dd    0x8e  Code  Gb  wwd_wifi.o [5]
wiced_wifi_get_ap_name  0x08019cc5    0x68  Code  Gb  wwd_wifi.o [5]
wiced_wifi_get_channel  0x08019b09     0xc  Code  Gb  wwd_wifi.o [5]
wiced_wifi_get_mac_address
                        0x08019617    0x4e  Code  Gb  wwd_wifi.o [5]
wiced_wifi_get_pmk      0x08019781    0x7a  Code  Gb  wwd_wifi.o [5]
wiced_wifi_get_rssi     0x080199cd    0x4c  Code  Gb  wwd_wifi.o [5]
wiced_wifi_get_wifi_version
                        0x08019d89    0x52  Code  Gb  wwd_wifi.o [5]
wiced_wifi_is_packet_from_ap
                        0x0801ea0d     0xe  Code  Gb  wwd_ap.o [5]
wiced_wifi_is_ready_to_transceive
                        0x08019665    0x70  Code  Gb  wwd_wifi.o [5]
wiced_wifi_join         0x08018ef1   0x102  Code  Gb  wwd_wifi.o [5]
wiced_wifi_join_specific
                        0x08018ff3   0x130  Code  Gb  wwd_wifi.o [5]
wiced_wifi_leave        0x0801949d    0x50  Code  Gb  wwd_wifi.o [5]
wiced_wifi_prepare_join
                        0x08019123   0x37a  Code  Lc  wwd_wifi.o [5]
wiced_wifi_register_multicast_address
                        0x080197fb    0xcc  Code  Gb  wwd_wifi.o [5]
wiced_wifi_remove_packet_filter
                        0x08019c49    0x2e  Code  Gb  wwd_wifi.o [5]
wiced_wifi_scan         0x08018a55   0x146  Code  Gb  wwd_wifi.o [5]
wiced_wifi_scan_networks
                        0x080171e5   0x118  Code  Gb  wifi.o [5]
wiced_wifi_set_channel  0x08019b53     0xc  Code  Gb  wwd_wifi.o [5]
wiced_wifi_set_down     0x08019ae5    0x20  Code  Gb  wwd_wifi.o [5]
wiced_wifi_set_maxassoc
                        0x08019ddb    0x2c  Code  Gb  wwd_wifi.o [5]
wiced_wifi_sleep_flag   0x2000a054     0x4  Data  Lc  wwd_ap.o [5]
wiced_wifi_start_ap     0x0801e60f   0x2e0  Code  Gb  wwd_ap.o [5]
wiced_wifi_stop_ap      0x0801e8f5    0xea  Code  Gb  wwd_ap.o [5]
wiced_wifi_stop_scan    0x08018b9b    0x58  Code  Gb  wwd_wifi.o [5]
wiced_wifi_toggle_packet_filter
                        0x08019c83    0x32  Code  Gb  wwd_wifi.o [5]
wiced_wifi_unregister_multicast_address
                        0x080198c7    0xec  Code  Gb  wwd_wifi.o [5]
wiced_wlan_status       0x200002f0     0xc  Data  Gb  wwd_internal.o [5]
wiced_write_backplane_value
                        0x08026d19    0x32  Code  Gb  wwd_bus_protocol.o [5]
wiced_write_register_value
                        0x08026d81    0x1e  Code  Gb  wwd_bus_protocol.o [5]
wiced_write_wifi_firmware_image
                        0x08030049    0xbe  Code  Gb  wwd_firmware.o [5]
wiced_write_wifi_nvram_image
                        0x08030107   0x160  Code  Gb  wwd_firmware.o [5]
wifi_nvram_image        0x08033810   0x30c  Data  Lc  wwd_firmware.o [5]
wifi_power_down         0x08013d53    0x26  Code  Gb  mxchipWNET.o [5]
wifi_power_is_down      0x20009f2c     0x4  Data  Lc  mxchipWNET.o [5]
wifi_reboot_event       0x080106e1    0x16  Code  Gb  MICONotificationCenter.o [1]
wifi_reboot_only        0x08014f6d    0x28  Code  Gb  wifimgr.o [5]
wifi_status_callback    0x08013855    0x74  Code  Gb  mxchipWNET.o [5]
wifimgr_debug_enabled   0x20009f3c     0x4  Data  Gb  wifimgr.o [5]
wifimgr_sem             0x20009f50     0x4  Data  Lc  wifimgr.o [5]
wifimgr_thread          0x08015091    0xbe  Code  Lc  wifimgr.o [5]
wlan_disconnect         0x0801464b    0x32  Code  Gb  wifimgr.o [5]
wlan_driver_version     0x08013dfd     0xa  Code  Gb  mxchipWNET.o [5]
wlan_get_mac_address    0x08014e45     0x8  Code  Gb  wifimgr.o [5]
wlan_init               0x08014f4d    0x1a  Code  Gb  wifimgr.o [5]
wlu_is_wpa_ie           0x08019d53    0x36  Code  Lc  wwd_wifi.o [5]
wlu_parse_tlvs          0x08019d2d    0x26  Code  Lc  wwd_wifi.o [5]
worker_thread_main      0x0801181f    0x1c  Code  Lc  wiced_rtos.o [5]
workspace               0x20009fb0     0x4  Data  Lc  easylink2.o [5]
wps_running             0x2000a114     0x1  Data  Lc  wps_host.o [5]
write                   0x08013c73     0xa  Code  Gb  mxchipWNET.o [5]
writeCString            0x080321cb    0x38  Code  Gb  MQTTPacket.o [1]
writeChar               0x080321ab     0x4  Code  Gb  MQTTPacket.o [1]
writeInt                0x080321af    0x12  Code  Gb  MQTTPacket.o [1]
writeMQTTString         0x08032203    0x58  Code  Gb  MQTTPacket.o [1]
wwd_management_set_event_handler
                        0x0801f12f   0x17a  Code  Gb  SDPCM.o [5]
wwd_wifi_get_channel    0x08019b15    0x3e  Code  Gb  wwd_wifi.o [5]
wwd_wifi_set_channel    0x08019b5f    0x62  Code  Gb  wwd_wifi.o [5]
xActiveTimerList1       0x20009d9c    0x14  Data  Lc  ostimers.o [5]
xActiveTimerList2       0x20009db0    0x14  Data  Lc  ostimers.o [5]
xDelayedTaskList1       0x20009dc4    0x14  Data  Lc  tasks.o [5]
xDelayedTaskList2       0x20009dd8    0x14  Data  Lc  tasks.o [5]
xMissedYield            0x2000a094     0x4  Data  Lc  tasks.o [5]
xNextTaskUnblockTime    0x20000350     0x4  Data  Lc  tasks.o [5]
xNumOfOverflows         0x2000a098     0x4  Data  Lc  tasks.o [5]
xPendingReadyList       0x20009dec    0x14  Data  Lc  tasks.o [5]
xPortPendSVHandler      0x0801003b          Code  Gb  portasm.o [5]
xPortStartScheduler     0x0800f4c7    0x2c  Code  Gb  port.o [5]
xPortSysTickHandler     0x0800f529    0x1a  Code  Gb  port.o [5]
xQueueCreateCountingSemaphore
                        0x08010189    0x14  Code  Gb  queue.o [5]
xQueueCreateMutex       0x08010133    0x56  Code  Gb  queue.o [5]
xQueueGenericCreate     0x080100c1    0x72  Code  Gb  queue.o [5]
xQueueGenericReceive    0x080102c5   0x14c  Code  Gb  queue.o [5]
xQueueGenericSend       0x0801019d    0xd0  Code  Gb  queue.o [5]
xQueueGenericSendFromISR
                        0x0801026d    0x58  Code  Gb  queue.o [5]
xSchedulerRunning       0x2000a088     0x4  Data  Lc  tasks.o [5]
xSuspendedTaskList      0x20009e14    0x14  Data  Lc  tasks.o [5]
xTaskCheckForTimeOut    0x0800f0f3    0x60  Code  Gb  tasks.o [5]
xTaskGenericCreate      0x0800ea7d   0x124  Code  Gb  tasks.o [5]
xTaskGetCurrentTaskHandle
                        0x0800f38b     0x6  Code  Gb  tasks.o [5]
xTaskGetCurrentThread   0x0800ecbb     0x8  Code  Gb  tasks.o [5]
xTaskGetSchedulerState  0x0800f395    0x1c  Code  Gb  tasks.o [5]
xTaskGetTickCount       0x0800ee3f    0x14  Code  Gb  tasks.o [5]
xTaskGetTickCountFromISR
                        0x0800ee55    0x1c  Code  Gb  tasks.o [5]
xTaskIsTaskFinished     0x0800ec4b    0x70  Code  Gb  tasks.o [5]
xTaskRemoveFromEventList
                        0x0800f083    0x60  Code  Gb  tasks.o [5]
xTaskResumeAll          0x0800ed6d    0xd2  Code  Gb  tasks.o [5]
xTasksWaitingTermination
                        0x20009e00    0x14  Data  Lc  tasks.o [5]
xTickCount              0x2000a07c     0x4  Data  Lc  tasks.o [5]
xTimerCreate            0x0800f653    0x4c  Code  Gb  ostimers.o [5]
xTimerCreateTimerTask   0x0800f619    0x3a  Code  Gb  ostimers.o [5]
xTimerGenericCommand    0x0800f69f    0x52  Code  Gb  ostimers.o [5]
xTimerIsTimerActive     0x0800f985    0x1e  Code  Gb  ostimers.o [5]
xTimerQueue             0x2000a060     0x4  Data  Lc  ostimers.o [5]


[1] = C:\Users\wangeshen\Desktop\MXCHIP\MICO_20141106\MICO\Build\COM.MXCHIP.CLOUD\EMW3162\Obj
[2] = command line
[3] = dl7M_tlf.a
[4] = m7M_tl.a
[5] = mxchipWNet_cm3_sdio.a
[6] = rt7M_tl.a
[7] = shb_l.a

  163 892 bytes of readonly  code memory
    4 163 bytes of readonly  data memory
  127 786 bytes of readwrite data memory

Errors: none
Warnings: none
